14:23:30 0, 0 MiB 1, 0 MiB 
14:23:40 0, 0 MiB 1, 0 MiB 
14:23:50 0, 423 MiB 1, 0 MiB 
14:24:00 0, 423 MiB 1, 0 MiB 
14:24:11 0, 423 MiB 1, 0 MiB 
14:24:21 0, 423 MiB 1, 0 MiB 
14:24:31 0, 423 MiB 1, 0 MiB 
14:24:41 0, 423 MiB 1, 0 MiB 
14:24:51 0, 423 MiB 1, 0 MiB 
14:25:01 0, 423 MiB 1, 0 MiB 
14:25:11 0, 423 MiB 1, 0 MiB 
14:25:22 0, 7927 MiB 1, 0 MiB 
14:25:33 0, 8563 MiB 1, 0 MiB 
14:25:43 0, 9445 MiB 1, 0 MiB 
14:25:53 0, 9445 MiB 1, 0 MiB 
14:26:03 0, 11165 MiB 1, 0 MiB 
14:26:13 0, 7693 MiB 1, 0 MiB 
14:26:23 0, 7717 MiB 1, 0 MiB 
14:26:34 0, 7871 MiB 1, 0 MiB 
14:26:44 0, 7871 MiB 1, 0 MiB 
14:26:54 0, 7931 MiB 1, 0 MiB 
14:27:04 0, 7929 MiB 1, 0 MiB 
14:27:14 0, 7929 MiB 1, 0 MiB 
14:27:24 0, 7971 MiB 1, 0 MiB 
14:27:34 0, 8113 MiB 1, 0 MiB 
14:27:45 0, 8113 MiB 1, 0 MiB 
14:27:55 0, 8113 MiB 1, 0 MiB 
14:28:05 0, 8135 MiB 1, 0 MiB 
14:28:15 0, 8465 MiB 1, 0 MiB 
14:28:25 0, 9063 MiB 1, 0 MiB 
14:28:35 0, 0 MiB 1, 0 MiB 
14:28:45 0, 0 MiB 1, 0 MiB 
14:28:56 0, 0 MiB 1, 0 MiB 
14:29:06 0, 0 MiB 1, 0 MiB 
14:29:16 0, 4 MiB 1, 0 MiB 
14:29:26 0, 435 MiB 1, 0 MiB 
14:29:36 0, 435 MiB 1, 0 MiB 
14:29:46 0, 435 MiB 1, 0 MiB 
14:29:56 0, 435 MiB 1, 0 MiB 
14:30:06 0, 435 MiB 1, 0 MiB 
14:30:17 0, 435 MiB 1, 0 MiB 
14:30:27 0, 435 MiB 1, 0 MiB 
14:30:37 0, 435 MiB 1, 0 MiB 
14:30:47 0, 7685 MiB 1, 0 MiB 
14:30:57 0, 0 MiB 1, 0 MiB 
14:31:07 0, 0 MiB 1, 0 MiB 
14:31:17 0, 0 MiB 1, 0 MiB 
14:31:28 0, 0 MiB 1, 0 MiB 
14:31:38 0, 0 MiB 1, 0 MiB 
14:31:48 0, 0 MiB 1, 0 MiB 
14:31:58 0, 0 MiB 1, 0 MiB 
14:32:08 0, 4 MiB 1, 0 MiB 
14:32:18 0, 4 MiB 1, 0 MiB 
14:32:28 0, 435 MiB 1, 0 MiB 
14:32:39 0, 435 MiB 1, 0 MiB 
14:32:49 0, 435 MiB 1, 0 MiB 
14:32:59 0, 435 MiB 1, 0 MiB 
14:33:09 0, 435 MiB 1, 0 MiB 
14:33:19 0, 435 MiB 1, 0 MiB 
14:33:29 0, 435 MiB 1, 0 MiB 
14:33:39 0, 435 MiB 1, 0 MiB 
14:33:49 0, 7685 MiB 1, 0 MiB 
14:34:00 0, 0 MiB 1, 0 MiB 
14:34:10 0, 0 MiB 1, 0 MiB 
14:34:20 0, 423 MiB 1, 4 MiB 
14:34:30 0, 423 MiB 1, 4 MiB 
14:34:40 0, 423 MiB 1, 4 MiB 
14:34:50 0, 423 MiB 1, 4 MiB 
14:35:00 0, 423 MiB 1, 4 MiB 
14:35:11 0, 423 MiB 1, 4 MiB 
14:35:21 0, 423 MiB 1, 4 MiB 
14:35:31 0, 423 MiB 1, 4 MiB 
14:35:41 0, 423 MiB 1, 4 MiB 
14:35:51 0, 423 MiB 1, 4 MiB 
14:36:01 0, 423 MiB 1, 4 MiB 
14:36:11 0, 7697 MiB 1, 4 MiB 
14:36:22 0, 7697 MiB 1, 4 MiB 
14:36:32 0, 7871 MiB 1, 4 MiB 
14:36:42 0, 7871 MiB 1, 4 MiB 
14:36:52 0, 7931 MiB 1, 4 MiB 
14:37:02 0, 0 MiB 1, 0 MiB 
14:37:12 0, 0 MiB 1, 0 MiB 
14:37:22 0, 0 MiB 1, 0 MiB 
14:37:33 0, 4 MiB 1, 4 MiB 
14:37:43 0, 583 MiB 1, 4 MiB 
14:37:53 0, 4 MiB 1, 4 MiB 
14:38:03 0, 4 MiB 1, 4 MiB 
14:38:13 0, 0 MiB 1, 0 MiB 
14:38:23 0, 459 MiB 1, 4 MiB 
14:38:33 0, 0 MiB 1, 0 MiB 
14:38:44 0, 4 MiB 1, 4 MiB 
14:38:54 0, 4 MiB 1, 4 MiB 
14:39:04 0, 555 MiB 1, 4 MiB 
14:39:14 0, 4 MiB 1, 4 MiB 
14:39:24 0, 4 MiB 1, 4 MiB 
14:39:34 0, 571 MiB 1, 4 MiB 
14:39:45 0, 0 MiB 1, 0 MiB 
14:39:55 0, 475 MiB 1, 4 MiB 
14:40:05 0, 4 MiB 1, 4 MiB 
14:40:15 0, 475 MiB 1, 4 MiB 
14:40:25 0, 0 MiB 1, 0 MiB 
14:40:35 0, 0 MiB 1, 0 MiB 
14:40:45 0, 4 MiB 1, 0 MiB 
14:40:56 0, 4 MiB 1, 0 MiB 
14:41:06 0, 435 MiB 1, 0 MiB 
14:41:16 0, 435 MiB 1, 0 MiB 
14:41:26 0, 435 MiB 1, 0 MiB 
14:41:36 0, 435 MiB 1, 0 MiB 
14:41:46 0, 435 MiB 1, 0 MiB 
14:41:56 0, 435 MiB 1, 0 MiB 
14:42:07 0, 435 MiB 1, 0 MiB 
14:42:17 0, 435 MiB 1, 0 MiB 
14:42:27 0, 435 MiB 1, 0 MiB 
14:42:37 0, 435 MiB 1, 0 MiB 
14:42:47 0, 7709 MiB 1, 0 MiB 
14:42:57 0, 7709 MiB 1, 0 MiB 
14:43:07 0, 7883 MiB 1, 0 MiB 
14:43:18 0, 7943 MiB 1, 0 MiB 
14:43:28 0, 7943 MiB 1, 0 MiB 
14:43:38 0, 0 MiB 1, 0 MiB 
14:43:48 0, 4 MiB 1, 0 MiB 
14:43:58 0, 435 MiB 1, 0 MiB 
14:44:08 0, 435 MiB 1, 0 MiB 
14:44:18 0, 435 MiB 1, 0 MiB 
14:44:29 0, 435 MiB 1, 0 MiB 
14:44:39 0, 435 MiB 1, 0 MiB 
14:44:49 0, 435 MiB 1, 0 MiB 
14:44:59 0, 435 MiB 1, 0 MiB 
14:45:09 0, 435 MiB 1, 0 MiB 
14:45:19 0, 435 MiB 1, 0 MiB 
14:45:29 0, 435 MiB 1, 0 MiB 
14:45:40 0, 7709 MiB 1, 0 MiB 
14:45:50 0, 7709 MiB 1, 0 MiB 
14:46:00 0, 7883 MiB 1, 0 MiB 
14:46:10 0, 7933 MiB 1, 0 MiB 
14:46:20 0, 7943 MiB 1, 0 MiB 
14:46:30 0, 7943 MiB 1, 0 MiB 
14:46:40 0, 4 MiB 1, 0 MiB 
14:46:51 0, 4 MiB 1, 0 MiB 
14:47:01 0, 435 MiB 1, 0 MiB 
14:47:11 0, 435 MiB 1, 0 MiB 
14:47:21 0, 435 MiB 1, 0 MiB 
14:47:31 0, 435 MiB 1, 0 MiB 
14:47:41 0, 435 MiB 1, 0 MiB 
14:47:51 0, 435 MiB 1, 0 MiB 
14:48:01 0, 435 MiB 1, 0 MiB 
14:48:12 0, 435 MiB 1, 0 MiB 
14:48:22 0, 435 MiB 1, 0 MiB 
14:48:32 0, 7709 MiB 1, 0 MiB 
14:48:42 0, 7709 MiB 1, 0 MiB 
14:48:52 0, 7883 MiB 1, 0 MiB 
14:49:02 0, 7905 MiB 1, 0 MiB 
14:49:12 0, 7943 MiB 1, 0 MiB 
14:49:23 0, 7943 MiB 1, 0 MiB 
14:49:33 0, 0 MiB 1, 0 MiB 
14:49:43 0, 4 MiB 1, 0 MiB 
14:49:53 0, 4 MiB 1, 0 MiB 
14:50:03 0, 435 MiB 1, 0 MiB 
14:50:13 0, 435 MiB 1, 0 MiB 
14:50:23 0, 435 MiB 1, 0 MiB 
14:50:34 0, 435 MiB 1, 0 MiB 
14:50:44 0, 435 MiB 1, 0 MiB 
14:50:54 0, 435 MiB 1, 0 MiB 
14:51:04 0, 435 MiB 1, 0 MiB 
14:51:14 0, 435 MiB 1, 0 MiB 
14:51:24 0, 435 MiB 1, 0 MiB 
14:51:34 0, 7709 MiB 1, 0 MiB 
14:51:45 0, 7709 MiB 1, 0 MiB 
14:51:55 0, 7883 MiB 1, 0 MiB 
14:52:05 0, 7919 MiB 1, 0 MiB 
14:52:15 0, 7943 MiB 1, 0 MiB 
14:52:25 0, 7943 MiB 1, 0 MiB 
14:52:35 0, 7943 MiB 1, 0 MiB 
14:52:45 0, 7943 MiB 1, 0 MiB 
14:52:55 0, 0 MiB 1, 0 MiB 
14:53:06 0, 0 MiB 1, 0 MiB 
14:53:16 0, 0 MiB 1, 0 MiB 
14:53:26 0, 0 MiB 1, 0 MiB 
14:53:36 0, 0 MiB 1, 0 MiB 
14:53:46 0, 0 MiB 1, 0 MiB 
14:53:56 0, 0 MiB 1, 0 MiB 
14:54:06 0, 0 MiB 1, 0 MiB 
14:54:17 0, 0 MiB 1, 0 MiB 
14:54:27 0, 0 MiB 1, 0 MiB 
14:54:37 0, 0 MiB 1, 0 MiB 
14:54:47 0, 0 MiB 1, 0 MiB 
14:54:57 0, 0 MiB 1, 0 MiB 
14:55:07 0, 0 MiB 1, 0 MiB 
14:55:17 0, 423 MiB 1, 0 MiB 
14:55:28 0, 423 MiB 1, 0 MiB 
14:55:38 0, 423 MiB 1, 0 MiB 
14:55:48 0, 423 MiB 1, 0 MiB 
14:55:58 0, 423 MiB 1, 0 MiB 
14:56:08 0, 423 MiB 1, 0 MiB 
14:56:18 0, 423 MiB 1, 0 MiB 
14:56:28 0, 423 MiB 1, 0 MiB 
14:56:38 0, 7697 MiB 1, 0 MiB 
14:56:49 0, 7697 MiB 1, 0 MiB 
14:56:59 0, 7871 MiB 1, 0 MiB 
14:57:09 0, 7889 MiB 1, 0 MiB 
14:57:19 0, 7931 MiB 1, 0 MiB 
14:57:29 0, 0 MiB 1, 0 MiB 
14:57:39 0, 0 MiB 1, 0 MiB 
14:57:49 0, 0 MiB 1, 0 MiB 
14:58:00 0, 0 MiB 1, 0 MiB 
14:58:10 0, 0 MiB 1, 0 MiB 
14:58:20 0, 423 MiB 1, 0 MiB 
14:58:30 0, 423 MiB 1, 0 MiB 
14:58:40 0, 423 MiB 1, 0 MiB 
14:58:50 0, 423 MiB 1, 0 MiB 
14:59:00 0, 423 MiB 1, 0 MiB 
14:59:11 0, 423 MiB 1, 0 MiB 
14:59:21 0, 423 MiB 1, 0 MiB 
14:59:31 0, 423 MiB 1, 0 MiB 
14:59:41 0, 423 MiB 1, 0 MiB 
14:59:51 0, 423 MiB 1, 0 MiB 
15:00:01 0, 423 MiB 1, 0 MiB 
15:00:11 0, 7693 MiB 1, 0 MiB 
15:00:22 0, 7697 MiB 1, 0 MiB 
15:00:32 0, 7871 MiB 1, 0 MiB 
15:00:42 0, 7871 MiB 1, 0 MiB 
15:00:52 0, 7931 MiB 1, 0 MiB 
15:01:02 0, 7931 MiB 1, 0 MiB 
15:01:12 0, 0 MiB 1, 0 MiB 
15:01:22 0, 0 MiB 1, 0 MiB 
15:01:33 0, 4 MiB 1, 0 MiB 
15:01:43 0, 435 MiB 1, 0 MiB 
15:01:53 0, 435 MiB 1, 0 MiB 
15:02:03 0, 435 MiB 1, 0 MiB 
15:02:13 0, 435 MiB 1, 0 MiB 
15:02:23 0, 435 MiB 1, 0 MiB 
15:02:33 0, 435 MiB 1, 0 MiB 
15:02:44 0, 435 MiB 1, 0 MiB 
15:02:54 0, 435 MiB 1, 0 MiB 
15:03:04 0, 435 MiB 1, 0 MiB 
15:03:14 0, 7685 MiB 1, 0 MiB 
15:03:24 0, 7709 MiB 1, 0 MiB 
15:03:34 0, 7883 MiB 1, 0 MiB 
15:03:44 0, 7915 MiB 1, 0 MiB 
15:03:54 0, 7943 MiB 1, 0 MiB 
15:04:05 0, 7943 MiB 1, 0 MiB 
15:04:15 0, 4 MiB 1, 0 MiB 
15:04:25 0, 4 MiB 1, 0 MiB 
15:04:35 0, 435 MiB 1, 0 MiB 
15:04:45 0, 435 MiB 1, 0 MiB 
15:04:55 0, 435 MiB 1, 0 MiB 
15:05:05 0, 435 MiB 1, 0 MiB 
15:05:16 0, 435 MiB 1, 0 MiB 
15:05:26 0, 435 MiB 1, 0 MiB 
15:05:36 0, 435 MiB 1, 0 MiB 
15:05:46 0, 435 MiB 1, 0 MiB 
15:05:56 0, 7709 MiB 1, 0 MiB 
15:06:06 0, 7709 MiB 1, 0 MiB 
15:06:16 0, 7883 MiB 1, 0 MiB 
15:06:27 0, 7915 MiB 1, 0 MiB 
15:06:37 0, 7943 MiB 1, 0 MiB 
15:06:47 0, 8375 MiB 1, 0 MiB 
15:06:57 0, 8375 MiB 1, 0 MiB 
15:07:07 0, 8375 MiB 1, 0 MiB 
15:07:17 0, 8375 MiB 1, 0 MiB 
15:07:27 0, 435 MiB 1, 0 MiB 
15:07:37 0, 435 MiB 1, 0 MiB 
15:07:48 0, 435 MiB 1, 0 MiB 
15:07:58 0, 435 MiB 1, 0 MiB 
15:08:08 0, 435 MiB 1, 0 MiB 
15:08:18 0, 7705 MiB 1, 0 MiB 
15:08:28 0, 7709 MiB 1, 0 MiB 
15:08:38 0, 7883 MiB 1, 0 MiB 
15:08:48 0, 7915 MiB 1, 0 MiB 
15:08:59 0, 7943 MiB 1, 0 MiB 
15:09:09 0, 7943 MiB 1, 0 MiB 
15:09:19 0, 4 MiB 1, 0 MiB 
15:09:29 0, 4 MiB 1, 0 MiB 
15:09:39 0, 435 MiB 1, 0 MiB 
15:09:49 0, 435 MiB 1, 0 MiB 
15:09:59 0, 435 MiB 1, 0 MiB 
15:10:10 0, 435 MiB 1, 0 MiB 
15:10:20 0, 435 MiB 1, 0 MiB 
15:10:30 0, 435 MiB 1, 0 MiB 
15:10:40 0, 435 MiB 1, 0 MiB 
15:10:50 0, 435 MiB 1, 0 MiB 
15:11:00 0, 7709 MiB 1, 0 MiB 
15:11:10 0, 7709 MiB 1, 0 MiB 
15:11:21 0, 7883 MiB 1, 0 MiB 
15:11:31 0, 7915 MiB 1, 0 MiB 
15:11:41 0, 7943 MiB 1, 0 MiB 
15:11:51 0, 7943 MiB 1, 0 MiB 
15:12:01 0, 0 MiB 1, 0 MiB 
15:12:11 0, 4 MiB 1, 0 MiB 
15:12:21 0, 435 MiB 1, 0 MiB 
15:12:32 0, 435 MiB 1, 0 MiB 
15:12:42 0, 435 MiB 1, 0 MiB 
15:12:52 0, 435 MiB 1, 0 MiB 
15:13:02 0, 435 MiB 1, 0 MiB 
15:13:12 0, 435 MiB 1, 0 MiB 
15:13:22 0, 435 MiB 1, 0 MiB 
15:13:32 0, 435 MiB 1, 0 MiB 
15:13:43 0, 7585 MiB 1, 0 MiB 
15:13:53 0, 7709 MiB 1, 0 MiB 
15:14:03 0, 7709 MiB 1, 0 MiB 
15:14:13 0, 7883 MiB 1, 0 MiB 
15:14:23 0, 7915 MiB 1, 0 MiB 
15:14:33 0, 7943 MiB 1, 0 MiB 
15:14:43 0, 7943 MiB 1, 0 MiB 
15:14:53 0, 0 MiB 1, 0 MiB 
15:15:04 0, 4 MiB 1, 0 MiB 
15:15:14 0, 4 MiB 1, 0 MiB 
15:15:24 0, 435 MiB 1, 0 MiB 
15:15:34 0, 435 MiB 1, 0 MiB 
15:15:44 0, 435 MiB 1, 0 MiB 
15:15:54 0, 435 MiB 1, 0 MiB 
15:16:04 0, 435 MiB 1, 0 MiB 
15:16:15 0, 435 MiB 1, 0 MiB 
15:16:25 0, 435 MiB 1, 0 MiB 
15:16:35 0, 435 MiB 1, 0 MiB 
15:16:45 0, 7709 MiB 1, 0 MiB 
15:16:55 0, 7709 MiB 1, 0 MiB 
15:17:05 0, 7883 MiB 1, 0 MiB 
15:17:15 0, 7909 MiB 1, 0 MiB 
15:17:25 0, 0 MiB 1, 0 MiB 
15:17:36 0, 0 MiB 1, 0 MiB 
15:17:46 0, 4 MiB 1, 0 MiB 
15:17:56 0, 855 MiB 1, 0 MiB 
15:18:06 0, 855 MiB 1, 0 MiB 
15:18:16 0, 855 MiB 1, 0 MiB 
15:18:26 0, 855 MiB 1, 0 MiB 
15:18:37 0, 855 MiB 1, 0 MiB 
15:18:47 0, 855 MiB 1, 0 MiB 
15:18:57 0, 855 MiB 1, 0 MiB 
15:19:07 0, 855 MiB 1, 0 MiB 
15:19:17 0, 855 MiB 1, 0 MiB 
15:19:27 0, 855 MiB 1, 0 MiB 
15:19:38 0, 8129 MiB 1, 0 MiB 
15:19:48 0, 8129 MiB 1, 0 MiB 
15:19:58 0, 15553 MiB 1, 0 MiB 
15:20:08 0, 15627 MiB 1, 0 MiB 
15:20:18 0, 7883 MiB 1, 0 MiB 
15:20:28 0, 7883 MiB 1, 0 MiB 
15:20:38 0, 7943 MiB 1, 0 MiB 
15:20:48 0, 7943 MiB 1, 0 MiB 
15:20:59 0, 7943 MiB 1, 0 MiB 
15:21:09 0, 7943 MiB 1, 0 MiB 
15:21:19 0, 7943 MiB 1, 0 MiB 
15:21:29 0, 0 MiB 1, 0 MiB 
15:21:39 0, 0 MiB 1, 0 MiB 
15:21:49 0, 0 MiB 1, 0 MiB 
15:21:59 0, 0 MiB 1, 0 MiB 
15:22:10 0, 0 MiB 1, 0 MiB 
15:22:20 0, 0 MiB 1, 0 MiB 
15:22:30 0, 0 MiB 1, 0 MiB 
15:22:40 0, 0 MiB 1, 0 MiB 
15:22:50 0, 0 MiB 1, 0 MiB 
15:23:00 0, 0 MiB 1, 0 MiB 
15:23:10 0, 0 MiB 1, 0 MiB 
15:23:21 0, 0 MiB 1, 0 MiB 
15:23:31 0, 0 MiB 1, 0 MiB 
15:23:41 0, 0 MiB 1, 0 MiB 
15:23:51 0, 0 MiB 1, 0 MiB 
15:24:01 0, 0 MiB 1, 0 MiB 
15:24:11 0, 0 MiB 1, 0 MiB 
15:24:21 0, 0 MiB 1, 0 MiB 
15:24:31 0, 0 MiB 1, 0 MiB 
15:24:42 0, 0 MiB 1, 0 MiB 
15:24:52 0, 0 MiB 1, 0 MiB 
15:25:02 0, 0 MiB 1, 0 MiB 
15:25:12 0, 0 MiB 1, 0 MiB 
15:25:22 0, 0 MiB 1, 0 MiB 
15:25:32 0, 0 MiB 1, 0 MiB 
15:25:42 0, 0 MiB 1, 0 MiB 
15:25:53 0, 0 MiB 1, 0 MiB 
