/home/work/hyunmokchoi/openpi/.venv/lib/python3.11/site-packages/torch/cuda/__init__.py:61: FutureWarning: The pynvml package is deprecated. Please install nvidia-ml-py instead. If you did not install pynvml directly, please report this to the maintainers of the package that installed pynvml for you.
  import pynvml  # type: ignore[import]
GPU free at start    : 78.8 / 79.3 GiB
/home/work/hyunmokchoi/openpi/.venv/lib/python3.11/site-packages/torch/cuda/__init__.py:61: FutureWarning: The pynvml package is deprecated. Please install nvidia-ml-py instead. If you did not install pynvml directly, please report this to the maintainers of the package that installed pynvml for you.
  import pynvml  # type: ignore[import]
model load           : 81.2 s
robots               : 6, phases [0.0, 40.0, 85.0, 120.0, 190.0, 230.0]
compile mode         : max-autotune
warming compiled shapes (record pass included; sizes 1-2 are the slow ones)...
  B=1 warm in 60.4 s
  B=2 warm in 97.8 s
  B=3 warm in 10.3 s
  B=4 warm in 10.5 s
  B=5 warm in 10.9 s
  B=6 warm in 11.0 s
  B=7 warm in 11.1 s
  B=8 warm in 11.3 s
warm.

policy              done thru r/s   e2e mean   e2e p50   e2e p99   e2e max     miss
  serial: dry run (compiling) 2.9 s
serial           48/48      16.79      475.6     493.5     878.8     878.8    75.0%
    [batch] size= 1  obs     7.6 ms  gpu     54.1 ms
    [batch] size= 1  obs     4.9 ms  gpu     54.0 ms
    [batch] size= 2  obs     4.9 ms  gpu     99.4 ms
    [batch] size= 1  obs     4.9 ms  gpu     56.2 ms
    [batch] size= 2  obs     5.0 ms  gpu     99.3 ms
    [batch] size= 3  obs     6.0 ms  gpu    125.3 ms
    [batch] size= 3  obs     5.3 ms  gpu    125.4 ms
    [batch] size= 3  obs     5.5 ms  gpu    125.3 ms
    [batch] size= 3  obs     5.2 ms  gpu    125.3 ms
    [batch] size= 3  obs     5.6 ms  gpu    125.0 ms
    [batch] size= 4  obs     5.5 ms  gpu    164.0 ms
    [batch] size= 3  obs     5.5 ms  gpu    125.0 ms
    [batch] size= 4  obs     5.9 ms  gpu    163.4 ms
    [batch] size= 4  obs     5.6 ms  gpu    162.7 ms
    [batch] size= 3  obs     5.4 ms  gpu    125.8 ms
    [batch] size= 4  obs     5.8 ms  gpu    162.7 ms
    [batch] size= 4  obs     5.6 ms  gpu    162.6 ms
  batch: dry run (compiling) 2.2 s
    [batch] size= 1  obs     5.1 ms  gpu     56.1 ms
    [batch] size= 1  obs     4.8 ms  gpu     54.5 ms
    [batch] size= 2  obs     5.3 ms  gpu     99.3 ms
    [batch] size= 1  obs     5.1 ms  gpu     56.8 ms
    [batch] size= 2  obs     5.6 ms  gpu     99.3 ms
    [batch] size= 3  obs     5.7 ms  gpu    125.4 ms
    [batch] size= 3  obs     5.3 ms  gpu    125.9 ms
    [batch] size= 3  obs     5.7 ms  gpu    126.3 ms
    [batch] size= 3  obs     6.6 ms  gpu    126.4 ms
    [batch] size= 3  obs     5.4 ms  gpu    125.0 ms
    [batch] size= 4  obs     5.7 ms  gpu    163.8 ms
    [batch] size= 3  obs     6.6 ms  gpu    124.4 ms
    [batch] size= 4  obs     5.4 ms  gpu    162.7 ms
    [batch] size= 4  obs     5.9 ms  gpu    162.2 ms
    [batch] size= 3  obs     5.5 ms  gpu    124.7 ms
    [batch] size= 4  obs     5.9 ms  gpu    162.3 ms
    [batch] size= 4  obs     5.8 ms  gpu    161.9 ms
batch            48/48      22.30      206.8     212.6     317.6     317.6    22.9%
    [ring] per-tick cost, by in-flight count:
      n= 1  ticks=   2  merge    2.0 ms  denoise    3.5 ms
      n= 2  ticks=   1  merge    4.0 ms  denoise    5.1 ms
      n= 3  ticks=   2  merge    1.3 ms  denoise    5.2 ms
      n= 4  ticks=   6  merge    1.3 ms  denoise    5.7 ms
      n= 5  ticks=   2  merge    1.1 ms  denoise    6.1 ms
      n= 6  ticks=   1  merge    1.8 ms  denoise    6.7 ms
      n= 7  ticks=   2  merge    1.3 ms  denoise    7.7 ms
      n= 8  ticks=  52  merge    1.3 ms  denoise    8.0 ms
      prefill B= 1  n= 36     32.5 ms
      prefill B= 2  n=  6     58.5 ms
  continuous: dry run (compiling) 2.4 s
    [ring] per-tick cost, by in-flight count:
      n= 1  ticks=   2  merge    1.2 ms  denoise    3.0 ms
      n= 2  ticks=   2  merge    1.1 ms  denoise    4.8 ms
      n= 3  ticks=   2  merge    1.1 ms  denoise    5.2 ms
      n= 4  ticks=   6  merge    1.2 ms  denoise    5.7 ms
      n= 5  ticks=   2  merge    1.1 ms  denoise    6.0 ms
      n= 6  ticks=   2  merge    1.2 ms  denoise    6.5 ms
      n= 7  ticks=   2  merge    1.2 ms  denoise    7.4 ms
      n= 8  ticks=  51  merge    1.3 ms  denoise    8.0 ms
      prefill B= 1  n= 36     32.6 ms
      prefill B= 2  n=  6     58.5 ms
continuous       48/48      20.33      502.8     505.8     634.6     634.6   100.0%

wrote data/bench_scheduler.json
