/home/work/hyunmokchoi/openpi/.venv/lib/python3.11/site-packages/torch/cuda/__init__.py:61: FutureWarning: The pynvml package is deprecated. Please install nvidia-ml-py instead. If you did not install pynvml directly, please report this to the maintainers of the package that installed pynvml for you.
  import pynvml  # type: ignore[import]
GPU free at start    : 78.8 / 79.3 GiB
/home/work/hyunmokchoi/openpi/.venv/lib/python3.11/site-packages/torch/cuda/__init__.py:61: FutureWarning: The pynvml package is deprecated. Please install nvidia-ml-py instead. If you did not install pynvml directly, please report this to the maintainers of the package that installed pynvml for you.
  import pynvml  # type: ignore[import]
model load           : 100.7 s
weights              : 7.00 GiB

=== uncompiled (type(model).sample_actions) ===
  B  steps   mean ms   p99 ms  ms/robot  peak GiB
  1      1     144.8    156.9     144.8      7.12
  1     10     520.9    536.6     520.9      7.12
  2      1     168.0    172.0      84.0      7.26
  2     10     563.4    568.3     281.7      7.26
  4      1     219.5    223.3      54.9      7.55
  4     10     614.0    622.0     153.5      7.55
  8      1     325.8    339.2      40.7      8.11
  8     10     714.4    717.1      89.3      8.11
 16      1     541.9    543.5      33.9      9.24
 16     10     945.2    981.5      59.1      9.24

=== derived split (from steps=1 vs steps=10) ===
  B  prefill ms  ms/denoise  denoise tot  prefill %
  1       103.1        41.8        417.8      19.8%
  2       124.0        43.9        439.3      22.0%
  4       175.7        43.8        438.3      28.6%
  8       282.6        43.2        431.8      39.6%
 16       497.1        44.8        448.1      52.6%

=== compiled (max-autotune, the real serving path) ===
  B  compile s   mean ms   p99 ms  ms/robot
  1       34.8      56.5     57.4      56.5
  2       55.9      98.8    100.9      49.4
  4        0.3     162.6    163.5      40.6
  8        0.4     280.4    281.9      35.1

wrote data/bench_batch.json
GPU in use at end    : 8.8 / 79.3 GiB
