/home/work/hyunmokchoi/openpi/.venv/lib/python3.11/site-packages/torch/cuda/__init__.py:61: FutureWarning: The pynvml package is deprecated. Please install nvidia-ml-py instead. If you did not install pynvml directly, please report this to the maintainers of the package that installed pynvml for you.
  import pynvml  # type: ignore[import]
GPU free at start    : 78.4 / 79.3 GiB
/home/work/hyunmokchoi/openpi/.venv/lib/python3.11/site-packages/torch/cuda/__init__.py:61: FutureWarning: The pynvml package is deprecated. Please install nvidia-ml-py instead. If you did not install pynvml directly, please report this to the maintainers of the package that installed pynvml for you.
  import pynvml  # type: ignore[import]
model load           : 116.3 s
weights              : 14.28 GiB

=== uncompiled (type(model).sample_actions) ===
  B  steps   mean ms   p99 ms  ms/robot  peak GiB
  1      1     153.8    177.5     153.8      7.12
  1     10     543.5    602.2     543.5      7.12

=== derived split (from steps=1 vs steps=10) ===
  B  prefill ms  ms/denoise  denoise tot  prefill %
  1       110.5        43.3        432.9      20.3%

=== compiled (max-autotune, the real serving path) ===
  B  compile s   mean ms   p99 ms  ms/robot
  1       37.3      57.1     57.8      57.1
AUTOTUNE mm(1936x2048, 2048x16384)
  mm 0.5532 ms 100.0% 
  triton_mm_9478 0.5888 ms 94.0% ACC_TYPE='tl.float32', ALLOW_TF32=True, BLOCK_K=64, BLOCK_M=128, BLOCK_N=128, EVEN_K=True, GROUP_M=8, num_stages=3, num_warps=4
  triton_mm_9477 0.6110 ms 90.5% ACC_TYPE='tl.float32', ALLOW_TF32=True, BLOCK_K=32, BLOCK_M=128, BLOCK_N=128, EVEN_K=True, GROUP_M=8, num_stages=3, num_warps=4
  triton_mm_9472 0.6764 ms 81.8% ACC_TYPE='tl.float32', ALLOW_TF32=True, BLOCK_K=64, BLOCK_M=64, BLOCK_N=128, EVEN_K=True, GROUP_M=8, num_stages=3, num_warps=4
  triton_mm_9470 0.6868 ms 80.6% ACC_TYPE='tl.float32', ALLOW_TF32=True, BLOCK_K=32, BLOCK_M=64, BLOCK_N=128, EVEN_K=True, GROUP_M=8, num_stages=3, num_warps=4
  triton_mm_9474 0.7074 ms 78.2% ACC_TYPE='tl.float32', ALLOW_TF32=True, BLOCK_K=32, BLOCK_M=128, BLOCK_N=64, EVEN_K=True, GROUP_M=8, num_stages=3, num_warps=4
  triton_mm_9479 0.7729 ms 71.6% ACC_TYPE='tl.float32', ALLOW_TF32=True, BLOCK_K=64, BLOCK_M=128, BLOCK_N=128, EVEN_K=True, GROUP_M=8, num_stages=5, num_warps=8
  triton_mm_9471 0.7893 ms 70.1% ACC_TYPE='tl.float32', ALLOW_TF32=True, BLOCK_K=32, BLOCK_M=64, BLOCK_N=128, EVEN_K=True, GROUP_M=8, num_stages=4, num_warps=8
  triton_mm_9475 0.8436 ms 65.6% ACC_TYPE='tl.float32', ALLOW_TF32=True, BLOCK_K=32, BLOCK_M=128, BLOCK_N=64, EVEN_K=True, GROUP_M=8, num_stages=4, num_warps=8
  triton_mm_9473 0.8695 ms 63.6% ACC_TYPE='tl.float32', ALLOW_TF32=True, BLOCK_K=128, BLOCK_M=64, BLOCK_N=128, EVEN_K=True, GROUP_M=8, num_stages=4, num_warps=4
SingleProcess AUTOTUNE benchmarking takes 1.7481 seconds and 0.0005 seconds precompiling for 20 choices
AUTOTUNE mm(512x1152, 1152x4304)
  triton_mm_94 0.0564 ms 100.0% ACC_TYPE='tl.float32', ALLOW_TF32=True, BLOCK_K=64, BLOCK_M=64, BLOCK_N=128, EVEN_K=True, GROUP_M=8, num_stages=3, num_warps=4
  triton_mm_92 0.0584 ms 96.7% ACC_TYPE='tl.float32', ALLOW_TF32=True, BLOCK_K=32, BLOCK_M=64, BLOCK_N=128, EVEN_K=True, GROUP_M=8, num_stages=3, num_warps=4
  triton_mm_96 0.0590 ms 95.7% ACC_TYPE='tl.float32', ALLOW_TF32=True, BLOCK_K=32, BLOCK_M=128, BLOCK_N=64, EVEN_K=True, GROUP_M=8, num_stages=3, num_warps=4
  triton_mm_100 0.0600 ms 94.0% ACC_TYPE='tl.float32', ALLOW_TF32=True, BLOCK_K=64, BLOCK_M=128, BLOCK_N=128, EVEN_K=True, GROUP_M=8, num_stages=3, num_warps=4
  triton_mm_99 0.0601 ms 93.9% ACC_TYPE='tl.float32', ALLOW_TF32=True, BLOCK_K=32, BLOCK_M=128, BLOCK_N=128, EVEN_K=True, GROUP_M=8, num_stages=3, num_warps=4
  triton_mm_93 0.0610 ms 92.5% ACC_TYPE='tl.float32', ALLOW_TF32=True, BLOCK_K=32, BLOCK_M=64, BLOCK_N=128, EVEN_K=True, GROUP_M=8, num_stages=4, num_warps=8
  triton_mm_97 0.0612 ms 92.2% ACC_TYPE='tl.float32', ALLOW_TF32=True, BLOCK_K=32, BLOCK_M=128, BLOCK_N=64, EVEN_K=True, GROUP_M=8, num_stages=4, num_warps=8
  triton_mm_95 0.0620 ms 91.1% ACC_TYPE='tl.float32', ALLOW_TF32=True, BLOCK_K=128, BLOCK_M=64, BLOCK_N=128, EVEN_K=True, GROUP_M=8, num_stages=4, num_warps=4
  triton_mm_89 0.0658 ms 85.8% ACC_TYPE='tl.float32', ALLOW_TF32=True, BLOCK_K=32, BLOCK_M=64, BLOCK_N=64, EVEN_K=True, GROUP_M=8, num_stages=2, num_warps=4
  triton_mm_90 0.0669 ms 84.3% ACC_TYPE='tl.float32', ALLOW_TF32=True, BLOCK_K=64, BLOCK_M=64, BLOCK_N=64, EVEN_K=True, GROUP_M=8, num_stages=3, num_warps=8
SingleProcess AUTOTUNE benchmarking takes 0.5781 seconds and 0.0003 seconds precompiling for 20 choices
AUTOTUNE mm(1936x2048, 2048x2048)
  triton_mm_9434 0.0937 ms 100.0% ACC_TYPE='tl.float32', ALLOW_TF32=True, BLOCK_K=64, BLOCK_M=64, BLOCK_N=128, EVEN_K=True, GROUP_M=8, num_stages=3, num_warps=4
  triton_mm_9436 0.1006 ms 93.2% ACC_TYPE='tl.float32', ALLOW_TF32=True, BLOCK_K=32, BLOCK_M=128, BLOCK_N=64, EVEN_K=True, GROUP_M=8, num_stages=3, num_warps=4
  triton_mm_9440 0.1006 ms 93.1% ACC_TYPE='tl.float32', ALLOW_TF32=True, BLOCK_K=64, BLOCK_M=128, BLOCK_N=128, EVEN_K=True, GROUP_M=8, num_stages=3, num_warps=4
  triton_mm_9439 0.1040 ms 90.1% ACC_TYPE='tl.float32', ALLOW_TF32=True, BLOCK_K=32, BLOCK_M=128, BLOCK_N=128, EVEN_K=True, GROUP_M=8, num_stages=3, num_warps=4
  triton_mm_9432 0.1115 ms 84.0% ACC_TYPE='tl.float32', ALLOW_TF32=True, BLOCK_K=32, BLOCK_M=64, BLOCK_N=128, EVEN_K=True, GROUP_M=8, num_stages=3, num_warps=4
  triton_mm_9433 0.1119 ms 83.7% ACC_TYPE='tl.float32', ALLOW_TF32=True, BLOCK_K=32, BLOCK_M=64, BLOCK_N=128, EVEN_K=True, GROUP_M=8, num_stages=4, num_warps=8
  mm 0.1136 ms 82.5% 
  triton_mm_9437 0.1136 ms 82.5% ACC_TYPE='tl.float32', ALLOW_TF32=True, BLOCK_K=32, BLOCK_M=128, BLOCK_N=64, EVEN_K=True, GROUP_M=8, num_stages=4, num_warps=8
  triton_mm_9435 0.1165 ms 80.4% ACC_TYPE='tl.float32', ALLOW_TF32=True, BLOCK_K=128, BLOCK_M=64, BLOCK_N=128, EVEN_K=True, GROUP_M=8, num_stages=4, num_warps=4
  triton_mm_9441 0.1196 ms 78.3% ACC_TYPE='tl.float32', ALLOW_TF32=True, BLOCK_K=64, BLOCK_M=128, BLOCK_N=128, EVEN_K=True, GROUP_M=8, num_stages=5, num_warps=8
SingleProcess AUTOTUNE benchmarking takes 0.7180 seconds and 0.0003 seconds precompiling for 20 choices
AUTOTUNE mm(512x1152, 1152x1152)
  triton_mm_76 0.0512 ms 100.0% ACC_TYPE='tl.float32', ALLOW_TF32=True, BLOCK_K=128, BLOCK_M=64, BLOCK_N=128, EVEN_K=True, GROUP_M=8, num_stages=4, num_warps=4
  triton_mm_78 0.0532 ms 96.2% ACC_TYPE='tl.float32', ALLOW_TF32=True, BLOCK_K=32, BLOCK_M=128, BLOCK_N=64, EVEN_K=True, GROUP_M=8, num_stages=4, num_warps=8
  triton_mm_71 0.0534 ms 95.8% ACC_TYPE='tl.float32', ALLOW_TF32=True, BLOCK_K=64, BLOCK_M=64, BLOCK_N=64, EVEN_K=True, GROUP_M=8, num_stages=3, num_warps=8
  triton_mm_74 0.0543 ms 94.2% ACC_TYPE='tl.float32', ALLOW_TF32=True, BLOCK_K=32, BLOCK_M=64, BLOCK_N=128, EVEN_K=True, GROUP_M=8, num_stages=4, num_warps=8
  triton_mm_77 0.0546 ms 93.7% ACC_TYPE='tl.float32', ALLOW_TF32=True, BLOCK_K=32, BLOCK_M=128, BLOCK_N=64, EVEN_K=True, GROUP_M=8, num_stages=3, num_warps=4
  triton_mm_82 0.0556 ms 92.1% ACC_TYPE='tl.float32', ALLOW_TF32=True, BLOCK_K=64, BLOCK_M=128, BLOCK_N=128, EVEN_K=True, GROUP_M=8, num_stages=5, num_warps=8
  triton_mm_67 0.0557 ms 91.8% ACC_TYPE='tl.float32', ALLOW_TF32=True, BLOCK_K=32, BLOCK_M=64, BLOCK_N=32, EVEN_K=True, GROUP_M=8, num_stages=5, num_warps=8
  triton_mm_75 0.0562 ms 91.0% ACC_TYPE='tl.float32', ALLOW_TF32=True, BLOCK_K=64, BLOCK_M=64, BLOCK_N=128, EVEN_K=True, GROUP_M=8, num_stages=3, num_warps=4
  triton_mm_66 0.0564 ms 90.7% ACC_TYPE='tl.float32', ALLOW_TF32=True, BLOCK_K=32, BLOCK_M=32, BLOCK_N=64, EVEN_K=True, GROUP_M=8, num_stages=5, num_warps=8
  triton_mm_80 0.0566 ms 90.3% ACC_TYPE='tl.float32', ALLOW_TF32=True, BLOCK_K=32, BLOCK_M=128, BLOCK_N=128, EVEN_K=True, GROUP_M=8, num_stages=3, num_warps=4
SingleProcess AUTOTUNE benchmarking takes 0.7588 seconds and 0.0004 seconds precompiling for 20 choices
AUTOTUNE convolution(2x3x224x224, 1152x3x14x14)
  convolution 0.1809 ms 100.0% 
  triton_convolution2d_4 0.2139 ms 84.5% ALLOW_TF32=True, BLOCK_K=16, BLOCK_M=64, BLOCK_N=64, GROUPS=1, KERNEL_H=14, KERNEL_W=14, PADDING_H=0, PADDING_W=0, STRIDE_H=14, STRIDE_W=14, UNROLL=False, num_stages=2, num_warps=4
  triton_convolution2d_5 0.2950 ms 61.3% ALLOW_TF32=True, BLOCK_K=16, BLOCK_M=64, BLOCK_N=256, GROUPS=1, KERNEL_H=14, KERNEL_W=14, PADDING_H=0, PADDING_W=0, STRIDE_H=14, STRIDE_W=14, UNROLL=False, num_stages=2, num_warps=8
  triton_convolution2d_3 0.2986 ms 60.6% ALLOW_TF32=True, BLOCK_K=16, BLOCK_M=128, BLOCK_N=128, GROUPS=1, KERNEL_H=14, KERNEL_W=14, PADDING_H=0, PADDING_W=0, STRIDE_H=14, STRIDE_W=14, UNROLL=False, num_stages=2, num_warps=8
  triton_convolution2d_6 0.3053 ms 59.2% ALLOW_TF32=True, BLOCK_K=16, BLOCK_M=256, BLOCK_N=64, GROUPS=1, KERNEL_H=14, KERNEL_W=14, PADDING_H=0, PADDING_W=0, STRIDE_H=14, STRIDE_W=14, UNROLL=False, num_stages=2, num_warps=8
  triton_convolution2d_0 0.3367 ms 53.7% ALLOW_TF32=True, BLOCK_K=16, BLOCK_M=64, BLOCK_N=256, GROUPS=1, KERNEL_H=14, KERNEL_W=14, PADDING_H=0, PADDING_W=0, STRIDE_H=14, STRIDE_W=14, UNROLL=False, num_stages=2, num_warps=4
  triton_convolution2d_2 0.4984 ms 36.3% ALLOW_TF32=True, BLOCK_K=16, BLOCK_M=1024, BLOCK_N=16, GROUPS=1, KERNEL_H=14, KERNEL_W=14, PADDING_H=0, PADDING_W=0, STRIDE_H=14, STRIDE_W=14, UNROLL=False, num_stages=1, num_warps=8
  triton_convolution2d_1 0.8977 ms 20.1% ALLOW_TF32=True, BLOCK_K=16, BLOCK_M=256, BLOCK_N=64, GROUPS=1, KERNEL_H=14, KERNEL_W=14, PADDING_H=0, PADDING_W=0, STRIDE_H=14, STRIDE_W=14, UNROLL=False, num_stages=2, num_warps=4
SingleProcess AUTOTUNE benchmarking takes 0.4271 seconds and 0.0003 seconds precompiling for 8 choices
AUTOTUNE mm(512x4304, 4304x1152)
  triton_mm_114 0.0794 ms 100.0% ACC_TYPE='tl.float32', ALLOW_TF32=True, BLOCK_K=128, BLOCK_M=64, BLOCK_N=128, EVEN_K=False, GROUP_M=8, num_stages=4, num_warps=4
  triton_mm_113 0.0865 ms 91.8% ACC_TYPE='tl.float32', ALLOW_TF32=True, BLOCK_K=64, BLOCK_M=64, BLOCK_N=128, EVEN_K=False, GROUP_M=8, num_stages=3, num_warps=4
  triton_mm_109 0.0887 ms 89.5% ACC_TYPE='tl.float32', ALLOW_TF32=True, BLOCK_K=64, BLOCK_M=64, BLOCK_N=64, EVEN_K=False, GROUP_M=8, num_stages=3, num_warps=8
  triton_mm_112 0.0891 ms 89.1% ACC_TYPE='tl.float32', ALLOW_TF32=True, BLOCK_K=32, BLOCK_M=64, BLOCK_N=128, EVEN_K=False, GROUP_M=8, num_stages=4, num_warps=8
  triton_mm_116 0.0903 ms 87.9% ACC_TYPE='tl.float32', ALLOW_TF32=True, BLOCK_K=32, BLOCK_M=128, BLOCK_N=64, EVEN_K=False, GROUP_M=8, num_stages=4, num_warps=8
  triton_mm_110 0.0952 ms 83.4% ACC_TYPE='tl.float32', ALLOW_TF32=True, BLOCK_K=128, BLOCK_M=64, BLOCK_N=64, EVEN_K=False, GROUP_M=8, num_stages=5, num_warps=4
  triton_mm_106 0.0978 ms 81.2% ACC_TYPE='tl.float32', ALLOW_TF32=True, BLOCK_K=128, BLOCK_M=64, BLOCK_N=32, EVEN_K=False, GROUP_M=8, num_stages=5, num_warps=4
  mm 0.0987 ms 80.5% 
  triton_mm_120 0.1017 ms 78.0% ACC_TYPE='tl.float32', ALLOW_TF32=True, BLOCK_K=64, BLOCK_M=128, BLOCK_N=128, EVEN_K=False, GROUP_M=8, num_stages=5, num_warps=8
  triton_mm_111 0.1040 ms 76.4% ACC_TYPE='tl.float32', ALLOW_TF32=True, BLOCK_K=32, BLOCK_M=64, BLOCK_N=128, EVEN_K=False, GROUP_M=8, num_stages=3, num_warps=4
SingleProcess AUTOTUNE benchmarking takes 0.8204 seconds and 0.0004 seconds precompiling for 20 choices
AUTOTUNE addmm(512x2048, 512x1152, 1152x2048)
  triton_mm_9265 0.0553 ms 100.0% ACC_TYPE='tl.float32', ALLOW_TF32=True, BLOCK_K=32, BLOCK_M=64, BLOCK_N=128, EVEN_K=True, GROUP_M=8, num_stages=4, num_warps=8
  triton_mm_9273 0.0566 ms 97.6% ACC_TYPE='tl.float32', ALLOW_TF32=True, BLOCK_K=64, BLOCK_M=128, BLOCK_N=128, EVEN_K=True, GROUP_M=8, num_stages=5, num_warps=8
  triton_mm_9266 0.0567 ms 97.5% ACC_TYPE='tl.float32', ALLOW_TF32=True, BLOCK_K=64, BLOCK_M=64, BLOCK_N=128, EVEN_K=True, GROUP_M=8, num_stages=3, num_warps=4
  triton_mm_9264 0.0574 ms 96.3% ACC_TYPE='tl.float32', ALLOW_TF32=True, BLOCK_K=32, BLOCK_M=64, BLOCK_N=128, EVEN_K=True, GROUP_M=8, num_stages=3, num_warps=4
  triton_mm_9262 0.0582 ms 95.0% ACC_TYPE='tl.float32', ALLOW_TF32=True, BLOCK_K=64, BLOCK_M=64, BLOCK_N=64, EVEN_K=True, GROUP_M=8, num_stages=3, num_warps=8
  triton_mm_9271 0.0583 ms 94.8% ACC_TYPE='tl.float32', ALLOW_TF32=True, BLOCK_K=32, BLOCK_M=128, BLOCK_N=128, EVEN_K=True, GROUP_M=8, num_stages=3, num_warps=4
  triton_mm_9267 0.0596 ms 92.7% ACC_TYPE='tl.float32', ALLOW_TF32=True, BLOCK_K=128, BLOCK_M=64, BLOCK_N=128, EVEN_K=True, GROUP_M=8, num_stages=4, num_warps=4
  triton_mm_9269 0.0598 ms 92.5% ACC_TYPE='tl.float32', ALLOW_TF32=True, BLOCK_K=32, BLOCK_M=128, BLOCK_N=64, EVEN_K=True, GROUP_M=8, num_stages=4, num_warps=8
  triton_mm_9268 0.0602 ms 91.9% ACC_TYPE='tl.float32', ALLOW_TF32=True, BLOCK_K=32, BLOCK_M=128, BLOCK_N=64, EVEN_K=True, GROUP_M=8, num_stages=3, num_warps=4
  triton_mm_9263 0.0602 ms 91.8% ACC_TYPE='tl.float32', ALLOW_TF32=True, BLOCK_K=128, BLOCK_M=64, BLOCK_N=64, EVEN_K=True, GROUP_M=8, num_stages=5, num_warps=4
SingleProcess AUTOTUNE benchmarking takes 0.8055 seconds and 0.0004 seconds precompiling for 21 choices
AUTOTUNE bmm(2x128x1, 2x1x968)
  triton_bmm_9337 0.0502 ms 100.0% ACC_TYPE='tl.float32', ALLOW_TF32=True, BLOCK_K=16, BLOCK_M=64, BLOCK_N=64, EVEN_K=False, GROUP_M=8, num_stages=3, num_warps=8
  triton_bmm_9339 0.0505 ms 99.6% ACC_TYPE='tl.float32', ALLOW_TF32=True, BLOCK_K=16, BLOCK_M=64, BLOCK_N=128, EVEN_K=False, GROUP_M=8, num_stages=3, num_warps=4
  triton_bmm_9333 0.0514 ms 97.8% ACC_TYPE='tl.float32', ALLOW_TF32=True, BLOCK_K=16, BLOCK_M=32, BLOCK_N=64, EVEN_K=False, GROUP_M=8, num_stages=5, num_warps=8
  triton_bmm_9334 0.0518 ms 96.9% ACC_TYPE='tl.float32', ALLOW_TF32=True, BLOCK_K=16, BLOCK_M=64, BLOCK_N=32, EVEN_K=False, GROUP_M=8, num_stages=5, num_warps=8
  triton_bmm_9335 0.0519 ms 96.7% ACC_TYPE='tl.float32', ALLOW_TF32=True, BLOCK_K=16, BLOCK_M=64, BLOCK_N=32, EVEN_K=False, GROUP_M=8, num_stages=5, num_warps=4
  triton_bmm_9336 0.0525 ms 95.7% ACC_TYPE='tl.float32', ALLOW_TF32=True, BLOCK_K=16, BLOCK_M=64, BLOCK_N=64, EVEN_K=False, GROUP_M=8, num_stages=2, num_warps=4
  triton_bmm_9332 0.0526 ms 95.6% ACC_TYPE='tl.float32', ALLOW_TF32=True, BLOCK_K=16, BLOCK_M=32, BLOCK_N=32, EVEN_K=False, GROUP_M=8, num_stages=2, num_warps=4
  triton_bmm_9331 0.0528 ms 95.2% ACC_TYPE='tl.float32', ALLOW_TF32=True, BLOCK_K=16, BLOCK_M=32, BLOCK_N=32, EVEN_K=False, GROUP_M=8, num_stages=1, num_warps=2
  triton_bmm_9340 0.0533 ms 94.3% ACC_TYPE='tl.float32', ALLOW_TF32=True, BLOCK_K=16, BLOCK_M=64, BLOCK_N=128, EVEN_K=False, GROUP_M=8, num_stages=4, num_warps=8
  triton_bmm_9342 0.0536 ms 93.7% ACC_TYPE='tl.float32', ALLOW_TF32=True, BLOCK_K=16, BLOCK_M=128, BLOCK_N=64, EVEN_K=False, GROUP_M=8, num_stages=3, num_warps=4
SingleProcess AUTOTUNE benchmarking takes 0.6510 seconds and 0.0003 seconds precompiling for 17 choices
AUTOTUNE mm(1936x2048, 2048x256)
  triton_mm_9361 0.0511 ms 100.0% ACC_TYPE='tl.float32', ALLOW_TF32=True, BLOCK_K=32, BLOCK_M=128, BLOCK_N=64, EVEN_K=True, GROUP_M=8, num_stages=4, num_warps=8
  triton_mm_9358 0.0559 ms 91.4% ACC_TYPE='tl.float32', ALLOW_TF32=True, BLOCK_K=64, BLOCK_M=64, BLOCK_N=128, EVEN_K=True, GROUP_M=8, num_stages=3, num_warps=4
  triton_mm_9359 0.0560 ms 91.3% ACC_TYPE='tl.float32', ALLOW_TF32=True, BLOCK_K=128, BLOCK_M=64, BLOCK_N=128, EVEN_K=True, GROUP_M=8, num_stages=4, num_warps=4
  triton_mm_9357 0.0601 ms 85.1% ACC_TYPE='tl.float32', ALLOW_TF32=True, BLOCK_K=32, BLOCK_M=64, BLOCK_N=128, EVEN_K=True, GROUP_M=8, num_stages=4, num_warps=8
  triton_mm_9354 0.0605 ms 84.5% ACC_TYPE='tl.float32', ALLOW_TF32=True, BLOCK_K=64, BLOCK_M=64, BLOCK_N=64, EVEN_K=True, GROUP_M=8, num_stages=3, num_warps=8
  triton_mm_9355 0.0605 ms 84.4% ACC_TYPE='tl.float32', ALLOW_TF32=True, BLOCK_K=128, BLOCK_M=64, BLOCK_N=64, EVEN_K=True, GROUP_M=8, num_stages=5, num_warps=4
  triton_mm_9348 0.0624 ms 81.9% ACC_TYPE='tl.float32', ALLOW_TF32=True, BLOCK_K=128, BLOCK_M=32, BLOCK_N=32, EVEN_K=True, GROUP_M=8, num_stages=2, num_warps=4
  triton_mm_9351 0.0651 ms 78.5% ACC_TYPE='tl.float32', ALLOW_TF32=True, BLOCK_K=128, BLOCK_M=64, BLOCK_N=32, EVEN_K=True, GROUP_M=8, num_stages=5, num_warps=4
  triton_mm_9364 0.0663 ms 77.0% ACC_TYPE='tl.float32', ALLOW_TF32=True, BLOCK_K=64, BLOCK_M=128, BLOCK_N=128, EVEN_K=True, GROUP_M=8, num_stages=3, num_warps=4
  triton_mm_9365 0.0665 ms 76.9% ACC_TYPE='tl.float32', ALLOW_TF32=True, BLOCK_K=64, BLOCK_M=128, BLOCK_N=128, EVEN_K=True, GROUP_M=8, num_stages=5, num_warps=8
SingleProcess AUTOTUNE benchmarking takes 0.7784 seconds and 0.0004 seconds precompiling for 20 choices
AUTOTUNE bmm(16x968x256, 16x256x968)
  triton_bmm_9382 0.0869 ms 100.0% ACC_TYPE='tl.float32', ALLOW_TF32=True, BLOCK_K=32, BLOCK_M=128, BLOCK_N=128, EVEN_K=True, GROUP_M=8, num_stages=3, num_warps=4
  triton_bmm_9383 0.0871 ms 99.8% ACC_TYPE='tl.float32', ALLOW_TF32=True, BLOCK_K=64, BLOCK_M=128, BLOCK_N=128, EVEN_K=True, GROUP_M=8, num_stages=3, num_warps=4
  triton_bmm_9379 0.0921 ms 94.4% ACC_TYPE='tl.float32', ALLOW_TF32=True, BLOCK_K=32, BLOCK_M=128, BLOCK_N=64, EVEN_K=True, GROUP_M=8, num_stages=3, num_warps=4
  triton_bmm_9377 0.0971 ms 89.6% ACC_TYPE='tl.float32', ALLOW_TF32=True, BLOCK_K=64, BLOCK_M=64, BLOCK_N=128, EVEN_K=True, GROUP_M=8, num_stages=3, num_warps=4
  triton_bmm_9375 0.0980 ms 88.7% ACC_TYPE='tl.float32', ALLOW_TF32=True, BLOCK_K=32, BLOCK_M=64, BLOCK_N=128, EVEN_K=True, GROUP_M=8, num_stages=3, num_warps=4
  triton_bmm_9376 0.0997 ms 87.2% ACC_TYPE='tl.float32', ALLOW_TF32=True, BLOCK_K=32, BLOCK_M=64, BLOCK_N=128, EVEN_K=True, GROUP_M=8, num_stages=4, num_warps=8
  triton_bmm_9380 0.1007 ms 86.4% ACC_TYPE='tl.float32', ALLOW_TF32=True, BLOCK_K=32, BLOCK_M=128, BLOCK_N=64, EVEN_K=True, GROUP_M=8, num_stages=4, num_warps=8
  triton_bmm_9384 0.1011 ms 86.0% ACC_TYPE='tl.float32', ALLOW_TF32=True, BLOCK_K=64, BLOCK_M=128, BLOCK_N=128, EVEN_K=True, GROUP_M=8, num_stages=5, num_warps=8
  triton_bmm_9373 0.1016 ms 85.6% ACC_TYPE='tl.float32', ALLOW_TF32=True, BLOCK_K=64, BLOCK_M=64, BLOCK_N=64, EVEN_K=True, GROUP_M=8, num_stages=3, num_warps=8
  triton_bmm_9381 0.1018 ms 85.4% ACC_TYPE='tl.float32', ALLOW_TF32=True, BLOCK_K=32, BLOCK_M=128, BLOCK_N=128, EVEN_K=True, GROUP_M=8, num_stages=2, num_warps=8
SingleProcess AUTOTUNE benchmarking takes 0.8076 seconds and 0.0004 seconds precompiling for 20 choices
AUTOTUNE bmm(16x968x968, 16x968x256)
  triton_bmm_9413 0.0682 ms 100.0% ACC_TYPE='tl.float32', ALLOW_TF32=True, BLOCK_K=32, BLOCK_M=64, BLOCK_N=128, EVEN_K=False, GROUP_M=8, num_stages=3, num_warps=4
  triton_bmm_9420 0.0734 ms 92.9% ACC_TYPE='tl.float32', ALLOW_TF32=True, BLOCK_K=32, BLOCK_M=128, BLOCK_N=128, EVEN_K=False, GROUP_M=8, num_stages=3, num_warps=4
  triton_bmm_9421 0.0738 ms 92.4% ACC_TYPE='tl.float32', ALLOW_TF32=True, BLOCK_K=64, BLOCK_M=128, BLOCK_N=128, EVEN_K=False, GROUP_M=8, num_stages=3, num_warps=4
  triton_bmm_9414 0.0743 ms 91.8% ACC_TYPE='tl.float32', ALLOW_TF32=True, BLOCK_K=32, BLOCK_M=64, BLOCK_N=128, EVEN_K=False, GROUP_M=8, num_stages=4, num_warps=8
  triton_bmm_9415 0.0748 ms 91.1% ACC_TYPE='tl.float32', ALLOW_TF32=True, BLOCK_K=64, BLOCK_M=64, BLOCK_N=128, EVEN_K=False, GROUP_M=8, num_stages=3, num_warps=4
  triton_bmm_9417 0.0757 ms 90.1% ACC_TYPE='tl.float32', ALLOW_TF32=True, BLOCK_K=32, BLOCK_M=128, BLOCK_N=64, EVEN_K=False, GROUP_M=8, num_stages=3, num_warps=4
  triton_bmm_9422 0.0769 ms 88.7% ACC_TYPE='tl.float32', ALLOW_TF32=True, BLOCK_K=64, BLOCK_M=128, BLOCK_N=128, EVEN_K=False, GROUP_M=8, num_stages=5, num_warps=8
  triton_bmm_9418 0.0772 ms 88.3% ACC_TYPE='tl.float32', ALLOW_TF32=True, BLOCK_K=32, BLOCK_M=128, BLOCK_N=64, EVEN_K=False, GROUP_M=8, num_stages=4, num_warps=8
  triton_bmm_9416 0.0773 ms 88.2% ACC_TYPE='tl.float32', ALLOW_TF32=True, BLOCK_K=128, BLOCK_M=64, BLOCK_N=128, EVEN_K=False, GROUP_M=8, num_stages=4, num_warps=4
  triton_bmm_9411 0.0833 ms 81.9% ACC_TYPE='tl.float32', ALLOW_TF32=True, BLOCK_K=64, BLOCK_M=64, BLOCK_N=64, EVEN_K=False, GROUP_M=8, num_stages=3, num_warps=8
SingleProcess AUTOTUNE benchmarking takes 0.6156 seconds and 0.0003 seconds precompiling for 20 choices
AUTOTUNE mm(1936x16384, 16384x2048)
  mm 0.5553 ms 100.0% 
  triton_mm_9491 0.7293 ms 76.1% ACC_TYPE='tl.float32', ALLOW_TF32=True, BLOCK_K=64, BLOCK_M=64, BLOCK_N=128, EVEN_K=True, GROUP_M=8, num_stages=3, num_warps=4
  triton_mm_9497 0.7400 ms 75.0% ACC_TYPE='tl.float32', ALLOW_TF32=True, BLOCK_K=64, BLOCK_M=128, BLOCK_N=128, EVEN_K=True, GROUP_M=8, num_stages=3, num_warps=4
  triton_mm_9496 0.7812 ms 71.1% ACC_TYPE='tl.float32', ALLOW_TF32=True, BLOCK_K=32, BLOCK_M=128, BLOCK_N=128, EVEN_K=True, GROUP_M=8, num_stages=3, num_warps=4
  triton_mm_9493 0.8154 ms 68.1% ACC_TYPE='tl.float32', ALLOW_TF32=True, BLOCK_K=32, BLOCK_M=128, BLOCK_N=64, EVEN_K=True, GROUP_M=8, num_stages=3, num_warps=4
  triton_mm_9492 0.8324 ms 66.7% ACC_TYPE='tl.float32', ALLOW_TF32=True, BLOCK_K=128, BLOCK_M=64, BLOCK_N=128, EVEN_K=True, GROUP_M=8, num_stages=4, num_warps=4
  triton_mm_9490 0.8544 ms 65.0% ACC_TYPE='tl.float32', ALLOW_TF32=True, BLOCK_K=32, BLOCK_M=64, BLOCK_N=128, EVEN_K=True, GROUP_M=8, num_stages=4, num_warps=8
  triton_mm_9498 0.8570 ms 64.8% ACC_TYPE='tl.float32', ALLOW_TF32=True, BLOCK_K=64, BLOCK_M=128, BLOCK_N=128, EVEN_K=True, GROUP_M=8, num_stages=5, num_warps=8
  triton_mm_9489 0.8659 ms 64.1% ACC_TYPE='tl.float32', ALLOW_TF32=True, BLOCK_K=32, BLOCK_M=64, BLOCK_N=128, EVEN_K=True, GROUP_M=8, num_stages=3, num_warps=4
  triton_mm_9494 0.8874 ms 62.6% ACC_TYPE='tl.float32', ALLOW_TF32=True, BLOCK_K=32, BLOCK_M=128, BLOCK_N=64, EVEN_K=True, GROUP_M=8, num_stages=4, num_warps=8
SingleProcess AUTOTUNE benchmarking takes 1.0529 seconds and 0.0003 seconds precompiling for 20 choices
AUTOTUNE mm(20x1024, 1024x4096)
  triton_mm_13089 0.0144 ms 100.0% ACC_TYPE='tl.float32', ALLOW_TF32=True, BLOCK_K=128, BLOCK_M=32, BLOCK_N=64, EVEN_K=True, GROUP_M=8, num_stages=5, num_warps=4
  triton_mm_13093 0.0153 ms 93.9% ACC_TYPE='tl.float32', ALLOW_TF32=True, BLOCK_K=128, BLOCK_M=32, BLOCK_N=128, EVEN_K=True, GROUP_M=8, num_stages=4, num_warps=4
  triton_mm_13085 0.0160 ms 89.6% ACC_TYPE='tl.float32', ALLOW_TF32=True, BLOCK_K=128, BLOCK_M=32, BLOCK_N=32, EVEN_K=True, GROUP_M=8, num_stages=5, num_warps=4
  mm 0.0164 ms 87.9% 
  triton_mm_13097 0.0166 ms 86.5% ACC_TYPE='tl.float32', ALLOW_TF32=True, BLOCK_K=64, BLOCK_M=32, BLOCK_N=128, EVEN_K=True, GROUP_M=8, num_stages=5, num_warps=8
  triton_mm_13088 0.0174 ms 82.5% ACC_TYPE='tl.float32', ALLOW_TF32=True, BLOCK_K=64, BLOCK_M=32, BLOCK_N=64, EVEN_K=True, GROUP_M=8, num_stages=3, num_warps=8
  triton_mm_13083 0.0180 ms 79.8% ACC_TYPE='tl.float32', ALLOW_TF32=True, BLOCK_K=32, BLOCK_M=32, BLOCK_N=64, EVEN_K=True, GROUP_M=8, num_stages=5, num_warps=8
  triton_mm_13092 0.0181 ms 79.3% ACC_TYPE='tl.float32', ALLOW_TF32=True, BLOCK_K=64, BLOCK_M=32, BLOCK_N=128, EVEN_K=True, GROUP_M=8, num_stages=3, num_warps=4
  triton_mm_13082 0.0185 ms 77.7% ACC_TYPE='tl.float32', ALLOW_TF32=True, BLOCK_K=128, BLOCK_M=32, BLOCK_N=32, EVEN_K=True, GROUP_M=8, num_stages=2, num_warps=4
  triton_mm_13084 0.0190 ms 75.5% ACC_TYPE='tl.float32', ALLOW_TF32=True, BLOCK_K=32, BLOCK_M=32, BLOCK_N=32, EVEN_K=True, GROUP_M=8, num_stages=5, num_warps=4
SingleProcess AUTOTUNE benchmarking takes 0.7825 seconds and 0.0005 seconds precompiling for 18 choices
E0804 14:07:59.533000 18720 .venv/lib/python3.11/site-packages/torch/_inductor/select_algorithm.py:2100] [7/1] Runtime error during autotuning: 
E0804 14:07:59.533000 18720 .venv/lib/python3.11/site-packages/torch/_inductor/select_algorithm.py:2100] [7/1] No valid triton configs. OutOfResources: out of resource: shared memory, Required: 221184, Hardware limit: 166912. Reducing block sizes or `num_stages` may help.. 
E0804 14:07:59.533000 18720 .venv/lib/python3.11/site-packages/torch/_inductor/select_algorithm.py:2100] [7/1] Ignoring this choice.
AUTOTUNE mm(2x1024, 1024x1024)
  triton_mm_12277 0.0127 ms 100.0% ACC_TYPE='tl.float32', ALLOW_TF32=True, BLOCK_K=128, BLOCK_M=16, BLOCK_N=32, EVEN_K=True, GROUP_M=8, num_stages=5, num_warps=2
  triton_mm_12281 0.0132 ms 95.9% ACC_TYPE='tl.float32', ALLOW_TF32=True, BLOCK_K=128, BLOCK_M=16, BLOCK_N=64, EVEN_K=True, GROUP_M=8, num_stages=5, num_warps=4
  triton_mm_12276 0.0145 ms 87.4% ACC_TYPE='tl.float32', ALLOW_TF32=True, BLOCK_K=32, BLOCK_M=16, BLOCK_N=32, EVEN_K=True, GROUP_M=8, num_stages=5, num_warps=2
  triton_mm_12275 0.0149 ms 84.8% ACC_TYPE='tl.float32', ALLOW_TF32=True, BLOCK_K=32, BLOCK_M=16, BLOCK_N=64, EVEN_K=True, GROUP_M=8, num_stages=5, num_warps=4
  mm 0.0153 ms 82.8% 
  triton_mm_12280 0.0156 ms 81.3% ACC_TYPE='tl.float32', ALLOW_TF32=True, BLOCK_K=64, BLOCK_M=16, BLOCK_N=64, EVEN_K=True, GROUP_M=8, num_stages=3, num_warps=4
  triton_mm_12274 0.0160 ms 79.0% ACC_TYPE='tl.float32', ALLOW_TF32=True, BLOCK_K=128, BLOCK_M=16, BLOCK_N=32, EVEN_K=True, GROUP_M=8, num_stages=2, num_warps=2
  triton_mm_12287 0.0172 ms 73.7% ACC_TYPE='tl.float32', ALLOW_TF32=True, BLOCK_K=32, BLOCK_M=16, BLOCK_N=64, EVEN_K=True, GROUP_M=8, num_stages=4, num_warps=4
  triton_mm_12289 0.0174 ms 72.9% ACC_TYPE='tl.float32', ALLOW_TF32=True, BLOCK_K=64, BLOCK_M=16, BLOCK_N=128, EVEN_K=True, GROUP_M=8, num_stages=5, num_warps=8
  triton_mm_12284 0.0180 ms 70.3% ACC_TYPE='tl.float32', ALLOW_TF32=True, BLOCK_K=64, BLOCK_M=16, BLOCK_N=128, EVEN_K=True, GROUP_M=8, num_stages=3, num_warps=4
SingleProcess AUTOTUNE benchmarking takes 0.6996 seconds and 0.0003 seconds precompiling for 18 choices
AUTOTUNE addmm(20x32, 20x1024, 1024x32)
  triton_mm_15725 0.0122 ms 100.0% ACC_TYPE='tl.float32', ALLOW_TF32=True, BLOCK_K=128, BLOCK_M=32, BLOCK_N=32, EVEN_K=True, GROUP_M=8, num_stages=4, num_warps=4
  bias_addmm 0.0123 ms 99.2% 
  triton_mm_15726 0.0126 ms 96.2% ACC_TYPE='tl.float32', ALLOW_TF32=True, BLOCK_K=64, BLOCK_M=32, BLOCK_N=32, EVEN_K=True, GROUP_M=8, num_stages=5, num_warps=4
  triton_mm_15719 0.0128 ms 95.2% ACC_TYPE='tl.float32', ALLOW_TF32=True, BLOCK_K=128, BLOCK_M=32, BLOCK_N=32, EVEN_K=True, GROUP_M=8, num_stages=5, num_warps=4
  triton_mm_15718 0.0143 ms 85.0% ACC_TYPE='tl.float32', ALLOW_TF32=True, BLOCK_K=32, BLOCK_M=32, BLOCK_N=32, EVEN_K=True, GROUP_M=8, num_stages=5, num_warps=4
  triton_mm_15722 0.0148 ms 82.4% ACC_TYPE='tl.float32', ALLOW_TF32=True, BLOCK_K=64, BLOCK_M=32, BLOCK_N=32, EVEN_K=True, GROUP_M=8, num_stages=3, num_warps=4
  addmm 0.0156 ms 77.7% 
  triton_mm_15724 0.0157 ms 77.6% ACC_TYPE='tl.float32', ALLOW_TF32=True, BLOCK_K=32, BLOCK_M=32, BLOCK_N=32, EVEN_K=True, GROUP_M=8, num_stages=4, num_warps=4
  triton_mm_15717 0.0165 ms 73.6% ACC_TYPE='tl.float32', ALLOW_TF32=True, BLOCK_K=128, BLOCK_M=32, BLOCK_N=32, EVEN_K=True, GROUP_M=8, num_stages=2, num_warps=4
  triton_mm_15723 0.0189 ms 64.3% ACC_TYPE='tl.float32', ALLOW_TF32=True, BLOCK_K=32, BLOCK_M=32, BLOCK_N=32, EVEN_K=True, GROUP_M=8, num_stages=3, num_warps=4
SingleProcess AUTOTUNE benchmarking takes 0.5572 seconds and 0.0003 seconds precompiling for 13 choices
AUTOTUNE mm(20x2048, 2048x1024)
  triton_mm_13051 0.0131 ms 100.0% ACC_TYPE='tl.float32', ALLOW_TF32=True, BLOCK_K=128, BLOCK_M=32, BLOCK_N=32, EVEN_K=True, GROUP_M=8, num_stages=5, num_warps=4
  triton_mm_13055 0.0147 ms 88.9% ACC_TYPE='tl.float32', ALLOW_TF32=True, BLOCK_K=128, BLOCK_M=32, BLOCK_N=64, EVEN_K=True, GROUP_M=8, num_stages=5, num_warps=4
  mm 0.0152 ms 86.1% 
  triton_mm_13059 0.0207 ms 63.2% ACC_TYPE='tl.float32', ALLOW_TF32=True, BLOCK_K=128, BLOCK_M=32, BLOCK_N=128, EVEN_K=True, GROUP_M=8, num_stages=4, num_warps=4
  triton_mm_13050 0.0212 ms 61.7% ACC_TYPE='tl.float32', ALLOW_TF32=True, BLOCK_K=32, BLOCK_M=32, BLOCK_N=32, EVEN_K=True, GROUP_M=8, num_stages=5, num_warps=4
  triton_mm_13063 0.0228 ms 57.4% ACC_TYPE='tl.float32', ALLOW_TF32=True, BLOCK_K=64, BLOCK_M=32, BLOCK_N=128, EVEN_K=True, GROUP_M=8, num_stages=5, num_warps=8
  triton_mm_13049 0.0228 ms 57.3% ACC_TYPE='tl.float32', ALLOW_TF32=True, BLOCK_K=32, BLOCK_M=32, BLOCK_N=64, EVEN_K=True, GROUP_M=8, num_stages=5, num_warps=8
  triton_mm_13054 0.0231 ms 56.6% ACC_TYPE='tl.float32', ALLOW_TF32=True, BLOCK_K=64, BLOCK_M=32, BLOCK_N=64, EVEN_K=True, GROUP_M=8, num_stages=3, num_warps=8
  triton_mm_13048 0.0232 ms 56.5% ACC_TYPE='tl.float32', ALLOW_TF32=True, BLOCK_K=128, BLOCK_M=32, BLOCK_N=32, EVEN_K=True, GROUP_M=8, num_stages=2, num_warps=4
  triton_mm_13058 0.0257 ms 50.9% ACC_TYPE='tl.float32', ALLOW_TF32=True, BLOCK_K=64, BLOCK_M=32, BLOCK_N=128, EVEN_K=True, GROUP_M=8, num_stages=3, num_warps=4
SingleProcess AUTOTUNE benchmarking takes 0.7929 seconds and 0.0006 seconds precompiling for 18 choices
E0804 14:08:08.770000 18720 .venv/lib/python3.11/site-packages/torch/_inductor/select_algorithm.py:2100] [7/1] Runtime error during autotuning: 
E0804 14:08:08.770000 18720 .venv/lib/python3.11/site-packages/torch/_inductor/select_algorithm.py:2100] [7/1] No valid triton configs. OutOfResources: out of resource: shared memory, Required: 221184, Hardware limit: 166912. Reducing block sizes or `num_stages` may help.. 
E0804 14:08:08.770000 18720 .venv/lib/python3.11/site-packages/torch/_inductor/select_algorithm.py:2100] [7/1] Ignoring this choice.
AUTOTUNE mm(2x1024, 1024x3072)
  triton_mm_12315 0.0184 ms 100.0% ACC_TYPE='tl.float32', ALLOW_TF32=True, BLOCK_K=128, BLOCK_M=16, BLOCK_N=64, EVEN_K=True, GROUP_M=8, num_stages=5, num_warps=4
  triton_mm_12311 0.0194 ms 94.9% ACC_TYPE='tl.float32', ALLOW_TF32=True, BLOCK_K=128, BLOCK_M=16, BLOCK_N=32, EVEN_K=True, GROUP_M=8, num_stages=5, num_warps=2
  triton_mm_12309 0.0196 ms 94.1% ACC_TYPE='tl.float32', ALLOW_TF32=True, BLOCK_K=32, BLOCK_M=16, BLOCK_N=64, EVEN_K=True, GROUP_M=8, num_stages=5, num_warps=4
  triton_mm_12323 0.0199 ms 92.4% ACC_TYPE='tl.float32', ALLOW_TF32=True, BLOCK_K=64, BLOCK_M=16, BLOCK_N=128, EVEN_K=True, GROUP_M=8, num_stages=5, num_warps=8
  triton_mm_12314 0.0202 ms 91.3% ACC_TYPE='tl.float32', ALLOW_TF32=True, BLOCK_K=64, BLOCK_M=16, BLOCK_N=64, EVEN_K=True, GROUP_M=8, num_stages=3, num_warps=4
  triton_mm_12310 0.0206 ms 89.3% ACC_TYPE='tl.float32', ALLOW_TF32=True, BLOCK_K=32, BLOCK_M=16, BLOCK_N=32, EVEN_K=True, GROUP_M=8, num_stages=5, num_warps=2
  triton_mm_12318 0.0209 ms 87.9% ACC_TYPE='tl.float32', ALLOW_TF32=True, BLOCK_K=64, BLOCK_M=16, BLOCK_N=128, EVEN_K=True, GROUP_M=8, num_stages=3, num_warps=4
  triton_mm_12321 0.0215 ms 85.7% ACC_TYPE='tl.float32', ALLOW_TF32=True, BLOCK_K=32, BLOCK_M=16, BLOCK_N=64, EVEN_K=True, GROUP_M=8, num_stages=4, num_warps=4
  triton_mm_12308 0.0219 ms 84.2% ACC_TYPE='tl.float32', ALLOW_TF32=True, BLOCK_K=128, BLOCK_M=16, BLOCK_N=32, EVEN_K=True, GROUP_M=8, num_stages=2, num_warps=2
  triton_mm_12317 0.0224 ms 82.0% ACC_TYPE='tl.float32', ALLOW_TF32=True, BLOCK_K=32, BLOCK_M=16, BLOCK_N=128, EVEN_K=True, GROUP_M=8, num_stages=4, num_warps=8
SingleProcess AUTOTUNE benchmarking takes 0.7927 seconds and 0.0006 seconds precompiling for 18 choices
AUTOTUNE mm(20x32, 32x1024)
  triton_mm_12939 0.0067 ms 100.0% ACC_TYPE='tl.float32', ALLOW_TF32=True, BLOCK_K=32, BLOCK_M=32, BLOCK_N=32, EVEN_K=True, GROUP_M=8, num_stages=5, num_warps=4
  triton_mm_12937 0.0068 ms 99.1% ACC_TYPE='tl.float32', ALLOW_TF32=True, BLOCK_K=32, BLOCK_M=32, BLOCK_N=32, EVEN_K=True, GROUP_M=8, num_stages=2, num_warps=4
  triton_mm_12943 0.0069 ms 97.7% ACC_TYPE='tl.float32', ALLOW_TF32=True, BLOCK_K=32, BLOCK_M=32, BLOCK_N=64, EVEN_K=True, GROUP_M=8, num_stages=5, num_warps=4
  triton_mm_12938 0.0069 ms 97.2% ACC_TYPE='tl.float32', ALLOW_TF32=True, BLOCK_K=32, BLOCK_M=32, BLOCK_N=64, EVEN_K=True, GROUP_M=8, num_stages=5, num_warps=8
  triton_mm_12941 0.0069 ms 97.2% ACC_TYPE='tl.float32', ALLOW_TF32=True, BLOCK_K=32, BLOCK_M=32, BLOCK_N=64, EVEN_K=True, GROUP_M=8, num_stages=2, num_warps=4
  triton_mm_12942 0.0069 ms 97.2% ACC_TYPE='tl.float32', ALLOW_TF32=True, BLOCK_K=32, BLOCK_M=32, BLOCK_N=64, EVEN_K=True, GROUP_M=8, num_stages=3, num_warps=8
  triton_mm_12947 0.0069 ms 97.2% ACC_TYPE='tl.float32', ALLOW_TF32=True, BLOCK_K=32, BLOCK_M=32, BLOCK_N=64, EVEN_K=True, GROUP_M=8, num_stages=3, num_warps=4
  triton_mm_12936 0.0073 ms 92.5% ACC_TYPE='tl.float32', ALLOW_TF32=True, BLOCK_K=16, BLOCK_M=32, BLOCK_N=32, EVEN_K=True, GROUP_M=8, num_stages=1, num_warps=2
  triton_mm_12946 0.0073 ms 92.5% ACC_TYPE='tl.float32', ALLOW_TF32=True, BLOCK_K=32, BLOCK_M=32, BLOCK_N=128, EVEN_K=True, GROUP_M=8, num_stages=4, num_warps=4
  triton_mm_12944 0.0073 ms 91.7% ACC_TYPE='tl.float32', ALLOW_TF32=True, BLOCK_K=32, BLOCK_M=32, BLOCK_N=128, EVEN_K=True, GROUP_M=8, num_stages=3, num_warps=4
SingleProcess AUTOTUNE benchmarking takes 0.6428 seconds and 0.0003 seconds precompiling for 16 choices
AUTOTUNE mm(20x1024, 1024x2048)
  triton_mm_12955 0.0116 ms 100.0% ACC_TYPE='tl.float32', ALLOW_TF32=True, BLOCK_K=128, BLOCK_M=32, BLOCK_N=32, EVEN_K=True, GROUP_M=8, num_stages=5, num_warps=4
  triton_mm_12959 0.0121 ms 95.5% ACC_TYPE='tl.float32', ALLOW_TF32=True, BLOCK_K=128, BLOCK_M=32, BLOCK_N=64, EVEN_K=True, GROUP_M=8, num_stages=5, num_warps=4
  triton_mm_12963 0.0138 ms 84.2% ACC_TYPE='tl.float32', ALLOW_TF32=True, BLOCK_K=128, BLOCK_M=32, BLOCK_N=128, EVEN_K=True, GROUP_M=8, num_stages=4, num_warps=4
  mm 0.0140 ms 82.8% 
  triton_mm_12954 0.0153 ms 75.9% ACC_TYPE='tl.float32', ALLOW_TF32=True, BLOCK_K=32, BLOCK_M=32, BLOCK_N=32, EVEN_K=True, GROUP_M=8, num_stages=5, num_warps=4
  triton_mm_12958 0.0154 ms 75.3% ACC_TYPE='tl.float32', ALLOW_TF32=True, BLOCK_K=64, BLOCK_M=32, BLOCK_N=64, EVEN_K=True, GROUP_M=8, num_stages=3, num_warps=8
  triton_mm_12953 0.0158 ms 73.4% ACC_TYPE='tl.float32', ALLOW_TF32=True, BLOCK_K=32, BLOCK_M=32, BLOCK_N=64, EVEN_K=True, GROUP_M=8, num_stages=5, num_warps=8
  triton_mm_12967 0.0158 ms 73.1% ACC_TYPE='tl.float32', ALLOW_TF32=True, BLOCK_K=64, BLOCK_M=32, BLOCK_N=128, EVEN_K=True, GROUP_M=8, num_stages=5, num_warps=8
  triton_mm_12952 0.0159 ms 72.7% ACC_TYPE='tl.float32', ALLOW_TF32=True, BLOCK_K=128, BLOCK_M=32, BLOCK_N=32, EVEN_K=True, GROUP_M=8, num_stages=2, num_warps=4
  triton_mm_12962 0.0160 ms 72.4% ACC_TYPE='tl.float32', ALLOW_TF32=True, BLOCK_K=64, BLOCK_M=32, BLOCK_N=128, EVEN_K=True, GROUP_M=8, num_stages=3, num_warps=4
SingleProcess AUTOTUNE benchmarking takes 0.7730 seconds and 0.0004 seconds precompiling for 18 choices
AUTOTUNE bmm(2x128x1, 2x1x10)
  triton_bmm_12972 0.0062 ms 100.0% ACC_TYPE='tl.float32', ALLOW_TF32=True, BLOCK_K=16, BLOCK_M=64, BLOCK_N=16, EVEN_K=False, GROUP_M=8, num_stages=2, num_warps=4
  triton_bmm_12974 0.0062 ms 100.0% ACC_TYPE='tl.float32', ALLOW_TF32=True, BLOCK_K=16, BLOCK_M=64, BLOCK_N=16, EVEN_K=False, GROUP_M=8, num_stages=4, num_warps=4
  triton_bmm_12973 0.0062 ms 99.5% ACC_TYPE='tl.float32', ALLOW_TF32=True, BLOCK_K=16, BLOCK_M=64, BLOCK_N=16, EVEN_K=False, GROUP_M=8, num_stages=3, num_warps=4
  triton_bmm_12971 0.0063 ms 98.5% ACC_TYPE='tl.float32', ALLOW_TF32=True, BLOCK_K=16, BLOCK_M=64, BLOCK_N=16, EVEN_K=False, GROUP_M=8, num_stages=5, num_warps=4
  triton_bmm_12969 0.0064 ms 96.5% ACC_TYPE='tl.float32', ALLOW_TF32=True, BLOCK_K=16, BLOCK_M=32, BLOCK_N=16, EVEN_K=False, GROUP_M=8, num_stages=2, num_warps=2
  triton_bmm_12970 0.0064 ms 96.5% ACC_TYPE='tl.float32', ALLOW_TF32=True, BLOCK_K=16, BLOCK_M=32, BLOCK_N=16, EVEN_K=False, GROUP_M=8, num_stages=5, num_warps=2
  triton_bmm_12968 0.0066 ms 94.6% ACC_TYPE='tl.float32', ALLOW_TF32=True, BLOCK_K=16, BLOCK_M=32, BLOCK_N=16, EVEN_K=False, GROUP_M=8, num_stages=1, num_warps=2
  triton_bmm_12977 0.0067 ms 93.3% ACC_TYPE='tl.float32', ALLOW_TF32=True, BLOCK_K=16, BLOCK_M=128, BLOCK_N=16, EVEN_K=False, GROUP_M=8, num_stages=2, num_warps=8
  triton_bmm_12975 0.0067 ms 92.8% ACC_TYPE='tl.float32', ALLOW_TF32=True, BLOCK_K=16, BLOCK_M=128, BLOCK_N=16, EVEN_K=False, GROUP_M=8, num_stages=3, num_warps=4
  triton_bmm_12976 0.0067 ms 92.8% ACC_TYPE='tl.float32', ALLOW_TF32=True, BLOCK_K=16, BLOCK_M=128, BLOCK_N=16, EVEN_K=False, GROUP_M=8, num_stages=4, num_warps=8
SingleProcess AUTOTUNE benchmarking takes 0.5027 seconds and 0.0004 seconds precompiling for 12 choices
AUTOTUNE mm(20x1024, 1024x256)
  triton_mm_12983 0.0101 ms 100.0% ACC_TYPE='tl.float32', ALLOW_TF32=True, BLOCK_K=128, BLOCK_M=32, BLOCK_N=32, EVEN_K=True, GROUP_M=8, num_stages=5, num_warps=4
  triton_mm_12987 0.0108 ms 93.8% ACC_TYPE='tl.float32', ALLOW_TF32=True, BLOCK_K=128, BLOCK_M=32, BLOCK_N=64, EVEN_K=True, GROUP_M=8, num_stages=5, num_warps=4
  mm 0.0114 ms 89.3% 
  triton_mm_12991 0.0131 ms 77.3% ACC_TYPE='tl.float32', ALLOW_TF32=True, BLOCK_K=128, BLOCK_M=32, BLOCK_N=128, EVEN_K=True, GROUP_M=8, num_stages=4, num_warps=4
  triton_mm_12982 0.0132 ms 76.6% ACC_TYPE='tl.float32', ALLOW_TF32=True, BLOCK_K=32, BLOCK_M=32, BLOCK_N=32, EVEN_K=True, GROUP_M=8, num_stages=5, num_warps=4
  triton_mm_12995 0.0143 ms 70.8% ACC_TYPE='tl.float32', ALLOW_TF32=True, BLOCK_K=64, BLOCK_M=32, BLOCK_N=128, EVEN_K=True, GROUP_M=8, num_stages=5, num_warps=8
  triton_mm_12986 0.0146 ms 69.7% ACC_TYPE='tl.float32', ALLOW_TF32=True, BLOCK_K=64, BLOCK_M=32, BLOCK_N=64, EVEN_K=True, GROUP_M=8, num_stages=3, num_warps=8
  triton_mm_12980 0.0146 ms 69.5% ACC_TYPE='tl.float32', ALLOW_TF32=True, BLOCK_K=128, BLOCK_M=32, BLOCK_N=32, EVEN_K=True, GROUP_M=8, num_stages=2, num_warps=4
  triton_mm_12990 0.0146 ms 69.5% ACC_TYPE='tl.float32', ALLOW_TF32=True, BLOCK_K=64, BLOCK_M=32, BLOCK_N=128, EVEN_K=True, GROUP_M=8, num_stages=3, num_warps=4
  triton_mm_12981 0.0148 ms 68.6% ACC_TYPE='tl.float32', ALLOW_TF32=True, BLOCK_K=32, BLOCK_M=32, BLOCK_N=64, EVEN_K=True, GROUP_M=8, num_stages=5, num_warps=8
SingleProcess AUTOTUNE benchmarking takes 0.7864 seconds and 0.0005 seconds precompiling for 18 choices
AUTOTUNE bmm(16x10x256, 16x256x978)
  triton_bmm_13009 0.0153 ms 100.0% ACC_TYPE='tl.float32', ALLOW_TF32=True, BLOCK_K=32, BLOCK_M=16, BLOCK_N=64, EVEN_K=True, GROUP_M=8, num_stages=3, num_warps=4
  triton_bmm_13010 0.0157 ms 97.6% ACC_TYPE='tl.float32', ALLOW_TF32=True, BLOCK_K=32, BLOCK_M=16, BLOCK_N=64, EVEN_K=True, GROUP_M=8, num_stages=4, num_warps=4
  triton_bmm_12997 0.0164 ms 93.7% ACC_TYPE='tl.float32', ALLOW_TF32=True, BLOCK_K=128, BLOCK_M=16, BLOCK_N=32, EVEN_K=True, GROUP_M=8, num_stages=2, num_warps=2
  triton_bmm_13005 0.0165 ms 93.0% ACC_TYPE='tl.float32', ALLOW_TF32=True, BLOCK_K=32, BLOCK_M=16, BLOCK_N=128, EVEN_K=True, GROUP_M=8, num_stages=3, num_warps=4
  triton_bmm_13007 0.0167 ms 91.8% ACC_TYPE='tl.float32', ALLOW_TF32=True, BLOCK_K=64, BLOCK_M=16, BLOCK_N=128, EVEN_K=True, GROUP_M=8, num_stages=3, num_warps=4
  triton_bmm_13003 0.0170 ms 90.2% ACC_TYPE='tl.float32', ALLOW_TF32=True, BLOCK_K=64, BLOCK_M=16, BLOCK_N=64, EVEN_K=True, GROUP_M=8, num_stages=3, num_warps=4
  triton_bmm_13006 0.0178 ms 86.2% ACC_TYPE='tl.float32', ALLOW_TF32=True, BLOCK_K=32, BLOCK_M=16, BLOCK_N=128, EVEN_K=True, GROUP_M=8, num_stages=4, num_warps=8
  triton_bmm_13011 0.0179 ms 85.8% ACC_TYPE='tl.float32', ALLOW_TF32=True, BLOCK_K=32, BLOCK_M=16, BLOCK_N=128, EVEN_K=True, GROUP_M=8, num_stages=2, num_warps=8
  triton_bmm_13002 0.0179 ms 85.5% ACC_TYPE='tl.float32', ALLOW_TF32=True, BLOCK_K=32, BLOCK_M=16, BLOCK_N=64, EVEN_K=True, GROUP_M=8, num_stages=2, num_warps=4
  triton_bmm_12998 0.0180 ms 84.9% ACC_TYPE='tl.float32', ALLOW_TF32=True, BLOCK_K=32, BLOCK_M=16, BLOCK_N=64, EVEN_K=True, GROUP_M=8, num_stages=5, num_warps=4
SingleProcess AUTOTUNE benchmarking takes 0.7569 seconds and 0.0005 seconds precompiling for 18 choices
AUTOTUNE bmm(16x10x978, 16x978x256)
  triton_bmm_13042 0.0147 ms 100.0% ACC_TYPE='tl.float32', ALLOW_TF32=True, BLOCK_K=128, BLOCK_M=16, BLOCK_N=128, EVEN_K=False, GROUP_M=8, num_stages=4, num_warps=4
  triton_bmm_13046 0.0149 ms 98.5% ACC_TYPE='tl.float32', ALLOW_TF32=True, BLOCK_K=64, BLOCK_M=16, BLOCK_N=128, EVEN_K=False, GROUP_M=8, num_stages=5, num_warps=8
  triton_bmm_13038 0.0151 ms 97.2% ACC_TYPE='tl.float32', ALLOW_TF32=True, BLOCK_K=128, BLOCK_M=16, BLOCK_N=64, EVEN_K=False, GROUP_M=8, num_stages=5, num_warps=4
  triton_bmm_13032 0.0156 ms 94.0% ACC_TYPE='tl.float32', ALLOW_TF32=True, BLOCK_K=32, BLOCK_M=16, BLOCK_N=64, EVEN_K=False, GROUP_M=8, num_stages=5, num_warps=4
  triton_bmm_13044 0.0167 ms 87.6% ACC_TYPE='tl.float32', ALLOW_TF32=True, BLOCK_K=32, BLOCK_M=16, BLOCK_N=64, EVEN_K=False, GROUP_M=8, num_stages=4, num_warps=4
  triton_bmm_13037 0.0169 ms 86.7% ACC_TYPE='tl.float32', ALLOW_TF32=True, BLOCK_K=64, BLOCK_M=16, BLOCK_N=64, EVEN_K=False, GROUP_M=8, num_stages=3, num_warps=4
  triton_bmm_13033 0.0172 ms 85.3% ACC_TYPE='tl.float32', ALLOW_TF32=True, BLOCK_K=32, BLOCK_M=16, BLOCK_N=32, EVEN_K=False, GROUP_M=8, num_stages=5, num_warps=2
  triton_bmm_13041 0.0174 ms 84.3% ACC_TYPE='tl.float32', ALLOW_TF32=True, BLOCK_K=64, BLOCK_M=16, BLOCK_N=128, EVEN_K=False, GROUP_M=8, num_stages=3, num_warps=4
  triton_bmm_13040 0.0179 ms 81.9% ACC_TYPE='tl.float32', ALLOW_TF32=True, BLOCK_K=32, BLOCK_M=16, BLOCK_N=128, EVEN_K=False, GROUP_M=8, num_stages=4, num_warps=8
  triton_bmm_13034 0.0191 ms 76.6% ACC_TYPE='tl.float32', ALLOW_TF32=True, BLOCK_K=128, BLOCK_M=16, BLOCK_N=32, EVEN_K=False, GROUP_M=8, num_stages=5, num_warps=2
SingleProcess AUTOTUNE benchmarking takes 0.6745 seconds and 0.0004 seconds precompiling for 18 choices
AUTOTUNE mm(20x4096, 4096x1024)
  mm 0.0188 ms 100.0% 
  triton_mm_13102 0.0219 ms 86.1% ACC_TYPE='tl.float32', ALLOW_TF32=True, BLOCK_K=128, BLOCK_M=32, BLOCK_N=32, EVEN_K=True, GROUP_M=8, num_stages=5, num_warps=4
  triton_mm_13106 0.0238 ms 79.3% ACC_TYPE='tl.float32', ALLOW_TF32=True, BLOCK_K=128, BLOCK_M=32, BLOCK_N=64, EVEN_K=True, GROUP_M=8, num_stages=5, num_warps=4
  triton_mm_13110 0.0320 ms 58.8% ACC_TYPE='tl.float32', ALLOW_TF32=True, BLOCK_K=128, BLOCK_M=32, BLOCK_N=128, EVEN_K=True, GROUP_M=8, num_stages=4, num_warps=4
  triton_mm_13101 0.0363 ms 51.9% ACC_TYPE='tl.float32', ALLOW_TF32=True, BLOCK_K=32, BLOCK_M=32, BLOCK_N=32, EVEN_K=True, GROUP_M=8, num_stages=5, num_warps=4
  triton_mm_13114 0.0376 ms 50.1% ACC_TYPE='tl.float32', ALLOW_TF32=True, BLOCK_K=64, BLOCK_M=32, BLOCK_N=128, EVEN_K=True, GROUP_M=8, num_stages=5, num_warps=8
  triton_mm_13099 0.0393 ms 48.0% ACC_TYPE='tl.float32', ALLOW_TF32=True, BLOCK_K=128, BLOCK_M=32, BLOCK_N=32, EVEN_K=True, GROUP_M=8, num_stages=2, num_warps=4
  triton_mm_13100 0.0398 ms 47.3% ACC_TYPE='tl.float32', ALLOW_TF32=True, BLOCK_K=32, BLOCK_M=32, BLOCK_N=64, EVEN_K=True, GROUP_M=8, num_stages=5, num_warps=8
  triton_mm_13105 0.0416 ms 45.3% ACC_TYPE='tl.float32', ALLOW_TF32=True, BLOCK_K=64, BLOCK_M=32, BLOCK_N=64, EVEN_K=True, GROUP_M=8, num_stages=3, num_warps=8
  triton_mm_13109 0.0455 ms 41.4% ACC_TYPE='tl.float32', ALLOW_TF32=True, BLOCK_K=64, BLOCK_M=32, BLOCK_N=128, EVEN_K=True, GROUP_M=8, num_stages=3, num_warps=4
SingleProcess AUTOTUNE benchmarking takes 0.7516 seconds and 0.0004 seconds precompiling for 18 choices
  2      589.9     100.4    101.6      50.2
  4        0.3     164.6    166.3      41.1
  8        0.4     298.6    405.6      37.3

wrote data/bench_batch.json
GPU in use at end    : 17.2 / 79.3 GiB
