/home/work/hyunmokchoi/openpi/.venv/lib/python3.11/site-packages/torch/cuda/__init__.py:61: FutureWarning: The pynvml package is deprecated. Please install nvidia-ml-py instead. If you did not install pynvml directly, please report this to the maintainers of the package that installed pynvml for you.
  import pynvml  # type: ignore[import]
GPU free at start    : 78.8 / 79.3 GiB
/home/work/hyunmokchoi/openpi/.venv/lib/python3.11/site-packages/torch/cuda/__init__.py:61: FutureWarning: The pynvml package is deprecated. Please install nvidia-ml-py instead. If you did not install pynvml directly, please report this to the maintainers of the package that installed pynvml for you.
  import pynvml  # type: ignore[import]
model load           : 86.1 s
weights              : 7.00 GiB

=== uncompiled (type(model).sample_actions) ===
  B  steps   mean ms   p99 ms  ms/robot  peak GiB
  1      1     142.8    145.8     142.8      7.12
  1     10     519.0    532.0     519.0      7.12
  2      1     168.8    180.9      84.4      7.26
  2     10     559.4    564.1     279.7      7.26
  4      1     219.0    223.2      54.8      7.55
  4     10     612.0    638.5     153.0      7.55
  8      1     323.6    328.5      40.4      8.11
  8     10     719.3    760.0      89.9      8.11
 16      1     542.6    547.9      33.9      9.24
 16     10     933.2    963.0      58.3      9.24

=== derived split (from steps=1 vs steps=10) ===
  B  prefill ms  ms/denoise  denoise tot  prefill %
  1       101.0        41.8        418.0      19.5%
  2       125.4        43.4        434.0      22.4%
  4       175.3        43.7        436.7      28.6%
  8       279.6        44.0        439.7      38.9%
 16       499.2        43.4        434.0      53.5%

=== compiled (max-autotune, the real serving path) ===
  B  compile s   mean ms   p99 ms  ms/robot
  1       36.4      54.7     55.5      54.7
  2       67.9      98.2     99.3      49.1
  4        0.3     162.9    164.9      40.7
  8        0.4     279.8    280.7      35.0

wrote data/bench_batch.json
GPU in use at end    : 8.8 / 79.3 GiB
