 + torch==2.7.1
 + torchcodec==0.15.0
 + torchvision==0.22.1
 + tornado==6.5.7
 + tqdm==4.70.0
 + tqdm-loggable==0.4.1
 + traitlets==5.16.1
 + transformers==4.53.2
 + treescope==0.1.10
 + triton==3.3.1
 + typeguard==4.6.0
 + typing-extensions==4.16.0
 + typing-inspect==0.9.0
 + typing-inspection==0.4.2
 + tyro==1.0.15
 + tzdata==2026.3
 + ujson==5.13.0
 + urllib3==2.7.0
 + virtualenv==21.7.1
 + wadler-lindig==0.1.7
 + wandb==0.28.0
 + wcwidth==0.8.2
 + websockets==17.0.1
 + werkzeug==3.1.8
 + widgetsnbextension==4.0.15
 + wrapt==1.14.2
 + xxhash==3.8.1
 + yarl==1.24.5
 + zarr==3.1.5
 + zipp==4.1.0
