/home/work/hyunmokchoi/openpi/.venv/lib/python3.11/site-packages/torch/cuda/__init__.py:61: FutureWarning: The pynvml package is deprecated. Please install nvidia-ml-py instead. If you did not install pynvml directly, please report this to the maintainers of the package that installed pynvml for you.
  import pynvml  # type: ignore[import]
GPU free at start    : 78.8 / 79.3 GiB
/home/work/hyunmokchoi/openpi/.venv/lib/python3.11/site-packages/torch/cuda/__init__.py:61: FutureWarning: The pynvml package is deprecated. Please install nvidia-ml-py instead. If you did not install pynvml directly, please report this to the maintainers of the package that installed pynvml for you.
  import pynvml  # type: ignore[import]
model load           : 89.4 s
robots               : 3, phases [0.0, 40.0, 85.0]
compile mode         : max-autotune
warming compiled shapes (first two batch sizes are slow)...
  B=1 warm in 62.8 s
  B=2 warm in 796.8 s
  B=3 warm in 0.4 s
warm.

policy              done thru r/s   e2e mean   e2e p50   e2e p99   e2e max     miss
serial            6/6        0.20    29036.3   29045.6   29088.9   29088.9   100.0%
batch             6/6       13.98       77.6      79.6      94.3      94.3     0.0%
AUTOTUNE mm(30x1024, 1024x4096)
  triton_mm_19325 0.0758 ms 100.0% ACC_TYPE='tl.float32', ALLOW_TF32=True, BLOCK_K=128, BLOCK_M=32, BLOCK_N=32, EVEN_K=True, GROUP_M=8, num_stages=2, num_warps=4
  triton_mm_19330 0.0761 ms 99.6% ACC_TYPE='tl.float32', ALLOW_TF32=True, BLOCK_K=32, BLOCK_M=32, BLOCK_N=64, EVEN_K=True, GROUP_M=8, num_stages=2, num_warps=4
  triton_mm_19331 0.0762 ms 99.5% ACC_TYPE='tl.float32', ALLOW_TF32=True, BLOCK_K=64, BLOCK_M=32, BLOCK_N=64, EVEN_K=True, GROUP_M=8, num_stages=3, num_warps=8
  triton_mm_19339 0.0762 ms 99.5% ACC_TYPE='tl.float32', ALLOW_TF32=True, BLOCK_K=32, BLOCK_M=32, BLOCK_N=128, EVEN_K=True, GROUP_M=8, num_stages=2, num_warps=8
  triton_mm_19332 0.0764 ms 99.2% ACC_TYPE='tl.float32', ALLOW_TF32=True, BLOCK_K=128, BLOCK_M=32, BLOCK_N=64, EVEN_K=True, GROUP_M=8, num_stages=5, num_warps=4
  triton_mm_19340 0.0765 ms 99.1% ACC_TYPE='tl.float32', ALLOW_TF32=True, BLOCK_K=64, BLOCK_M=32, BLOCK_N=128, EVEN_K=True, GROUP_M=8, num_stages=5, num_warps=8
  triton_mm_19328 0.0765 ms 99.0% ACC_TYPE='tl.float32', ALLOW_TF32=True, BLOCK_K=128, BLOCK_M=32, BLOCK_N=32, EVEN_K=True, GROUP_M=8, num_stages=5, num_warps=4
  triton_mm_19334 0.0765 ms 99.0% ACC_TYPE='tl.float32', ALLOW_TF32=True, BLOCK_K=32, BLOCK_M=32, BLOCK_N=128, EVEN_K=True, GROUP_M=8, num_stages=4, num_warps=8
  triton_mm_19326 0.0766 ms 98.9% ACC_TYPE='tl.float32', ALLOW_TF32=True, BLOCK_K=32, BLOCK_M=32, BLOCK_N=64, EVEN_K=True, GROUP_M=8, num_stages=5, num_warps=8
  triton_mm_19337 0.0766 ms 98.9% ACC_TYPE='tl.float32', ALLOW_TF32=True, BLOCK_K=32, BLOCK_M=32, BLOCK_N=64, EVEN_K=True, GROUP_M=8, num_stages=3, num_warps=4
SingleProcess AUTOTUNE benchmarking takes 0.6233 seconds and 0.0005 seconds precompiling for 18 choices
E0804 18:28:26.070000 81426 .venv/lib/python3.11/site-packages/torch/_inductor/select_algorithm.py:2100] [11/3] Runtime error during autotuning: 
E0804 18:28:26.070000 81426 .venv/lib/python3.11/site-packages/torch/_inductor/select_algorithm.py:2100] [11/3] No valid triton configs. OutOfResources: out of resource: shared memory, Required: 221184, Hardware limit: 166912. Reducing block sizes or `num_stages` may help.. 
E0804 18:28:26.070000 81426 .venv/lib/python3.11/site-packages/torch/_inductor/select_algorithm.py:2100] [11/3] Ignoring this choice.
AUTOTUNE mm(3x1024, 1024x1024)
  triton_mm_18526 0.0756 ms 100.0% ACC_TYPE='tl.float32', ALLOW_TF32=True, BLOCK_K=32, BLOCK_M=16, BLOCK_N=128, EVEN_K=True, GROUP_M=8, num_stages=4, num_warps=8
  triton_mm_18519 0.0759 ms 99.6% ACC_TYPE='tl.float32', ALLOW_TF32=True, BLOCK_K=32, BLOCK_M=16, BLOCK_N=32, EVEN_K=True, GROUP_M=8, num_stages=5, num_warps=2
  triton_mm_18525 0.0760 ms 99.5% ACC_TYPE='tl.float32', ALLOW_TF32=True, BLOCK_K=32, BLOCK_M=16, BLOCK_N=128, EVEN_K=True, GROUP_M=8, num_stages=3, num_warps=4
  triton_mm_18527 0.0762 ms 99.2% ACC_TYPE='tl.float32', ALLOW_TF32=True, BLOCK_K=64, BLOCK_M=16, BLOCK_N=128, EVEN_K=True, GROUP_M=8, num_stages=3, num_warps=4
  triton_mm_18529 0.0762 ms 99.2% ACC_TYPE='tl.float32', ALLOW_TF32=True, BLOCK_K=32, BLOCK_M=16, BLOCK_N=64, EVEN_K=True, GROUP_M=8, num_stages=3, num_warps=4
  triton_mm_18517 0.0763 ms 99.2% ACC_TYPE='tl.float32', ALLOW_TF32=True, BLOCK_K=128, BLOCK_M=16, BLOCK_N=32, EVEN_K=True, GROUP_M=8, num_stages=2, num_warps=2
  triton_mm_18530 0.0763 ms 99.1% ACC_TYPE='tl.float32', ALLOW_TF32=True, BLOCK_K=32, BLOCK_M=16, BLOCK_N=64, EVEN_K=True, GROUP_M=8, num_stages=4, num_warps=4
  triton_mm_18520 0.0764 ms 99.0% ACC_TYPE='tl.float32', ALLOW_TF32=True, BLOCK_K=128, BLOCK_M=16, BLOCK_N=32, EVEN_K=True, GROUP_M=8, num_stages=5, num_warps=2
  triton_mm_18518 0.0764 ms 99.0% ACC_TYPE='tl.float32', ALLOW_TF32=True, BLOCK_K=32, BLOCK_M=16, BLOCK_N=64, EVEN_K=True, GROUP_M=8, num_stages=5, num_warps=4
  triton_mm_18522 0.0768 ms 98.5% ACC_TYPE='tl.float32', ALLOW_TF32=True, BLOCK_K=32, BLOCK_M=16, BLOCK_N=64, EVEN_K=True, GROUP_M=8, num_stages=2, num_warps=4
SingleProcess AUTOTUNE benchmarking takes 0.6412 seconds and 0.0003 seconds precompiling for 18 choices
AUTOTUNE mm(30x2048, 2048x1024)
  triton_mm_19306 0.0753 ms 100.0% ACC_TYPE='tl.float32', ALLOW_TF32=True, BLOCK_K=64, BLOCK_M=32, BLOCK_N=128, EVEN_K=True, GROUP_M=8, num_stages=5, num_warps=8
  triton_mm_19299 0.0758 ms 99.3% ACC_TYPE='tl.float32', ALLOW_TF32=True, BLOCK_K=32, BLOCK_M=32, BLOCK_N=128, EVEN_K=True, GROUP_M=8, num_stages=3, num_warps=4
  triton_mm_19291 0.0762 ms 98.8% ACC_TYPE='tl.float32', ALLOW_TF32=True, BLOCK_K=128, BLOCK_M=32, BLOCK_N=32, EVEN_K=True, GROUP_M=8, num_stages=2, num_warps=4
  triton_mm_19301 0.0764 ms 98.6% ACC_TYPE='tl.float32', ALLOW_TF32=True, BLOCK_K=64, BLOCK_M=32, BLOCK_N=128, EVEN_K=True, GROUP_M=8, num_stages=3, num_warps=4
  triton_mm_19302 0.0764 ms 98.5% ACC_TYPE='tl.float32', ALLOW_TF32=True, BLOCK_K=128, BLOCK_M=32, BLOCK_N=128, EVEN_K=True, GROUP_M=8, num_stages=4, num_warps=4
  triton_mm_19300 0.0765 ms 98.4% ACC_TYPE='tl.float32', ALLOW_TF32=True, BLOCK_K=32, BLOCK_M=32, BLOCK_N=128, EVEN_K=True, GROUP_M=8, num_stages=4, num_warps=8
  triton_mm_19294 0.0767 ms 98.2% ACC_TYPE='tl.float32', ALLOW_TF32=True, BLOCK_K=128, BLOCK_M=32, BLOCK_N=32, EVEN_K=True, GROUP_M=8, num_stages=5, num_warps=4
  triton_mm_19297 0.0768 ms 98.0% ACC_TYPE='tl.float32', ALLOW_TF32=True, BLOCK_K=64, BLOCK_M=32, BLOCK_N=64, EVEN_K=True, GROUP_M=8, num_stages=3, num_warps=8
  triton_mm_19303 0.0768 ms 98.0% ACC_TYPE='tl.float32', ALLOW_TF32=True, BLOCK_K=32, BLOCK_M=32, BLOCK_N=64, EVEN_K=True, GROUP_M=8, num_stages=3, num_warps=4
  triton_mm_19298 0.0769 ms 97.9% ACC_TYPE='tl.float32', ALLOW_TF32=True, BLOCK_K=128, BLOCK_M=32, BLOCK_N=64, EVEN_K=True, GROUP_M=8, num_stages=5, num_warps=4
SingleProcess AUTOTUNE benchmarking takes 0.6135 seconds and 0.0003 seconds precompiling for 18 choices
E0804 18:28:33.453000 81426 .venv/lib/python3.11/site-packages/torch/_inductor/select_algorithm.py:2100] [11/3] Runtime error during autotuning: 
E0804 18:28:33.453000 81426 .venv/lib/python3.11/site-packages/torch/_inductor/select_algorithm.py:2100] [11/3] No valid triton configs. OutOfResources: out of resource: shared memory, Required: 221184, Hardware limit: 166912. Reducing block sizes or `num_stages` may help.. 
E0804 18:28:33.453000 81426 .venv/lib/python3.11/site-packages/torch/_inductor/select_algorithm.py:2100] [11/3] Ignoring this choice.
AUTOTUNE mm(3x1024, 1024x3072)
  triton_mm_18561 0.0761 ms 100.0% ACC_TYPE='tl.float32', ALLOW_TF32=True, BLOCK_K=64, BLOCK_M=16, BLOCK_N=128, EVEN_K=True, GROUP_M=8, num_stages=3, num_warps=4
  triton_mm_18554 0.0773 ms 98.5% ACC_TYPE='tl.float32', ALLOW_TF32=True, BLOCK_K=128, BLOCK_M=16, BLOCK_N=32, EVEN_K=True, GROUP_M=8, num_stages=5, num_warps=2
  triton_mm_18553 0.0775 ms 98.3% ACC_TYPE='tl.float32', ALLOW_TF32=True, BLOCK_K=32, BLOCK_M=16, BLOCK_N=32, EVEN_K=True, GROUP_M=8, num_stages=5, num_warps=2
  triton_mm_18552 0.0778 ms 97.9% ACC_TYPE='tl.float32', ALLOW_TF32=True, BLOCK_K=32, BLOCK_M=16, BLOCK_N=64, EVEN_K=True, GROUP_M=8, num_stages=5, num_warps=4
  triton_mm_18565 0.0780 ms 97.7% ACC_TYPE='tl.float32', ALLOW_TF32=True, BLOCK_K=32, BLOCK_M=16, BLOCK_N=128, EVEN_K=True, GROUP_M=8, num_stages=2, num_warps=8
  triton_mm_18560 0.0780 ms 97.6% ACC_TYPE='tl.float32', ALLOW_TF32=True, BLOCK_K=32, BLOCK_M=16, BLOCK_N=128, EVEN_K=True, GROUP_M=8, num_stages=4, num_warps=8
  triton_mm_18563 0.0785 ms 96.9% ACC_TYPE='tl.float32', ALLOW_TF32=True, BLOCK_K=32, BLOCK_M=16, BLOCK_N=64, EVEN_K=True, GROUP_M=8, num_stages=3, num_warps=4
  triton_mm_18564 0.0788 ms 96.6% ACC_TYPE='tl.float32', ALLOW_TF32=True, BLOCK_K=32, BLOCK_M=16, BLOCK_N=64, EVEN_K=True, GROUP_M=8, num_stages=4, num_warps=4
  triton_mm_18566 0.0792 ms 96.1% ACC_TYPE='tl.float32', ALLOW_TF32=True, BLOCK_K=64, BLOCK_M=16, BLOCK_N=128, EVEN_K=True, GROUP_M=8, num_stages=5, num_warps=8
  triton_mm_18559 0.0797 ms 95.5% ACC_TYPE='tl.float32', ALLOW_TF32=True, BLOCK_K=32, BLOCK_M=16, BLOCK_N=128, EVEN_K=True, GROUP_M=8, num_stages=3, num_warps=4
SingleProcess AUTOTUNE benchmarking takes 0.7696 seconds and 0.0003 seconds precompiling for 18 choices
AUTOTUNE mm(30x32, 32x1024)
  triton_mm_19188 0.0765 ms 100.0% ACC_TYPE='tl.float32', ALLOW_TF32=True, BLOCK_K=32, BLOCK_M=32, BLOCK_N=128, EVEN_K=True, GROUP_M=8, num_stages=4, num_warps=8
  triton_mm_19180 0.0768 ms 99.6% ACC_TYPE='tl.float32', ALLOW_TF32=True, BLOCK_K=32, BLOCK_M=32, BLOCK_N=32, EVEN_K=True, GROUP_M=8, num_stages=2, num_warps=4
  triton_mm_19182 0.0773 ms 99.0% ACC_TYPE='tl.float32', ALLOW_TF32=True, BLOCK_K=32, BLOCK_M=32, BLOCK_N=32, EVEN_K=True, GROUP_M=8, num_stages=5, num_warps=4
  triton_mm_19184 0.0773 ms 98.9% ACC_TYPE='tl.float32', ALLOW_TF32=True, BLOCK_K=32, BLOCK_M=32, BLOCK_N=64, EVEN_K=True, GROUP_M=8, num_stages=2, num_warps=4
  triton_mm_19190 0.0775 ms 98.7% ACC_TYPE='tl.float32', ALLOW_TF32=True, BLOCK_K=32, BLOCK_M=32, BLOCK_N=64, EVEN_K=True, GROUP_M=8, num_stages=3, num_warps=4
  triton_mm_19183 0.0778 ms 98.4% ACC_TYPE='tl.float32', ALLOW_TF32=True, BLOCK_K=16, BLOCK_M=32, BLOCK_N=64, EVEN_K=True, GROUP_M=8, num_stages=2, num_warps=4
  triton_mm_19191 0.0780 ms 98.0% ACC_TYPE='tl.float32', ALLOW_TF32=True, BLOCK_K=32, BLOCK_M=32, BLOCK_N=64, EVEN_K=True, GROUP_M=8, num_stages=4, num_warps=8
  triton_mm_19185 0.0781 ms 97.9% ACC_TYPE='tl.float32', ALLOW_TF32=True, BLOCK_K=32, BLOCK_M=32, BLOCK_N=64, EVEN_K=True, GROUP_M=8, num_stages=3, num_warps=8
  triton_mm_19181 0.0795 ms 96.2% ACC_TYPE='tl.float32', ALLOW_TF32=True, BLOCK_K=32, BLOCK_M=32, BLOCK_N=64, EVEN_K=True, GROUP_M=8, num_stages=5, num_warps=8
  triton_mm_19186 0.0797 ms 95.9% ACC_TYPE='tl.float32', ALLOW_TF32=True, BLOCK_K=32, BLOCK_M=32, BLOCK_N=64, EVEN_K=True, GROUP_M=8, num_stages=5, num_warps=4
SingleProcess AUTOTUNE benchmarking takes 0.6938 seconds and 0.0003 seconds precompiling for 16 choices
AUTOTUNE mm(30x1024, 1024x2048)
  triton_mm_19203 0.0588 ms 100.0% ACC_TYPE='tl.float32', ALLOW_TF32=True, BLOCK_K=32, BLOCK_M=32, BLOCK_N=128, EVEN_K=True, GROUP_M=8, num_stages=3, num_warps=4
  triton_mm_19207 0.0590 ms 99.7% ACC_TYPE='tl.float32', ALLOW_TF32=True, BLOCK_K=32, BLOCK_M=32, BLOCK_N=64, EVEN_K=True, GROUP_M=8, num_stages=3, num_warps=4
  triton_mm_19208 0.0591 ms 99.5% ACC_TYPE='tl.float32', ALLOW_TF32=True, BLOCK_K=32, BLOCK_M=32, BLOCK_N=64, EVEN_K=True, GROUP_M=8, num_stages=4, num_warps=8
  triton_mm_19210 0.0592 ms 99.4% ACC_TYPE='tl.float32', ALLOW_TF32=True, BLOCK_K=64, BLOCK_M=32, BLOCK_N=128, EVEN_K=True, GROUP_M=8, num_stages=5, num_warps=8
  triton_mm_19196 0.0592 ms 99.3% ACC_TYPE='tl.float32', ALLOW_TF32=True, BLOCK_K=32, BLOCK_M=32, BLOCK_N=64, EVEN_K=True, GROUP_M=8, num_stages=5, num_warps=8
  triton_mm_19204 0.0595 ms 98.9% ACC_TYPE='tl.float32', ALLOW_TF32=True, BLOCK_K=32, BLOCK_M=32, BLOCK_N=128, EVEN_K=True, GROUP_M=8, num_stages=4, num_warps=8
  triton_mm_19202 0.0595 ms 98.9% ACC_TYPE='tl.float32', ALLOW_TF32=True, BLOCK_K=128, BLOCK_M=32, BLOCK_N=64, EVEN_K=True, GROUP_M=8, num_stages=5, num_warps=4
  triton_mm_19200 0.0596 ms 98.8% ACC_TYPE='tl.float32', ALLOW_TF32=True, BLOCK_K=32, BLOCK_M=32, BLOCK_N=64, EVEN_K=True, GROUP_M=8, num_stages=2, num_warps=4
  triton_mm_19198 0.0596 ms 98.6% ACC_TYPE='tl.float32', ALLOW_TF32=True, BLOCK_K=128, BLOCK_M=32, BLOCK_N=32, EVEN_K=True, GROUP_M=8, num_stages=5, num_warps=4
  triton_mm_19205 0.0597 ms 98.6% ACC_TYPE='tl.float32', ALLOW_TF32=True, BLOCK_K=64, BLOCK_M=32, BLOCK_N=128, EVEN_K=True, GROUP_M=8, num_stages=3, num_warps=4
SingleProcess AUTOTUNE benchmarking takes 0.6151 seconds and 0.0003 seconds precompiling for 18 choices
AUTOTUNE bmm(3x128x1, 3x1x10)
  triton_bmm_19214 0.0586 ms 100.0% ACC_TYPE='tl.float32', ALLOW_TF32=True, BLOCK_K=16, BLOCK_M=64, BLOCK_N=16, EVEN_K=False, GROUP_M=8, num_stages=5, num_warps=4
  triton_bmm_19218 0.0586 ms 100.0% ACC_TYPE='tl.float32', ALLOW_TF32=True, BLOCK_K=16, BLOCK_M=128, BLOCK_N=16, EVEN_K=False, GROUP_M=8, num_stages=3, num_warps=4
  triton_bmm_19211 0.0587 ms 99.8% ACC_TYPE='tl.float32', ALLOW_TF32=True, BLOCK_K=16, BLOCK_M=32, BLOCK_N=16, EVEN_K=False, GROUP_M=8, num_stages=1, num_warps=2
  triton_bmm_19212 0.0587 ms 99.8% ACC_TYPE='tl.float32', ALLOW_TF32=True, BLOCK_K=16, BLOCK_M=32, BLOCK_N=16, EVEN_K=False, GROUP_M=8, num_stages=2, num_warps=2
  triton_bmm_19220 0.0589 ms 99.4% ACC_TYPE='tl.float32', ALLOW_TF32=True, BLOCK_K=16, BLOCK_M=128, BLOCK_N=16, EVEN_K=False, GROUP_M=8, num_stages=2, num_warps=8
  triton_bmm_19217 0.0590 ms 99.3% ACC_TYPE='tl.float32', ALLOW_TF32=True, BLOCK_K=16, BLOCK_M=64, BLOCK_N=16, EVEN_K=False, GROUP_M=8, num_stages=4, num_warps=4
  triton_bmm_19219 0.0590 ms 99.3% ACC_TYPE='tl.float32', ALLOW_TF32=True, BLOCK_K=16, BLOCK_M=128, BLOCK_N=16, EVEN_K=False, GROUP_M=8, num_stages=4, num_warps=8
  triton_bmm_19215 0.0591 ms 99.1% ACC_TYPE='tl.float32', ALLOW_TF32=True, BLOCK_K=16, BLOCK_M=64, BLOCK_N=16, EVEN_K=False, GROUP_M=8, num_stages=2, num_warps=4
  triton_bmm_19213 0.0591 ms 99.0% ACC_TYPE='tl.float32', ALLOW_TF32=True, BLOCK_K=16, BLOCK_M=32, BLOCK_N=16, EVEN_K=False, GROUP_M=8, num_stages=5, num_warps=2
  triton_bmm_19221 0.0593 ms 98.8% ACC_TYPE='tl.float32', ALLOW_TF32=True, BLOCK_K=16, BLOCK_M=128, BLOCK_N=16, EVEN_K=False, GROUP_M=8, num_stages=5, num_warps=8
SingleProcess AUTOTUNE benchmarking takes 3.9075 seconds and 0.0003 seconds precompiling for 12 choices
AUTOTUNE mm(30x1024, 1024x256)
  triton_mm_19223 0.0587 ms 100.0% ACC_TYPE='tl.float32', ALLOW_TF32=True, BLOCK_K=128, BLOCK_M=32, BLOCK_N=32, EVEN_K=True, GROUP_M=8, num_stages=2, num_warps=4
  triton_mm_19230 0.0587 ms 100.0% ACC_TYPE='tl.float32', ALLOW_TF32=True, BLOCK_K=128, BLOCK_M=32, BLOCK_N=64, EVEN_K=True, GROUP_M=8, num_stages=5, num_warps=4
  triton_mm_19228 0.0588 ms 99.8% ACC_TYPE='tl.float32', ALLOW_TF32=True, BLOCK_K=32, BLOCK_M=32, BLOCK_N=64, EVEN_K=True, GROUP_M=8, num_stages=2, num_warps=4
  triton_mm_19233 0.0588 ms 99.7% ACC_TYPE='tl.float32', ALLOW_TF32=True, BLOCK_K=64, BLOCK_M=32, BLOCK_N=128, EVEN_K=True, GROUP_M=8, num_stages=3, num_warps=4
  triton_mm_19229 0.0588 ms 99.7% ACC_TYPE='tl.float32', ALLOW_TF32=True, BLOCK_K=64, BLOCK_M=32, BLOCK_N=64, EVEN_K=True, GROUP_M=8, num_stages=3, num_warps=8
  triton_mm_19231 0.0589 ms 99.6% ACC_TYPE='tl.float32', ALLOW_TF32=True, BLOCK_K=32, BLOCK_M=32, BLOCK_N=128, EVEN_K=True, GROUP_M=8, num_stages=3, num_warps=4
  triton_mm_19234 0.0590 ms 99.5% ACC_TYPE='tl.float32', ALLOW_TF32=True, BLOCK_K=128, BLOCK_M=32, BLOCK_N=128, EVEN_K=True, GROUP_M=8, num_stages=4, num_warps=4
  triton_mm_19232 0.0591 ms 99.3% ACC_TYPE='tl.float32', ALLOW_TF32=True, BLOCK_K=32, BLOCK_M=32, BLOCK_N=128, EVEN_K=True, GROUP_M=8, num_stages=4, num_warps=8
  triton_mm_19236 0.0591 ms 99.3% ACC_TYPE='tl.float32', ALLOW_TF32=True, BLOCK_K=32, BLOCK_M=32, BLOCK_N=64, EVEN_K=True, GROUP_M=8, num_stages=4, num_warps=8
  triton_mm_19226 0.0594 ms 98.8% ACC_TYPE='tl.float32', ALLOW_TF32=True, BLOCK_K=128, BLOCK_M=32, BLOCK_N=32, EVEN_K=True, GROUP_M=8, num_stages=5, num_warps=4
SingleProcess AUTOTUNE benchmarking takes 0.5908 seconds and 0.0002 seconds precompiling for 18 choices
AUTOTUNE bmm(24x10x256, 24x256x978)
  triton_bmm_19245 0.0584 ms 100.0% ACC_TYPE='tl.float32', ALLOW_TF32=True, BLOCK_K=32, BLOCK_M=16, BLOCK_N=64, EVEN_K=True, GROUP_M=8, num_stages=2, num_warps=4
  triton_bmm_19247 0.0585 ms 99.7% ACC_TYPE='tl.float32', ALLOW_TF32=True, BLOCK_K=128, BLOCK_M=16, BLOCK_N=64, EVEN_K=True, GROUP_M=8, num_stages=5, num_warps=4
  triton_bmm_19240 0.0588 ms 99.2% ACC_TYPE='tl.float32', ALLOW_TF32=True, BLOCK_K=128, BLOCK_M=16, BLOCK_N=32, EVEN_K=True, GROUP_M=8, num_stages=2, num_warps=2
  triton_bmm_19241 0.0590 ms 99.0% ACC_TYPE='tl.float32', ALLOW_TF32=True, BLOCK_K=32, BLOCK_M=16, BLOCK_N=64, EVEN_K=True, GROUP_M=8, num_stages=5, num_warps=4
  triton_bmm_19243 0.0590 ms 98.9% ACC_TYPE='tl.float32', ALLOW_TF32=True, BLOCK_K=128, BLOCK_M=16, BLOCK_N=32, EVEN_K=True, GROUP_M=8, num_stages=5, num_warps=2
  triton_bmm_19253 0.0591 ms 98.8% ACC_TYPE='tl.float32', ALLOW_TF32=True, BLOCK_K=32, BLOCK_M=16, BLOCK_N=64, EVEN_K=True, GROUP_M=8, num_stages=4, num_warps=4
  triton_bmm_19255 0.0591 ms 98.7% ACC_TYPE='tl.float32', ALLOW_TF32=True, BLOCK_K=64, BLOCK_M=16, BLOCK_N=128, EVEN_K=True, GROUP_M=8, num_stages=5, num_warps=8
  triton_bmm_19246 0.0592 ms 98.6% ACC_TYPE='tl.float32', ALLOW_TF32=True, BLOCK_K=64, BLOCK_M=16, BLOCK_N=64, EVEN_K=True, GROUP_M=8, num_stages=3, num_warps=4
  triton_bmm_19248 0.0592 ms 98.6% ACC_TYPE='tl.float32', ALLOW_TF32=True, BLOCK_K=32, BLOCK_M=16, BLOCK_N=128, EVEN_K=True, GROUP_M=8, num_stages=3, num_warps=4
  triton_bmm_19244 0.0592 ms 98.6% ACC_TYPE='tl.float32', ALLOW_TF32=True, BLOCK_K=16, BLOCK_M=16, BLOCK_N=64, EVEN_K=True, GROUP_M=8, num_stages=2, num_warps=4
SingleProcess AUTOTUNE benchmarking takes 0.5991 seconds and 0.0003 seconds precompiling for 18 choices
AUTOTUNE bmm(24x10x978, 24x978x256)
  triton_bmm_19287 0.0582 ms 100.0% ACC_TYPE='tl.float32', ALLOW_TF32=True, BLOCK_K=32, BLOCK_M=16, BLOCK_N=64, EVEN_K=False, GROUP_M=8, num_stages=4, num_warps=4
  triton_bmm_19279 0.0584 ms 99.7% ACC_TYPE='tl.float32', ALLOW_TF32=True, BLOCK_K=32, BLOCK_M=16, BLOCK_N=64, EVEN_K=False, GROUP_M=8, num_stages=2, num_warps=4
  triton_bmm_19276 0.0585 ms 99.5% ACC_TYPE='tl.float32', ALLOW_TF32=True, BLOCK_K=32, BLOCK_M=16, BLOCK_N=32, EVEN_K=False, GROUP_M=8, num_stages=5, num_warps=2
  triton_bmm_19286 0.0585 ms 99.4% ACC_TYPE='tl.float32', ALLOW_TF32=True, BLOCK_K=32, BLOCK_M=16, BLOCK_N=64, EVEN_K=False, GROUP_M=8, num_stages=3, num_warps=4
  triton_bmm_19280 0.0586 ms 99.3% ACC_TYPE='tl.float32', ALLOW_TF32=True, BLOCK_K=64, BLOCK_M=16, BLOCK_N=64, EVEN_K=False, GROUP_M=8, num_stages=3, num_warps=4
  triton_bmm_19281 0.0586 ms 99.3% ACC_TYPE='tl.float32', ALLOW_TF32=True, BLOCK_K=128, BLOCK_M=16, BLOCK_N=64, EVEN_K=False, GROUP_M=8, num_stages=5, num_warps=4
  triton_bmm_19285 0.0586 ms 99.3% ACC_TYPE='tl.float32', ALLOW_TF32=True, BLOCK_K=128, BLOCK_M=16, BLOCK_N=128, EVEN_K=False, GROUP_M=8, num_stages=4, num_warps=4
  triton_bmm_19277 0.0588 ms 99.0% ACC_TYPE='tl.float32', ALLOW_TF32=True, BLOCK_K=128, BLOCK_M=16, BLOCK_N=32, EVEN_K=False, GROUP_M=8, num_stages=5, num_warps=2
  triton_bmm_19275 0.0591 ms 98.5% ACC_TYPE='tl.float32', ALLOW_TF32=True, BLOCK_K=32, BLOCK_M=16, BLOCK_N=64, EVEN_K=False, GROUP_M=8, num_stages=5, num_warps=4
  triton_bmm_19289 0.0592 ms 98.2% ACC_TYPE='tl.float32', ALLOW_TF32=True, BLOCK_K=64, BLOCK_M=16, BLOCK_N=128, EVEN_K=False, GROUP_M=8, num_stages=5, num_warps=8
SingleProcess AUTOTUNE benchmarking takes 0.5607 seconds and 0.0003 seconds precompiling for 18 choices
AUTOTUNE mm(30x4096, 4096x1024)
  triton_mm_19349 0.0586 ms 100.0% ACC_TYPE='tl.float32', ALLOW_TF32=True, BLOCK_K=128, BLOCK_M=32, BLOCK_N=64, EVEN_K=True, GROUP_M=8, num_stages=5, num_warps=4
  triton_mm_19345 0.0591 ms 99.0% ACC_TYPE='tl.float32', ALLOW_TF32=True, BLOCK_K=128, BLOCK_M=32, BLOCK_N=32, EVEN_K=True, GROUP_M=8, num_stages=5, num_warps=4
  triton_mm_19353 0.0596 ms 98.2% ACC_TYPE='tl.float32', ALLOW_TF32=True, BLOCK_K=128, BLOCK_M=32, BLOCK_N=128, EVEN_K=True, GROUP_M=8, num_stages=4, num_warps=4
  triton_mm_19344 0.0597 ms 98.1% ACC_TYPE='tl.float32', ALLOW_TF32=True, BLOCK_K=32, BLOCK_M=32, BLOCK_N=32, EVEN_K=True, GROUP_M=8, num_stages=5, num_warps=4
  triton_mm_19357 0.0608 ms 96.3% ACC_TYPE='tl.float32', ALLOW_TF32=True, BLOCK_K=64, BLOCK_M=32, BLOCK_N=128, EVEN_K=True, GROUP_M=8, num_stages=5, num_warps=8
  triton_mm_19348 0.0609 ms 96.2% ACC_TYPE='tl.float32', ALLOW_TF32=True, BLOCK_K=64, BLOCK_M=32, BLOCK_N=64, EVEN_K=True, GROUP_M=8, num_stages=3, num_warps=8
  triton_mm_19343 0.0611 ms 95.8% ACC_TYPE='tl.float32', ALLOW_TF32=True, BLOCK_K=32, BLOCK_M=32, BLOCK_N=64, EVEN_K=True, GROUP_M=8, num_stages=5, num_warps=8
  triton_mm_19342 0.0612 ms 95.7% ACC_TYPE='tl.float32', ALLOW_TF32=True, BLOCK_K=128, BLOCK_M=32, BLOCK_N=32, EVEN_K=True, GROUP_M=8, num_stages=2, num_warps=4
  triton_mm_19352 0.0639 ms 91.6% ACC_TYPE='tl.float32', ALLOW_TF32=True, BLOCK_K=64, BLOCK_M=32, BLOCK_N=128, EVEN_K=True, GROUP_M=8, num_stages=3, num_warps=4
  triton_mm_19355 0.0681 ms 86.0% ACC_TYPE='tl.float32', ALLOW_TF32=True, BLOCK_K=32, BLOCK_M=32, BLOCK_N=64, EVEN_K=True, GROUP_M=8, num_stages=4, num_warps=8
SingleProcess AUTOTUNE benchmarking takes 0.5951 seconds and 0.0003 seconds precompiling for 18 choices
AUTOTUNE addmm(30x32, 30x1024, 1024x32)
  triton_mm_21967 0.0597 ms 100.0% ACC_TYPE='tl.float32', ALLOW_TF32=True, BLOCK_K=32, BLOCK_M=32, BLOCK_N=32, EVEN_K=True, GROUP_M=8, num_stages=4, num_warps=4
  triton_mm_21964 0.0605 ms 98.7% ACC_TYPE='tl.float32', ALLOW_TF32=True, BLOCK_K=32, BLOCK_M=32, BLOCK_N=32, EVEN_K=True, GROUP_M=8, num_stages=2, num_warps=4
  triton_mm_21961 0.0606 ms 98.5% ACC_TYPE='tl.float32', ALLOW_TF32=True, BLOCK_K=32, BLOCK_M=32, BLOCK_N=32, EVEN_K=True, GROUP_M=8, num_stages=5, num_warps=4
  triton_mm_21965 0.0606 ms 98.5% ACC_TYPE='tl.float32', ALLOW_TF32=True, BLOCK_K=64, BLOCK_M=32, BLOCK_N=32, EVEN_K=True, GROUP_M=8, num_stages=3, num_warps=4
  triton_mm_21968 0.0609 ms 98.0% ACC_TYPE='tl.float32', ALLOW_TF32=True, BLOCK_K=128, BLOCK_M=32, BLOCK_N=32, EVEN_K=True, GROUP_M=8, num_stages=4, num_warps=4
  triton_mm_21969 0.0610 ms 97.8% ACC_TYPE='tl.float32', ALLOW_TF32=True, BLOCK_K=64, BLOCK_M=32, BLOCK_N=32, EVEN_K=True, GROUP_M=8, num_stages=5, num_warps=4
  triton_mm_21960 0.0611 ms 97.7% ACC_TYPE='tl.float32', ALLOW_TF32=True, BLOCK_K=128, BLOCK_M=32, BLOCK_N=32, EVEN_K=True, GROUP_M=8, num_stages=2, num_warps=4
  triton_mm_21966 0.0611 ms 97.7% ACC_TYPE='tl.float32', ALLOW_TF32=True, BLOCK_K=32, BLOCK_M=32, BLOCK_N=32, EVEN_K=True, GROUP_M=8, num_stages=3, num_warps=4
  triton_mm_21962 0.0612 ms 97.5% ACC_TYPE='tl.float32', ALLOW_TF32=True, BLOCK_K=128, BLOCK_M=32, BLOCK_N=32, EVEN_K=True, GROUP_M=8, num_stages=5, num_warps=4
  triton_mm_21959 0.0757 ms 78.8% ACC_TYPE='tl.float32', ALLOW_TF32=True, BLOCK_K=16, BLOCK_M=32, BLOCK_N=32, EVEN_K=True, GROUP_M=8, num_stages=1, num_warps=2
SingleProcess AUTOTUNE benchmarking takes 0.4223 seconds and 0.0002 seconds precompiling for 13 choices
continuous        6/6        0.02   240649.9  240673.0  240718.0  240718.0   100.0%

wrote data/bench_scheduler.json
