/home/work/hyunmokchoi/openpi/.venv/lib/python3.11/site-packages/torch/cuda/__init__.py:61: FutureWarning: The pynvml package is deprecated. Please install nvidia-ml-py instead. If you did not install pynvml directly, please report this to the maintainers of the package that installed pynvml for you.
  import pynvml  # type: ignore[import]
GPU free at start    : 78.8 / 79.3 GiB
/home/work/hyunmokchoi/openpi/.venv/lib/python3.11/site-packages/torch/cuda/__init__.py:61: FutureWarning: The pynvml package is deprecated. Please install nvidia-ml-py instead. If you did not install pynvml directly, please report this to the maintainers of the package that installed pynvml for you.
  import pynvml  # type: ignore[import]
model load           : 82.7 s
robots               : 6, phases [0.0, 40.0, 85.0, 120.0, 190.0, 230.0]
compile mode         : max-autotune
warming compiled shapes (record pass included; sizes 1-2 are the slow ones)...
  B=1 warm in 58.4 s
  B=2 warm in 103.3 s
  B=3 warm in 10.3 s
  B=4 warm in 10.5 s
  B=5 warm in 10.7 s
  B=6 warm in 10.9 s
  B=7 warm in 11.0 s
  B=8 warm in 11.4 s
warm.

policy              done thru r/s   e2e mean   e2e p50   e2e p99   e2e max     miss
    [ring] per-tick cost, by in-flight count:
      n= 1  ticks=   2  merge    2.2 ms  denoise    3.5 ms
      n= 2  ticks=   2  merge    4.2 ms  denoise    4.9 ms
      n= 3  ticks=   2  merge    1.2 ms  denoise    5.3 ms
      n= 4  ticks=   2  merge    1.1 ms  denoise    5.7 ms
      n= 5  ticks=   2  merge    1.2 ms  denoise    6.0 ms
      n= 6  ticks=   2  merge    1.2 ms  denoise    6.5 ms
      n= 7  ticks=   2  merge    1.2 ms  denoise    7.2 ms
      n= 8  ticks=  53  merge    1.3 ms  denoise    7.9 ms
      prefill B= 1  n= 48     32.3 ms
  continuous: dry run (compiling) 2.4 s
    [ring] per-tick cost, by in-flight count:
      n= 1  ticks=   2  merge    1.1 ms  denoise    3.0 ms
      n= 2  ticks=   3  merge    1.1 ms  denoise    4.7 ms
      n= 3  ticks=   2  merge    1.1 ms  denoise    5.1 ms
      n= 4  ticks=   8  merge    1.1 ms  denoise    5.6 ms
      n= 5  ticks=   2  merge    1.2 ms  denoise    6.1 ms
      n= 6  ticks=   4  merge    1.2 ms  denoise    6.7 ms
      n= 8  ticks=  50  merge    1.3 ms  denoise    8.0 ms
      prefill B= 1  n= 38     32.6 ms
      prefill B= 2  n=  5     58.6 ms
continuous       48/48      20.43      480.1     489.8     623.0     623.0   100.0%

wrote data/bench_scheduler.json
