############################################################
# c1 : 1 client(s), 30 requests each, mode=rate
############################################################
server died during startup; tail of data/profiling/c1.server.log:
    self.current_callable = PyCodeCache.load_by_key_path(
                            ^^^^^^^^^^^^^^^^^^^^^^^^^^^^^
  File "/home/work/hyunmokchoi/openpi/.venv/lib/python3.11/site-packages/torch/_inductor/codecache.py", line 2747, in load_by_key_path
    mod = _reload_python_module(key, path)
          ^^^^^^^^^^^^^^^^^^^^^^^^^^^^^^^^
  File "/home/work/hyunmokchoi/openpi/.venv/lib/python3.11/site-packages/torch/_inductor/runtime/compile_tasks.py", line 36, in _reload_python_module
    exec(code, mod.__dict__, mod.__dict__)
  File "/tmp/torchinductor_work/56/c56b4chfxm3hiqj7kzahlyke4ir6abjymrqed5t3olqsj3rhcpha.py", line 43, in <module>
    triton_poi_fused_normal_0 = async_compile.triton('triton_poi_fused_normal_0', '''
                                ^^^^^^^^^^^^^^^^^^^^^^^^^^^^^^^^^^^^^^^^^^^^^^^^^^^^^
  File "/home/work/hyunmokchoi/openpi/.venv/lib/python3.11/site-packages/torch/_inductor/async_compile.py", line 346, in triton
    kernel.precompile(warm_cache_only=False)
  File "/home/work/hyunmokchoi/openpi/.venv/lib/python3.11/site-packages/torch/_inductor/runtime/triton_heuristics.py", line 277, in precompile
    self._make_launchers()
  File "/home/work/hyunmokchoi/openpi/.venv/lib/python3.11/site-packages/torch/_inductor/runtime/triton_heuristics.py", line 434, in _make_launchers
    launchers.append(result.make_launcher())
                     ^^^^^^^^^^^^^^^^^^^^^^
  File "/home/work/hyunmokchoi/openpi/.venv/lib/python3.11/site-packages/torch/_inductor/runtime/triton_heuristics.py", line 1091, in make_launcher
    binary._init_handles()
  File "/home/work/hyunmokchoi/openpi/.venv/lib/python3.11/site-packages/triton/compiler/compiler.py", line 399, in _init_handles
    max_shared = driver.active.utils.get_device_properties(device)["max_shared_mem"]
                 ^^^^^^^^^^^^^^^^^^^^^^^^^^^^^^^^^^^^^^^^^^^^^^^^^
torch._dynamo.exc.BackendCompilerFailed: backend='inductor' raised:
RuntimeError: Triton Error [CUDA]: initialization error

Set TORCHDYNAMO_VERBOSE=1 for the internal stack trace (please do this especially if you're reporting a bug to PyTorch). For even more developer context, set TORCH_LOGS="+dynamo"

Processing events...
Generated:
	No reports were generated
