/home/work/hyunmokchoi/openpi/.venv/lib/python3.11/site-packages/torch/cuda/__init__.py:61: FutureWarning: The pynvml package is deprecated. Please install nvidia-ml-py instead. If you did not install pynvml directly, please report this to the maintainers of the package that installed pynvml for you.
  import pynvml  # type: ignore[import]
GPU free at start    : 78.8 / 79.3 GiB
/home/work/hyunmokchoi/openpi/.venv/lib/python3.11/site-packages/torch/cuda/__init__.py:61: FutureWarning: The pynvml package is deprecated. Please install nvidia-ml-py instead. If you did not install pynvml directly, please report this to the maintainers of the package that installed pynvml for you.
  import pynvml  # type: ignore[import]
model load           : 82.0 s
weights              : 7.00 GiB

=== compiled latency at each (batch, num_steps) ===
  B  steps  compile s   mean ms   p99 ms
AUTOTUNE mm(4840x2048, 2048x16384)
  mm 1.2728 ms 100.0% 
  triton_mm_9478 1.4612 ms 87.1% ACC_TYPE='tl.float32', ALLOW_TF32=True, BLOCK_K=64, BLOCK_M=128, BLOCK_N=128, EVEN_K=True, GROUP_M=8, num_stages=3, num_warps=4
  triton_mm_9477 1.4621 ms 87.1% ACC_TYPE='tl.float32', ALLOW_TF32=True, BLOCK_K=32, BLOCK_M=128, BLOCK_N=128, EVEN_K=True, GROUP_M=8, num_stages=3, num_warps=4
  triton_mm_9474 1.6308 ms 78.0% ACC_TYPE='tl.float32', ALLOW_TF32=True, BLOCK_K=32, BLOCK_M=128, BLOCK_N=64, EVEN_K=True, GROUP_M=8, num_stages=3, num_warps=4
  triton_mm_9472 1.6737 ms 76.1% ACC_TYPE='tl.float32', ALLOW_TF32=True, BLOCK_K=64, BLOCK_M=64, BLOCK_N=128, EVEN_K=True, GROUP_M=8, num_stages=3, num_warps=4
  triton_mm_9470 1.7178 ms 74.1% ACC_TYPE='tl.float32', ALLOW_TF32=True, BLOCK_K=32, BLOCK_M=64, BLOCK_N=128, EVEN_K=True, GROUP_M=8, num_stages=3, num_warps=4
  triton_mm_9479 1.7788 ms 71.6% ACC_TYPE='tl.float32', ALLOW_TF32=True, BLOCK_K=64, BLOCK_M=128, BLOCK_N=128, EVEN_K=True, GROUP_M=8, num_stages=5, num_warps=8
  triton_mm_9475 2.1083 ms 60.4% ACC_TYPE='tl.float32', ALLOW_TF32=True, BLOCK_K=32, BLOCK_M=128, BLOCK_N=64, EVEN_K=True, GROUP_M=8, num_stages=4, num_warps=8
  triton_mm_9471 2.1147 ms 60.2% ACC_TYPE='tl.float32', ALLOW_TF32=True, BLOCK_K=32, BLOCK_M=64, BLOCK_N=128, EVEN_K=True, GROUP_M=8, num_stages=4, num_warps=8
  triton_mm_9473 2.1920 ms 58.1% ACC_TYPE='tl.float32', ALLOW_TF32=True, BLOCK_K=128, BLOCK_M=64, BLOCK_N=128, EVEN_K=True, GROUP_M=8, num_stages=4, num_warps=4
SingleProcess AUTOTUNE benchmarking takes 1.3546 seconds and 0.0005 seconds precompiling for 20 choices
AUTOTUNE mm(1280x1152, 1152x4304)
  triton_mm_100 0.0776 ms 100.0% ACC_TYPE='tl.float32', ALLOW_TF32=True, BLOCK_K=64, BLOCK_M=128, BLOCK_N=128, EVEN_K=True, GROUP_M=8, num_stages=3, num_warps=4
  triton_mm_99 0.0823 ms 94.3% ACC_TYPE='tl.float32', ALLOW_TF32=True, BLOCK_K=32, BLOCK_M=128, BLOCK_N=128, EVEN_K=True, GROUP_M=8, num_stages=3, num_warps=4
  triton_mm_94 0.0829 ms 93.6% ACC_TYPE='tl.float32', ALLOW_TF32=True, BLOCK_K=64, BLOCK_M=64, BLOCK_N=128, EVEN_K=True, GROUP_M=8, num_stages=3, num_warps=4
  triton_mm_96 0.0832 ms 93.3% ACC_TYPE='tl.float32', ALLOW_TF32=True, BLOCK_K=32, BLOCK_M=128, BLOCK_N=64, EVEN_K=True, GROUP_M=8, num_stages=3, num_warps=4
  triton_mm_92 0.0848 ms 91.5% ACC_TYPE='tl.float32', ALLOW_TF32=True, BLOCK_K=32, BLOCK_M=64, BLOCK_N=128, EVEN_K=True, GROUP_M=8, num_stages=3, num_warps=4
  mm 0.0903 ms 85.9% 
  triton_mm_93 0.0929 ms 83.6% ACC_TYPE='tl.float32', ALLOW_TF32=True, BLOCK_K=32, BLOCK_M=64, BLOCK_N=128, EVEN_K=True, GROUP_M=8, num_stages=4, num_warps=8
  triton_mm_101 0.0936 ms 83.0% ACC_TYPE='tl.float32', ALLOW_TF32=True, BLOCK_K=64, BLOCK_M=128, BLOCK_N=128, EVEN_K=True, GROUP_M=8, num_stages=5, num_warps=8
  triton_mm_97 0.0940 ms 82.5% ACC_TYPE='tl.float32', ALLOW_TF32=True, BLOCK_K=32, BLOCK_M=128, BLOCK_N=64, EVEN_K=True, GROUP_M=8, num_stages=4, num_warps=8
  triton_mm_95 0.0959 ms 80.9% ACC_TYPE='tl.float32', ALLOW_TF32=True, BLOCK_K=128, BLOCK_M=64, BLOCK_N=128, EVEN_K=True, GROUP_M=8, num_stages=4, num_warps=4
SingleProcess AUTOTUNE benchmarking takes 0.6525 seconds and 0.0003 seconds precompiling for 20 choices
AUTOTUNE mm(4840x2048, 2048x2048)
  mm 0.1704 ms 100.0% 
  triton_mm_9440 0.1907 ms 89.4% ACC_TYPE='tl.float32', ALLOW_TF32=True, BLOCK_K=64, BLOCK_M=128, BLOCK_N=128, EVEN_K=True, GROUP_M=8, num_stages=3, num_warps=4
  triton_mm_9439 0.2006 ms 85.0% ACC_TYPE='tl.float32', ALLOW_TF32=True, BLOCK_K=32, BLOCK_M=128, BLOCK_N=128, EVEN_K=True, GROUP_M=8, num_stages=3, num_warps=4
  triton_mm_9434 0.2164 ms 78.7% ACC_TYPE='tl.float32', ALLOW_TF32=True, BLOCK_K=64, BLOCK_M=64, BLOCK_N=128, EVEN_K=True, GROUP_M=8, num_stages=3, num_warps=4
  triton_mm_9436 0.2210 ms 77.1% ACC_TYPE='tl.float32', ALLOW_TF32=True, BLOCK_K=32, BLOCK_M=128, BLOCK_N=64, EVEN_K=True, GROUP_M=8, num_stages=3, num_warps=4
  triton_mm_9432 0.2231 ms 76.4% ACC_TYPE='tl.float32', ALLOW_TF32=True, BLOCK_K=32, BLOCK_M=64, BLOCK_N=128, EVEN_K=True, GROUP_M=8, num_stages=3, num_warps=4
  triton_mm_9441 0.2287 ms 74.5% ACC_TYPE='tl.float32', ALLOW_TF32=True, BLOCK_K=64, BLOCK_M=128, BLOCK_N=128, EVEN_K=True, GROUP_M=8, num_stages=5, num_warps=8
  triton_mm_9433 0.2645 ms 64.4% ACC_TYPE='tl.float32', ALLOW_TF32=True, BLOCK_K=32, BLOCK_M=64, BLOCK_N=128, EVEN_K=True, GROUP_M=8, num_stages=4, num_warps=8
  triton_mm_9435 0.2714 ms 62.8% ACC_TYPE='tl.float32', ALLOW_TF32=True, BLOCK_K=128, BLOCK_M=64, BLOCK_N=128, EVEN_K=True, GROUP_M=8, num_stages=4, num_warps=4
  triton_mm_9437 0.2770 ms 61.5% ACC_TYPE='tl.float32', ALLOW_TF32=True, BLOCK_K=32, BLOCK_M=128, BLOCK_N=64, EVEN_K=True, GROUP_M=8, num_stages=4, num_warps=8
SingleProcess AUTOTUNE benchmarking takes 0.8799 seconds and 0.0003 seconds precompiling for 20 choices
AUTOTUNE mm(1280x1152, 1152x1152)
  triton_mm_75 0.0443 ms 100.0% ACC_TYPE='tl.float32', ALLOW_TF32=True, BLOCK_K=64, BLOCK_M=64, BLOCK_N=128, EVEN_K=True, GROUP_M=8, num_stages=3, num_warps=4
  triton_mm_82 0.0444 ms 99.8% ACC_TYPE='tl.float32', ALLOW_TF32=True, BLOCK_K=64, BLOCK_M=128, BLOCK_N=128, EVEN_K=True, GROUP_M=8, num_stages=5, num_warps=8
  triton_mm_81 0.0456 ms 97.1% ACC_TYPE='tl.float32', ALLOW_TF32=True, BLOCK_K=64, BLOCK_M=128, BLOCK_N=128, EVEN_K=True, GROUP_M=8, num_stages=3, num_warps=4
  triton_mm_73 0.0463 ms 95.6% ACC_TYPE='tl.float32', ALLOW_TF32=True, BLOCK_K=32, BLOCK_M=64, BLOCK_N=128, EVEN_K=True, GROUP_M=8, num_stages=3, num_warps=4
  triton_mm_77 0.0469 ms 94.3% ACC_TYPE='tl.float32', ALLOW_TF32=True, BLOCK_K=32, BLOCK_M=128, BLOCK_N=64, EVEN_K=True, GROUP_M=8, num_stages=3, num_warps=4
  triton_mm_78 0.0470 ms 94.1% ACC_TYPE='tl.float32', ALLOW_TF32=True, BLOCK_K=32, BLOCK_M=128, BLOCK_N=64, EVEN_K=True, GROUP_M=8, num_stages=4, num_warps=8
  triton_mm_80 0.0474 ms 93.3% ACC_TYPE='tl.float32', ALLOW_TF32=True, BLOCK_K=32, BLOCK_M=128, BLOCK_N=128, EVEN_K=True, GROUP_M=8, num_stages=3, num_warps=4
  triton_mm_74 0.0482 ms 91.9% ACC_TYPE='tl.float32', ALLOW_TF32=True, BLOCK_K=32, BLOCK_M=64, BLOCK_N=128, EVEN_K=True, GROUP_M=8, num_stages=4, num_warps=8
  triton_mm_76 0.0488 ms 90.7% ACC_TYPE='tl.float32', ALLOW_TF32=True, BLOCK_K=128, BLOCK_M=64, BLOCK_N=128, EVEN_K=True, GROUP_M=8, num_stages=4, num_warps=4
  triton_mm_71 0.0530 ms 83.6% ACC_TYPE='tl.float32', ALLOW_TF32=True, BLOCK_K=64, BLOCK_M=64, BLOCK_N=64, EVEN_K=True, GROUP_M=8, num_stages=3, num_warps=8
SingleProcess AUTOTUNE benchmarking takes 0.5805 seconds and 0.0004 seconds precompiling for 20 choices
AUTOTUNE convolution(5x3x224x224, 1152x3x14x14)
  convolution 0.1470 ms 100.0% 
  triton_convolution2d_5 0.2944 ms 49.9% ALLOW_TF32=True, BLOCK_K=16, BLOCK_M=64, BLOCK_N=256, GROUPS=1, KERNEL_H=14, KERNEL_W=14, PADDING_H=0, PADDING_W=0, STRIDE_H=14, STRIDE_W=14, UNROLL=False, num_stages=2, num_warps=8
  triton_convolution2d_3 0.2971 ms 49.5% ALLOW_TF32=True, BLOCK_K=16, BLOCK_M=128, BLOCK_N=128, GROUPS=1, KERNEL_H=14, KERNEL_W=14, PADDING_H=0, PADDING_W=0, STRIDE_H=14, STRIDE_W=14, UNROLL=False, num_stages=2, num_warps=8
  triton_convolution2d_6 0.2972 ms 49.5% ALLOW_TF32=True, BLOCK_K=16, BLOCK_M=256, BLOCK_N=64, GROUPS=1, KERNEL_H=14, KERNEL_W=14, PADDING_H=0, PADDING_W=0, STRIDE_H=14, STRIDE_W=14, UNROLL=False, num_stages=2, num_warps=8
  triton_convolution2d_0 0.3365 ms 43.7% ALLOW_TF32=True, BLOCK_K=16, BLOCK_M=64, BLOCK_N=256, GROUPS=1, KERNEL_H=14, KERNEL_W=14, PADDING_H=0, PADDING_W=0, STRIDE_H=14, STRIDE_W=14, UNROLL=False, num_stages=2, num_warps=4
  triton_convolution2d_4 0.4291 ms 34.3% ALLOW_TF32=True, BLOCK_K=16, BLOCK_M=64, BLOCK_N=64, GROUPS=1, KERNEL_H=14, KERNEL_W=14, PADDING_H=0, PADDING_W=0, STRIDE_H=14, STRIDE_W=14, UNROLL=False, num_stages=2, num_warps=4
  triton_convolution2d_1 0.6789 ms 21.7% ALLOW_TF32=True, BLOCK_K=16, BLOCK_M=256, BLOCK_N=64, GROUPS=1, KERNEL_H=14, KERNEL_W=14, PADDING_H=0, PADDING_W=0, STRIDE_H=14, STRIDE_W=14, UNROLL=False, num_stages=2, num_warps=4
  triton_convolution2d_2 0.9769 ms 15.1% ALLOW_TF32=True, BLOCK_K=16, BLOCK_M=1024, BLOCK_N=16, GROUPS=1, KERNEL_H=14, KERNEL_W=14, PADDING_H=0, PADDING_W=0, STRIDE_H=14, STRIDE_W=14, UNROLL=False, num_stages=1, num_warps=8
SingleProcess AUTOTUNE benchmarking takes 0.4634 seconds and 0.0002 seconds precompiling for 8 choices
AUTOTUNE mm(1280x4304, 4304x1152)
  triton_mm_120 0.0854 ms 100.0% ACC_TYPE='tl.float32', ALLOW_TF32=True, BLOCK_K=64, BLOCK_M=128, BLOCK_N=128, EVEN_K=False, GROUP_M=8, num_stages=5, num_warps=8
  mm 0.0883 ms 96.7% 
  triton_mm_113 0.0890 ms 96.0% ACC_TYPE='tl.float32', ALLOW_TF32=True, BLOCK_K=64, BLOCK_M=64, BLOCK_N=128, EVEN_K=False, GROUP_M=8, num_stages=3, num_warps=4
  triton_mm_111 0.0936 ms 91.2% ACC_TYPE='tl.float32', ALLOW_TF32=True, BLOCK_K=32, BLOCK_M=64, BLOCK_N=128, EVEN_K=False, GROUP_M=8, num_stages=3, num_warps=4
  triton_mm_115 0.0988 ms 86.5% ACC_TYPE='tl.float32', ALLOW_TF32=True, BLOCK_K=32, BLOCK_M=128, BLOCK_N=64, EVEN_K=False, GROUP_M=8, num_stages=3, num_warps=4
  triton_mm_114 0.1004 ms 85.0% ACC_TYPE='tl.float32', ALLOW_TF32=True, BLOCK_K=128, BLOCK_M=64, BLOCK_N=128, EVEN_K=False, GROUP_M=8, num_stages=4, num_warps=4
  triton_mm_112 0.1030 ms 82.9% ACC_TYPE='tl.float32', ALLOW_TF32=True, BLOCK_K=32, BLOCK_M=64, BLOCK_N=128, EVEN_K=False, GROUP_M=8, num_stages=4, num_warps=8
  triton_mm_118 0.1076 ms 79.4% ACC_TYPE='tl.float32', ALLOW_TF32=True, BLOCK_K=32, BLOCK_M=128, BLOCK_N=128, EVEN_K=False, GROUP_M=8, num_stages=3, num_warps=4
  triton_mm_116 0.1100 ms 77.6% ACC_TYPE='tl.float32', ALLOW_TF32=True, BLOCK_K=32, BLOCK_M=128, BLOCK_N=64, EVEN_K=False, GROUP_M=8, num_stages=4, num_warps=8
  triton_mm_109 0.1125 ms 75.9% ACC_TYPE='tl.float32', ALLOW_TF32=True, BLOCK_K=64, BLOCK_M=64, BLOCK_N=64, EVEN_K=False, GROUP_M=8, num_stages=3, num_warps=8
SingleProcess AUTOTUNE benchmarking takes 0.7164 seconds and 0.0003 seconds precompiling for 20 choices
AUTOTUNE addmm(1280x2048, 1280x1152, 1152x2048)
  triton_mm_9266 0.0582 ms 100.0% ACC_TYPE='tl.float32', ALLOW_TF32=True, BLOCK_K=64, BLOCK_M=64, BLOCK_N=128, EVEN_K=True, GROUP_M=8, num_stages=3, num_warps=4
  triton_mm_9264 0.0591 ms 98.4% ACC_TYPE='tl.float32', ALLOW_TF32=True, BLOCK_K=32, BLOCK_M=64, BLOCK_N=128, EVEN_K=True, GROUP_M=8, num_stages=3, num_warps=4
  triton_mm_9268 0.0599 ms 97.1% ACC_TYPE='tl.float32', ALLOW_TF32=True, BLOCK_K=32, BLOCK_M=128, BLOCK_N=64, EVEN_K=True, GROUP_M=8, num_stages=3, num_warps=4
  triton_mm_9272 0.0601 ms 96.8% ACC_TYPE='tl.float32', ALLOW_TF32=True, BLOCK_K=64, BLOCK_M=128, BLOCK_N=128, EVEN_K=True, GROUP_M=8, num_stages=3, num_warps=4
  triton_mm_9265 0.0625 ms 93.1% ACC_TYPE='tl.float32', ALLOW_TF32=True, BLOCK_K=32, BLOCK_M=64, BLOCK_N=128, EVEN_K=True, GROUP_M=8, num_stages=4, num_warps=8
  triton_mm_9271 0.0630 ms 92.3% ACC_TYPE='tl.float32', ALLOW_TF32=True, BLOCK_K=32, BLOCK_M=128, BLOCK_N=128, EVEN_K=True, GROUP_M=8, num_stages=3, num_warps=4
  triton_mm_9269 0.0635 ms 91.7% ACC_TYPE='tl.float32', ALLOW_TF32=True, BLOCK_K=32, BLOCK_M=128, BLOCK_N=64, EVEN_K=True, GROUP_M=8, num_stages=4, num_warps=8
  triton_mm_9267 0.0662 ms 87.9% ACC_TYPE='tl.float32', ALLOW_TF32=True, BLOCK_K=128, BLOCK_M=64, BLOCK_N=128, EVEN_K=True, GROUP_M=8, num_stages=4, num_warps=4
  triton_mm_9262 0.0686 ms 84.8% ACC_TYPE='tl.float32', ALLOW_TF32=True, BLOCK_K=64, BLOCK_M=64, BLOCK_N=64, EVEN_K=True, GROUP_M=8, num_stages=3, num_warps=8
  triton_mm_9273 0.0687 ms 84.7% ACC_TYPE='tl.float32', ALLOW_TF32=True, BLOCK_K=64, BLOCK_M=128, BLOCK_N=128, EVEN_K=True, GROUP_M=8, num_stages=5, num_warps=8
SingleProcess AUTOTUNE benchmarking takes 0.5986 seconds and 0.0003 seconds precompiling for 21 choices
AUTOTUNE bmm(5x128x1, 5x1x968)
  triton_bmm_9334 0.0385 ms 100.0% ACC_TYPE='tl.float32', ALLOW_TF32=True, BLOCK_K=16, BLOCK_M=64, BLOCK_N=32, EVEN_K=False, GROUP_M=8, num_stages=5, num_warps=8
  triton_bmm_9346 0.0385 ms 100.0% ACC_TYPE='tl.float32', ALLOW_TF32=True, BLOCK_K=16, BLOCK_M=128, BLOCK_N=128, EVEN_K=False, GROUP_M=8, num_stages=5, num_warps=8
  triton_bmm_9342 0.0386 ms 99.8% ACC_TYPE='tl.float32', ALLOW_TF32=True, BLOCK_K=16, BLOCK_M=128, BLOCK_N=64, EVEN_K=False, GROUP_M=8, num_stages=3, num_warps=4
  triton_bmm_9341 0.0387 ms 99.5% ACC_TYPE='tl.float32', ALLOW_TF32=True, BLOCK_K=16, BLOCK_M=64, BLOCK_N=128, EVEN_K=False, GROUP_M=8, num_stages=4, num_warps=4
  triton_bmm_9335 0.0388 ms 99.2% ACC_TYPE='tl.float32', ALLOW_TF32=True, BLOCK_K=16, BLOCK_M=64, BLOCK_N=32, EVEN_K=False, GROUP_M=8, num_stages=5, num_warps=4
  triton_bmm_9333 0.0391 ms 98.6% ACC_TYPE='tl.float32', ALLOW_TF32=True, BLOCK_K=16, BLOCK_M=32, BLOCK_N=64, EVEN_K=False, GROUP_M=8, num_stages=5, num_warps=8
  triton_bmm_9345 0.0391 ms 98.6% ACC_TYPE='tl.float32', ALLOW_TF32=True, BLOCK_K=16, BLOCK_M=128, BLOCK_N=128, EVEN_K=False, GROUP_M=8, num_stages=3, num_warps=4
  triton_bmm_9343 0.0392 ms 98.4% ACC_TYPE='tl.float32', ALLOW_TF32=True, BLOCK_K=16, BLOCK_M=128, BLOCK_N=64, EVEN_K=False, GROUP_M=8, num_stages=4, num_warps=8
  triton_bmm_9340 0.0392 ms 98.3% ACC_TYPE='tl.float32', ALLOW_TF32=True, BLOCK_K=16, BLOCK_M=64, BLOCK_N=128, EVEN_K=False, GROUP_M=8, num_stages=4, num_warps=8
  triton_bmm_9337 0.0393 ms 98.0% ACC_TYPE='tl.float32', ALLOW_TF32=True, BLOCK_K=16, BLOCK_M=64, BLOCK_N=64, EVEN_K=False, GROUP_M=8, num_stages=3, num_warps=8
SingleProcess AUTOTUNE benchmarking takes 0.5095 seconds and 0.0003 seconds precompiling for 17 choices
AUTOTUNE mm(4840x2048, 2048x256)
  triton_mm_9365 0.0572 ms 100.0% ACC_TYPE='tl.float32', ALLOW_TF32=True, BLOCK_K=64, BLOCK_M=128, BLOCK_N=128, EVEN_K=True, GROUP_M=8, num_stages=5, num_warps=8
  triton_mm_9358 0.0584 ms 98.1% ACC_TYPE='tl.float32', ALLOW_TF32=True, BLOCK_K=64, BLOCK_M=64, BLOCK_N=128, EVEN_K=True, GROUP_M=8, num_stages=3, num_warps=4
  triton_mm_9354 0.0606 ms 94.5% ACC_TYPE='tl.float32', ALLOW_TF32=True, BLOCK_K=64, BLOCK_M=64, BLOCK_N=64, EVEN_K=True, GROUP_M=8, num_stages=3, num_warps=8
  triton_mm_9364 0.0610 ms 93.9% ACC_TYPE='tl.float32', ALLOW_TF32=True, BLOCK_K=64, BLOCK_M=128, BLOCK_N=128, EVEN_K=True, GROUP_M=8, num_stages=3, num_warps=4
  triton_mm_9355 0.0628 ms 91.2% ACC_TYPE='tl.float32', ALLOW_TF32=True, BLOCK_K=128, BLOCK_M=64, BLOCK_N=64, EVEN_K=True, GROUP_M=8, num_stages=5, num_warps=4
  triton_mm_9359 0.0669 ms 85.6% ACC_TYPE='tl.float32', ALLOW_TF32=True, BLOCK_K=128, BLOCK_M=64, BLOCK_N=128, EVEN_K=True, GROUP_M=8, num_stages=4, num_warps=4
  triton_mm_9357 0.0673 ms 85.1% ACC_TYPE='tl.float32', ALLOW_TF32=True, BLOCK_K=32, BLOCK_M=64, BLOCK_N=128, EVEN_K=True, GROUP_M=8, num_stages=4, num_warps=8
  triton_mm_9356 0.0681 ms 84.0% ACC_TYPE='tl.float32', ALLOW_TF32=True, BLOCK_K=32, BLOCK_M=64, BLOCK_N=128, EVEN_K=True, GROUP_M=8, num_stages=3, num_warps=4
  mm 0.0684 ms 83.6% 
  triton_mm_9363 0.0684 ms 83.6% ACC_TYPE='tl.float32', ALLOW_TF32=True, BLOCK_K=32, BLOCK_M=128, BLOCK_N=128, EVEN_K=True, GROUP_M=8, num_stages=3, num_warps=4
SingleProcess AUTOTUNE benchmarking takes 0.5724 seconds and 0.0003 seconds precompiling for 20 choices
AUTOTUNE bmm(40x968x256, 40x256x968)
  triton_bmm_9383 0.1404 ms 100.0% ACC_TYPE='tl.float32', ALLOW_TF32=True, BLOCK_K=64, BLOCK_M=128, BLOCK_N=128, EVEN_K=True, GROUP_M=8, num_stages=3, num_warps=4
  triton_bmm_9382 0.1427 ms 98.4% ACC_TYPE='tl.float32', ALLOW_TF32=True, BLOCK_K=32, BLOCK_M=128, BLOCK_N=128, EVEN_K=True, GROUP_M=8, num_stages=3, num_warps=4
  triton_bmm_9379 0.1564 ms 89.8% ACC_TYPE='tl.float32', ALLOW_TF32=True, BLOCK_K=32, BLOCK_M=128, BLOCK_N=64, EVEN_K=True, GROUP_M=8, num_stages=3, num_warps=4
  triton_bmm_9377 0.1675 ms 83.8% ACC_TYPE='tl.float32', ALLOW_TF32=True, BLOCK_K=64, BLOCK_M=64, BLOCK_N=128, EVEN_K=True, GROUP_M=8, num_stages=3, num_warps=4
  triton_bmm_9375 0.1680 ms 83.6% ACC_TYPE='tl.float32', ALLOW_TF32=True, BLOCK_K=32, BLOCK_M=64, BLOCK_N=128, EVEN_K=True, GROUP_M=8, num_stages=3, num_warps=4
  bmm 0.1741 ms 80.7% 
  triton_bmm_9384 0.1849 ms 76.0% ACC_TYPE='tl.float32', ALLOW_TF32=True, BLOCK_K=64, BLOCK_M=128, BLOCK_N=128, EVEN_K=True, GROUP_M=8, num_stages=5, num_warps=8
  triton_bmm_9380 0.1871 ms 75.0% ACC_TYPE='tl.float32', ALLOW_TF32=True, BLOCK_K=32, BLOCK_M=128, BLOCK_N=64, EVEN_K=True, GROUP_M=8, num_stages=4, num_warps=8
  triton_bmm_9381 0.1882 ms 74.6% ACC_TYPE='tl.float32', ALLOW_TF32=True, BLOCK_K=32, BLOCK_M=128, BLOCK_N=128, EVEN_K=True, GROUP_M=8, num_stages=2, num_warps=8
  triton_bmm_9376 0.1931 ms 72.7% ACC_TYPE='tl.float32', ALLOW_TF32=True, BLOCK_K=32, BLOCK_M=64, BLOCK_N=128, EVEN_K=True, GROUP_M=8, num_stages=4, num_warps=8
SingleProcess AUTOTUNE benchmarking takes 0.8295 seconds and 0.0003 seconds precompiling for 20 choices
AUTOTUNE bmm(40x968x968, 40x968x256)
  bmm 0.1190 ms 100.0% 
  triton_bmm_9421 0.1284 ms 92.7% ACC_TYPE='tl.float32', ALLOW_TF32=True, BLOCK_K=64, BLOCK_M=128, BLOCK_N=128, EVEN_K=False, GROUP_M=8, num_stages=3, num_warps=4
  triton_bmm_9420 0.1322 ms 90.1% ACC_TYPE='tl.float32', ALLOW_TF32=True, BLOCK_K=32, BLOCK_M=128, BLOCK_N=128, EVEN_K=False, GROUP_M=8, num_stages=3, num_warps=4
  triton_bmm_9415 0.1426 ms 83.5% ACC_TYPE='tl.float32', ALLOW_TF32=True, BLOCK_K=64, BLOCK_M=64, BLOCK_N=128, EVEN_K=False, GROUP_M=8, num_stages=3, num_warps=4
  triton_bmm_9422 0.1518 ms 78.4% ACC_TYPE='tl.float32', ALLOW_TF32=True, BLOCK_K=64, BLOCK_M=128, BLOCK_N=128, EVEN_K=False, GROUP_M=8, num_stages=5, num_warps=8
  triton_bmm_9413 0.1528 ms 77.9% ACC_TYPE='tl.float32', ALLOW_TF32=True, BLOCK_K=32, BLOCK_M=64, BLOCK_N=128, EVEN_K=False, GROUP_M=8, num_stages=3, num_warps=4
  triton_bmm_9414 0.1588 ms 75.0% ACC_TYPE='tl.float32', ALLOW_TF32=True, BLOCK_K=32, BLOCK_M=64, BLOCK_N=128, EVEN_K=False, GROUP_M=8, num_stages=4, num_warps=8
  triton_bmm_9417 0.1614 ms 73.8% ACC_TYPE='tl.float32', ALLOW_TF32=True, BLOCK_K=32, BLOCK_M=128, BLOCK_N=64, EVEN_K=False, GROUP_M=8, num_stages=3, num_warps=4
  triton_bmm_9416 0.1726 ms 69.0% ACC_TYPE='tl.float32', ALLOW_TF32=True, BLOCK_K=128, BLOCK_M=64, BLOCK_N=128, EVEN_K=False, GROUP_M=8, num_stages=4, num_warps=4
  triton_bmm_9419 0.1740 ms 68.4% ACC_TYPE='tl.float32', ALLOW_TF32=True, BLOCK_K=32, BLOCK_M=128, BLOCK_N=128, EVEN_K=False, GROUP_M=8, num_stages=2, num_warps=8
SingleProcess AUTOTUNE benchmarking takes 0.8334 seconds and 0.0003 seconds precompiling for 20 choices
AUTOTUNE mm(4840x16384, 16384x2048)
  mm 1.2314 ms 100.0% 
  triton_mm_9497 1.4364 ms 85.7% ACC_TYPE='tl.float32', ALLOW_TF32=True, BLOCK_K=64, BLOCK_M=128, BLOCK_N=128, EVEN_K=True, GROUP_M=8, num_stages=3, num_warps=4
  triton_mm_9496 1.5155 ms 81.3% ACC_TYPE='tl.float32', ALLOW_TF32=True, BLOCK_K=32, BLOCK_M=128, BLOCK_N=128, EVEN_K=True, GROUP_M=8, num_stages=3, num_warps=4
  triton_mm_9498 1.6547 ms 74.4% ACC_TYPE='tl.float32', ALLOW_TF32=True, BLOCK_K=64, BLOCK_M=128, BLOCK_N=128, EVEN_K=True, GROUP_M=8, num_stages=5, num_warps=8
  triton_mm_9491 1.7333 ms 71.0% ACC_TYPE='tl.float32', ALLOW_TF32=True, BLOCK_K=64, BLOCK_M=64, BLOCK_N=128, EVEN_K=True, GROUP_M=8, num_stages=3, num_warps=4
  triton_mm_9493 1.7762 ms 69.3% ACC_TYPE='tl.float32', ALLOW_TF32=True, BLOCK_K=32, BLOCK_M=128, BLOCK_N=64, EVEN_K=True, GROUP_M=8, num_stages=3, num_warps=4
  triton_mm_9489 1.8146 ms 67.9% ACC_TYPE='tl.float32', ALLOW_TF32=True, BLOCK_K=32, BLOCK_M=64, BLOCK_N=128, EVEN_K=True, GROUP_M=8, num_stages=3, num_warps=4
  triton_mm_9492 2.0193 ms 61.0% ACC_TYPE='tl.float32', ALLOW_TF32=True, BLOCK_K=128, BLOCK_M=64, BLOCK_N=128, EVEN_K=True, GROUP_M=8, num_stages=4, num_warps=4
  triton_mm_9494 2.1385 ms 57.6% ACC_TYPE='tl.float32', ALLOW_TF32=True, BLOCK_K=32, BLOCK_M=128, BLOCK_N=64, EVEN_K=True, GROUP_M=8, num_stages=4, num_warps=8
  triton_mm_9490 2.1520 ms 57.2% ACC_TYPE='tl.float32', ALLOW_TF32=True, BLOCK_K=32, BLOCK_M=64, BLOCK_N=128, EVEN_K=True, GROUP_M=8, num_stages=4, num_warps=8
SingleProcess AUTOTUNE benchmarking takes 1.1566 seconds and 0.0003 seconds precompiling for 20 choices
AUTOTUNE mm(50x1024, 1024x4096)
  triton_mm_13086 0.0386 ms 100.0% ACC_TYPE='tl.float32', ALLOW_TF32=True, BLOCK_K=128, BLOCK_M=64, BLOCK_N=32, EVEN_K=True, GROUP_M=8, num_stages=5, num_warps=4
  triton_mm_13090 0.0390 ms 98.9% ACC_TYPE='tl.float32', ALLOW_TF32=True, BLOCK_K=128, BLOCK_M=64, BLOCK_N=64, EVEN_K=True, GROUP_M=8, num_stages=5, num_warps=4
  triton_mm_13093 0.0390 ms 98.9% ACC_TYPE='tl.float32', ALLOW_TF32=True, BLOCK_K=64, BLOCK_M=64, BLOCK_N=128, EVEN_K=True, GROUP_M=8, num_stages=3, num_warps=4
  triton_mm_13094 0.0392 ms 98.4% ACC_TYPE='tl.float32', ALLOW_TF32=True, BLOCK_K=128, BLOCK_M=64, BLOCK_N=128, EVEN_K=True, GROUP_M=8, num_stages=4, num_warps=4
  triton_mm_13089 0.0394 ms 97.9% ACC_TYPE='tl.float32', ALLOW_TF32=True, BLOCK_K=64, BLOCK_M=64, BLOCK_N=64, EVEN_K=True, GROUP_M=8, num_stages=3, num_warps=8
  triton_mm_13098 0.0396 ms 97.5% ACC_TYPE='tl.float32', ALLOW_TF32=True, BLOCK_K=64, BLOCK_M=64, BLOCK_N=128, EVEN_K=True, GROUP_M=8, num_stages=5, num_warps=8
  triton_mm_13096 0.0396 ms 97.3% ACC_TYPE='tl.float32', ALLOW_TF32=True, BLOCK_K=32, BLOCK_M=64, BLOCK_N=64, EVEN_K=True, GROUP_M=8, num_stages=4, num_warps=8
  triton_mm_13095 0.0399 ms 96.7% ACC_TYPE='tl.float32', ALLOW_TF32=True, BLOCK_K=32, BLOCK_M=64, BLOCK_N=64, EVEN_K=True, GROUP_M=8, num_stages=3, num_warps=4
  triton_mm_13085 0.0399 ms 96.6% ACC_TYPE='tl.float32', ALLOW_TF32=True, BLOCK_K=32, BLOCK_M=64, BLOCK_N=32, EVEN_K=True, GROUP_M=8, num_stages=5, num_warps=8
  triton_mm_13084 0.0401 ms 96.2% ACC_TYPE='tl.float32', ALLOW_TF32=True, BLOCK_K=32, BLOCK_M=32, BLOCK_N=64, EVEN_K=True, GROUP_M=8, num_stages=5, num_warps=8
SingleProcess AUTOTUNE benchmarking takes 0.4885 seconds and 0.0003 seconds precompiling for 18 choices
E0804 17:25:47.258000 67128 .venv/lib/python3.11/site-packages/torch/_inductor/select_algorithm.py:2100] [7/0] Runtime error during autotuning: 
E0804 17:25:47.258000 67128 .venv/lib/python3.11/site-packages/torch/_inductor/select_algorithm.py:2100] [7/0] No valid triton configs. OutOfResources: out of resource: shared memory, Required: 221184, Hardware limit: 166912. Reducing block sizes or `num_stages` may help.. 
E0804 17:25:47.258000 67128 .venv/lib/python3.11/site-packages/torch/_inductor/select_algorithm.py:2100] [7/0] Ignoring this choice.
AUTOTUNE mm(5x1024, 1024x1024)
  triton_mm_12276 0.0389 ms 100.0% ACC_TYPE='tl.float32', ALLOW_TF32=True, BLOCK_K=32, BLOCK_M=16, BLOCK_N=32, EVEN_K=True, GROUP_M=8, num_stages=5, num_warps=2
  triton_mm_12289 0.0392 ms 99.3% ACC_TYPE='tl.float32', ALLOW_TF32=True, BLOCK_K=64, BLOCK_M=16, BLOCK_N=128, EVEN_K=True, GROUP_M=8, num_stages=5, num_warps=8
  triton_mm_12287 0.0393 ms 99.0% ACC_TYPE='tl.float32', ALLOW_TF32=True, BLOCK_K=32, BLOCK_M=16, BLOCK_N=64, EVEN_K=True, GROUP_M=8, num_stages=4, num_warps=4
  triton_mm_12282 0.0394 ms 98.7% ACC_TYPE='tl.float32', ALLOW_TF32=True, BLOCK_K=32, BLOCK_M=16, BLOCK_N=128, EVEN_K=True, GROUP_M=8, num_stages=3, num_warps=4
  triton_mm_12274 0.0396 ms 98.2% ACC_TYPE='tl.float32', ALLOW_TF32=True, BLOCK_K=128, BLOCK_M=16, BLOCK_N=32, EVEN_K=True, GROUP_M=8, num_stages=2, num_warps=2
  triton_mm_12283 0.0396 ms 98.1% ACC_TYPE='tl.float32', ALLOW_TF32=True, BLOCK_K=32, BLOCK_M=16, BLOCK_N=128, EVEN_K=True, GROUP_M=8, num_stages=4, num_warps=8
  triton_mm_12275 0.0396 ms 98.1% ACC_TYPE='tl.float32', ALLOW_TF32=True, BLOCK_K=32, BLOCK_M=16, BLOCK_N=64, EVEN_K=True, GROUP_M=8, num_stages=5, num_warps=4
  triton_mm_12284 0.0396 ms 98.1% ACC_TYPE='tl.float32', ALLOW_TF32=True, BLOCK_K=64, BLOCK_M=16, BLOCK_N=128, EVEN_K=True, GROUP_M=8, num_stages=3, num_warps=4
  triton_mm_12277 0.0398 ms 97.7% ACC_TYPE='tl.float32', ALLOW_TF32=True, BLOCK_K=128, BLOCK_M=16, BLOCK_N=32, EVEN_K=True, GROUP_M=8, num_stages=5, num_warps=2
  triton_mm_12286 0.0401 ms 96.9% ACC_TYPE='tl.float32', ALLOW_TF32=True, BLOCK_K=32, BLOCK_M=16, BLOCK_N=64, EVEN_K=True, GROUP_M=8, num_stages=3, num_warps=4
SingleProcess AUTOTUNE benchmarking takes 0.4732 seconds and 0.0002 seconds precompiling for 18 choices
E0804 17:25:48.847000 67128 .venv/lib/python3.11/site-packages/torch/_inductor/select_algorithm.py:2100] [7/0] Runtime error during autotuning: 
E0804 17:25:48.847000 67128 .venv/lib/python3.11/site-packages/torch/_inductor/select_algorithm.py:2100] [7/0] No valid triton configs. OutOfResources: out of resource: shared memory, Required: 196608, Hardware limit: 166912. Reducing block sizes or `num_stages` may help.. 
E0804 17:25:48.847000 67128 .venv/lib/python3.11/site-packages/torch/_inductor/select_algorithm.py:2100] [7/0] Ignoring this choice.
AUTOTUNE addmm(50x32, 50x1024, 1024x32)
  triton_mm_15730 0.0503 ms 100.0% ACC_TYPE='tl.float32', ALLOW_TF32=True, BLOCK_K=64, BLOCK_M=64, BLOCK_N=32, EVEN_K=True, GROUP_M=8, num_stages=5, num_warps=8
  triton_mm_15727 0.0504 ms 99.9% ACC_TYPE='tl.float32', ALLOW_TF32=True, BLOCK_K=64, BLOCK_M=64, BLOCK_N=32, EVEN_K=True, GROUP_M=8, num_stages=3, num_warps=4
  triton_mm_15724 0.0521 ms 96.7% ACC_TYPE='tl.float32', ALLOW_TF32=True, BLOCK_K=64, BLOCK_M=64, BLOCK_N=32, EVEN_K=True, GROUP_M=8, num_stages=3, num_warps=8
  triton_mm_15718 0.0523 ms 96.3% ACC_TYPE='tl.float32', ALLOW_TF32=True, BLOCK_K=128, BLOCK_M=32, BLOCK_N=32, EVEN_K=True, GROUP_M=8, num_stages=2, num_warps=4
  triton_mm_15720 0.0524 ms 96.1% ACC_TYPE='tl.float32', ALLOW_TF32=True, BLOCK_K=32, BLOCK_M=64, BLOCK_N=32, EVEN_K=True, GROUP_M=8, num_stages=5, num_warps=8
  triton_mm_15728 0.0524 ms 96.0% ACC_TYPE='tl.float32', ALLOW_TF32=True, BLOCK_K=128, BLOCK_M=64, BLOCK_N=32, EVEN_K=True, GROUP_M=8, num_stages=4, num_warps=4
  triton_mm_15726 0.0532 ms 94.6% ACC_TYPE='tl.float32', ALLOW_TF32=True, BLOCK_K=32, BLOCK_M=64, BLOCK_N=32, EVEN_K=True, GROUP_M=8, num_stages=4, num_warps=8
  triton_mm_15719 0.0540 ms 93.3% ACC_TYPE='tl.float32', ALLOW_TF32=True, BLOCK_K=32, BLOCK_M=32, BLOCK_N=32, EVEN_K=True, GROUP_M=8, num_stages=5, num_warps=4
  triton_mm_15725 0.0540 ms 93.3% ACC_TYPE='tl.float32', ALLOW_TF32=True, BLOCK_K=32, BLOCK_M=64, BLOCK_N=32, EVEN_K=True, GROUP_M=8, num_stages=3, num_warps=4
  triton_mm_15729 0.0578 ms 87.1% ACC_TYPE='tl.float32', ALLOW_TF32=True, BLOCK_K=32, BLOCK_M=64, BLOCK_N=32, EVEN_K=True, GROUP_M=8, num_stages=2, num_warps=8
SingleProcess AUTOTUNE benchmarking takes 0.5867 seconds and 0.0003 seconds precompiling for 16 choices
AUTOTUNE mm(50x2048, 2048x1024)
  triton_mm_13055 0.0438 ms 100.0% ACC_TYPE='tl.float32', ALLOW_TF32=True, BLOCK_K=64, BLOCK_M=64, BLOCK_N=64, EVEN_K=True, GROUP_M=8, num_stages=3, num_warps=8
  triton_mm_13052 0.0504 ms 86.9% ACC_TYPE='tl.float32', ALLOW_TF32=True, BLOCK_K=128, BLOCK_M=64, BLOCK_N=32, EVEN_K=True, GROUP_M=8, num_stages=5, num_warps=4
  triton_mm_13060 0.0506 ms 86.7% ACC_TYPE='tl.float32', ALLOW_TF32=True, BLOCK_K=128, BLOCK_M=64, BLOCK_N=128, EVEN_K=True, GROUP_M=8, num_stages=4, num_warps=4
  triton_mm_13056 0.0524 ms 83.7% ACC_TYPE='tl.float32', ALLOW_TF32=True, BLOCK_K=128, BLOCK_M=64, BLOCK_N=64, EVEN_K=True, GROUP_M=8, num_stages=5, num_warps=4
  triton_mm_13059 0.0525 ms 83.5% ACC_TYPE='tl.float32', ALLOW_TF32=True, BLOCK_K=64, BLOCK_M=64, BLOCK_N=128, EVEN_K=True, GROUP_M=8, num_stages=3, num_warps=4
  triton_mm_13049 0.0525 ms 83.4% ACC_TYPE='tl.float32', ALLOW_TF32=True, BLOCK_K=128, BLOCK_M=32, BLOCK_N=32, EVEN_K=True, GROUP_M=8, num_stages=2, num_warps=4
  triton_mm_13064 0.0531 ms 82.5% ACC_TYPE='tl.float32', ALLOW_TF32=True, BLOCK_K=64, BLOCK_M=64, BLOCK_N=128, EVEN_K=True, GROUP_M=8, num_stages=5, num_warps=8
  triton_mm_13051 0.0532 ms 82.4% ACC_TYPE='tl.float32', ALLOW_TF32=True, BLOCK_K=32, BLOCK_M=64, BLOCK_N=32, EVEN_K=True, GROUP_M=8, num_stages=5, num_warps=8
  triton_mm_13050 0.0535 ms 81.9% ACC_TYPE='tl.float32', ALLOW_TF32=True, BLOCK_K=32, BLOCK_M=32, BLOCK_N=64, EVEN_K=True, GROUP_M=8, num_stages=5, num_warps=8
  triton_mm_13062 0.0538 ms 81.5% ACC_TYPE='tl.float32', ALLOW_TF32=True, BLOCK_K=32, BLOCK_M=64, BLOCK_N=64, EVEN_K=True, GROUP_M=8, num_stages=4, num_warps=8
SingleProcess AUTOTUNE benchmarking takes 0.6926 seconds and 0.0003 seconds precompiling for 18 choices
E0804 17:25:54.516000 67128 .venv/lib/python3.11/site-packages/torch/_inductor/select_algorithm.py:2100] [7/0] Runtime error during autotuning: 
E0804 17:25:54.516000 67128 .venv/lib/python3.11/site-packages/torch/_inductor/select_algorithm.py:2100] [7/0] No valid triton configs. OutOfResources: out of resource: shared memory, Required: 221184, Hardware limit: 166912. Reducing block sizes or `num_stages` may help.. 
E0804 17:25:54.516000 67128 .venv/lib/python3.11/site-packages/torch/_inductor/select_algorithm.py:2100] [7/0] Ignoring this choice.
AUTOTUNE mm(5x1024, 1024x3072)
  triton_mm_12311 0.0393 ms 100.0% ACC_TYPE='tl.float32', ALLOW_TF32=True, BLOCK_K=128, BLOCK_M=16, BLOCK_N=32, EVEN_K=True, GROUP_M=8, num_stages=5, num_warps=2
  triton_mm_12315 0.0393 ms 100.0% ACC_TYPE='tl.float32', ALLOW_TF32=True, BLOCK_K=128, BLOCK_M=16, BLOCK_N=64, EVEN_K=True, GROUP_M=8, num_stages=5, num_warps=4
  triton_mm_12318 0.0394 ms 99.7% ACC_TYPE='tl.float32', ALLOW_TF32=True, BLOCK_K=64, BLOCK_M=16, BLOCK_N=128, EVEN_K=True, GROUP_M=8, num_stages=3, num_warps=4
  triton_mm_12309 0.0396 ms 99.3% ACC_TYPE='tl.float32', ALLOW_TF32=True, BLOCK_K=32, BLOCK_M=16, BLOCK_N=64, EVEN_K=True, GROUP_M=8, num_stages=5, num_warps=4
  triton_mm_12323 0.0396 ms 99.2% ACC_TYPE='tl.float32', ALLOW_TF32=True, BLOCK_K=64, BLOCK_M=16, BLOCK_N=128, EVEN_K=True, GROUP_M=8, num_stages=5, num_warps=8
  triton_mm_12308 0.0398 ms 98.7% ACC_TYPE='tl.float32', ALLOW_TF32=True, BLOCK_K=128, BLOCK_M=16, BLOCK_N=32, EVEN_K=True, GROUP_M=8, num_stages=2, num_warps=2
  triton_mm_12310 0.0398 ms 98.7% ACC_TYPE='tl.float32', ALLOW_TF32=True, BLOCK_K=32, BLOCK_M=16, BLOCK_N=32, EVEN_K=True, GROUP_M=8, num_stages=5, num_warps=2
  triton_mm_12321 0.0399 ms 98.4% ACC_TYPE='tl.float32', ALLOW_TF32=True, BLOCK_K=32, BLOCK_M=16, BLOCK_N=64, EVEN_K=True, GROUP_M=8, num_stages=4, num_warps=4
  triton_mm_12320 0.0399 ms 98.3% ACC_TYPE='tl.float32', ALLOW_TF32=True, BLOCK_K=32, BLOCK_M=16, BLOCK_N=64, EVEN_K=True, GROUP_M=8, num_stages=3, num_warps=4
  triton_mm_12314 0.0400 ms 98.2% ACC_TYPE='tl.float32', ALLOW_TF32=True, BLOCK_K=64, BLOCK_M=16, BLOCK_N=64, EVEN_K=True, GROUP_M=8, num_stages=3, num_warps=4
SingleProcess AUTOTUNE benchmarking takes 0.4665 seconds and 0.0003 seconds precompiling for 18 choices
AUTOTUNE mm(50x32, 32x1024)
  triton_mm_12938 0.0382 ms 100.0% ACC_TYPE='tl.float32', ALLOW_TF32=True, BLOCK_K=32, BLOCK_M=32, BLOCK_N=64, EVEN_K=True, GROUP_M=8, num_stages=5, num_warps=8
  triton_mm_12942 0.0384 ms 99.7% ACC_TYPE='tl.float32', ALLOW_TF32=True, BLOCK_K=32, BLOCK_M=64, BLOCK_N=64, EVEN_K=True, GROUP_M=8, num_stages=2, num_warps=4
  triton_mm_12948 0.0384 ms 99.7% ACC_TYPE='tl.float32', ALLOW_TF32=True, BLOCK_K=32, BLOCK_M=64, BLOCK_N=64, EVEN_K=True, GROUP_M=8, num_stages=3, num_warps=4
  triton_mm_12944 0.0385 ms 99.3% ACC_TYPE='tl.float32', ALLOW_TF32=True, BLOCK_K=32, BLOCK_M=64, BLOCK_N=64, EVEN_K=True, GROUP_M=8, num_stages=5, num_warps=4
  triton_mm_12941 0.0386 ms 99.1% ACC_TYPE='tl.float32', ALLOW_TF32=True, BLOCK_K=16, BLOCK_M=64, BLOCK_N=64, EVEN_K=True, GROUP_M=8, num_stages=2, num_warps=4
  triton_mm_12947 0.0387 ms 98.9% ACC_TYPE='tl.float32', ALLOW_TF32=True, BLOCK_K=32, BLOCK_M=64, BLOCK_N=128, EVEN_K=True, GROUP_M=8, num_stages=4, num_warps=4
  triton_mm_12940 0.0387 ms 98.8% ACC_TYPE='tl.float32', ALLOW_TF32=True, BLOCK_K=32, BLOCK_M=64, BLOCK_N=32, EVEN_K=True, GROUP_M=8, num_stages=5, num_warps=4
  triton_mm_12943 0.0387 ms 98.8% ACC_TYPE='tl.float32', ALLOW_TF32=True, BLOCK_K=32, BLOCK_M=64, BLOCK_N=64, EVEN_K=True, GROUP_M=8, num_stages=3, num_warps=8
  triton_mm_12949 0.0389 ms 98.3% ACC_TYPE='tl.float32', ALLOW_TF32=True, BLOCK_K=32, BLOCK_M=64, BLOCK_N=64, EVEN_K=True, GROUP_M=8, num_stages=4, num_warps=8
  triton_mm_12939 0.0390 ms 98.0% ACC_TYPE='tl.float32', ALLOW_TF32=True, BLOCK_K=32, BLOCK_M=64, BLOCK_N=32, EVEN_K=True, GROUP_M=8, num_stages=5, num_warps=8
SingleProcess AUTOTUNE benchmarking takes 0.4606 seconds and 0.0002 seconds precompiling for 17 choices
AUTOTUNE mm(50x1024, 1024x2048)
  triton_mm_12953 0.0388 ms 100.0% ACC_TYPE='tl.float32', ALLOW_TF32=True, BLOCK_K=128, BLOCK_M=32, BLOCK_N=32, EVEN_K=True, GROUP_M=8, num_stages=2, num_warps=4
  triton_mm_12956 0.0388 ms 100.0% ACC_TYPE='tl.float32', ALLOW_TF32=True, BLOCK_K=128, BLOCK_M=64, BLOCK_N=32, EVEN_K=True, GROUP_M=8, num_stages=5, num_warps=4
  triton_mm_12959 0.0388 ms 99.9% ACC_TYPE='tl.float32', ALLOW_TF32=True, BLOCK_K=64, BLOCK_M=64, BLOCK_N=64, EVEN_K=True, GROUP_M=8, num_stages=3, num_warps=8
  triton_mm_12955 0.0388 ms 99.8% ACC_TYPE='tl.float32', ALLOW_TF32=True, BLOCK_K=32, BLOCK_M=64, BLOCK_N=32, EVEN_K=True, GROUP_M=8, num_stages=5, num_warps=8
  triton_mm_12966 0.0389 ms 99.6% ACC_TYPE='tl.float32', ALLOW_TF32=True, BLOCK_K=32, BLOCK_M=64, BLOCK_N=64, EVEN_K=True, GROUP_M=8, num_stages=4, num_warps=8
  triton_mm_12963 0.0390 ms 99.5% ACC_TYPE='tl.float32', ALLOW_TF32=True, BLOCK_K=64, BLOCK_M=64, BLOCK_N=128, EVEN_K=True, GROUP_M=8, num_stages=3, num_warps=4
  triton_mm_12960 0.0391 ms 99.2% ACC_TYPE='tl.float32', ALLOW_TF32=True, BLOCK_K=128, BLOCK_M=64, BLOCK_N=64, EVEN_K=True, GROUP_M=8, num_stages=5, num_warps=4
  triton_mm_12964 0.0392 ms 98.9% ACC_TYPE='tl.float32', ALLOW_TF32=True, BLOCK_K=128, BLOCK_M=64, BLOCK_N=128, EVEN_K=True, GROUP_M=8, num_stages=4, num_warps=4
  triton_mm_12962 0.0393 ms 98.7% ACC_TYPE='tl.float32', ALLOW_TF32=True, BLOCK_K=32, BLOCK_M=64, BLOCK_N=128, EVEN_K=True, GROUP_M=8, num_stages=4, num_warps=8
  triton_mm_12954 0.0395 ms 98.1% ACC_TYPE='tl.float32', ALLOW_TF32=True, BLOCK_K=32, BLOCK_M=32, BLOCK_N=64, EVEN_K=True, GROUP_M=8, num_stages=5, num_warps=8
SingleProcess AUTOTUNE benchmarking takes 0.4975 seconds and 0.0002 seconds precompiling for 18 choices
AUTOTUNE bmm(5x128x1, 5x1x10)
  triton_bmm_12974 0.0381 ms 100.0% ACC_TYPE='tl.float32', ALLOW_TF32=True, BLOCK_K=16, BLOCK_M=64, BLOCK_N=16, EVEN_K=False, GROUP_M=8, num_stages=3, num_warps=4
  triton_bmm_12969 0.0382 ms 99.7% ACC_TYPE='tl.float32', ALLOW_TF32=True, BLOCK_K=16, BLOCK_M=32, BLOCK_N=16, EVEN_K=False, GROUP_M=8, num_stages=1, num_warps=2
  triton_bmm_12976 0.0383 ms 99.4% ACC_TYPE='tl.float32', ALLOW_TF32=True, BLOCK_K=16, BLOCK_M=128, BLOCK_N=16, EVEN_K=False, GROUP_M=8, num_stages=3, num_warps=4
  triton_bmm_12971 0.0384 ms 99.2% ACC_TYPE='tl.float32', ALLOW_TF32=True, BLOCK_K=16, BLOCK_M=32, BLOCK_N=16, EVEN_K=False, GROUP_M=8, num_stages=5, num_warps=2
  triton_bmm_12970 0.0386 ms 98.7% ACC_TYPE='tl.float32', ALLOW_TF32=True, BLOCK_K=16, BLOCK_M=32, BLOCK_N=16, EVEN_K=False, GROUP_M=8, num_stages=2, num_warps=2
  triton_bmm_12972 0.0386 ms 98.7% ACC_TYPE='tl.float32', ALLOW_TF32=True, BLOCK_K=16, BLOCK_M=64, BLOCK_N=16, EVEN_K=False, GROUP_M=8, num_stages=5, num_warps=4
  triton_bmm_12973 0.0386 ms 98.7% ACC_TYPE='tl.float32', ALLOW_TF32=True, BLOCK_K=16, BLOCK_M=64, BLOCK_N=16, EVEN_K=False, GROUP_M=8, num_stages=2, num_warps=4
  triton_bmm_12979 0.0386 ms 98.7% ACC_TYPE='tl.float32', ALLOW_TF32=True, BLOCK_K=16, BLOCK_M=128, BLOCK_N=16, EVEN_K=False, GROUP_M=8, num_stages=5, num_warps=8
  triton_bmm_12978 0.0387 ms 98.6% ACC_TYPE='tl.float32', ALLOW_TF32=True, BLOCK_K=16, BLOCK_M=128, BLOCK_N=16, EVEN_K=False, GROUP_M=8, num_stages=2, num_warps=8
  triton_bmm_12977 0.0388 ms 98.1% ACC_TYPE='tl.float32', ALLOW_TF32=True, BLOCK_K=16, BLOCK_M=128, BLOCK_N=16, EVEN_K=False, GROUP_M=8, num_stages=4, num_warps=8
SingleProcess AUTOTUNE benchmarking takes 0.3413 seconds and 0.0002 seconds precompiling for 12 choices
AUTOTUNE mm(50x1024, 1024x256)
  triton_mm_12990 0.0383 ms 100.0% ACC_TYPE='tl.float32', ALLOW_TF32=True, BLOCK_K=32, BLOCK_M=64, BLOCK_N=128, EVEN_K=True, GROUP_M=8, num_stages=4, num_warps=8
  triton_mm_12981 0.0384 ms 99.9% ACC_TYPE='tl.float32', ALLOW_TF32=True, BLOCK_K=128, BLOCK_M=32, BLOCK_N=32, EVEN_K=True, GROUP_M=8, num_stages=2, num_warps=4
  triton_mm_12996 0.0384 ms 99.8% ACC_TYPE='tl.float32', ALLOW_TF32=True, BLOCK_K=64, BLOCK_M=64, BLOCK_N=128, EVEN_K=True, GROUP_M=8, num_stages=5, num_warps=8
  triton_mm_12984 0.0387 ms 99.0% ACC_TYPE='tl.float32', ALLOW_TF32=True, BLOCK_K=128, BLOCK_M=64, BLOCK_N=32, EVEN_K=True, GROUP_M=8, num_stages=5, num_warps=4
  triton_mm_12993 0.0387 ms 99.0% ACC_TYPE='tl.float32', ALLOW_TF32=True, BLOCK_K=32, BLOCK_M=64, BLOCK_N=64, EVEN_K=True, GROUP_M=8, num_stages=3, num_warps=4
  triton_mm_12983 0.0388 ms 98.8% ACC_TYPE='tl.float32', ALLOW_TF32=True, BLOCK_K=32, BLOCK_M=64, BLOCK_N=32, EVEN_K=True, GROUP_M=8, num_stages=5, num_warps=8
  triton_mm_12994 0.0388 ms 98.7% ACC_TYPE='tl.float32', ALLOW_TF32=True, BLOCK_K=32, BLOCK_M=64, BLOCK_N=64, EVEN_K=True, GROUP_M=8, num_stages=4, num_warps=8
  triton_mm_12982 0.0390 ms 98.4% ACC_TYPE='tl.float32', ALLOW_TF32=True, BLOCK_K=32, BLOCK_M=32, BLOCK_N=64, EVEN_K=True, GROUP_M=8, num_stages=5, num_warps=8
  triton_mm_12988 0.0390 ms 98.4% ACC_TYPE='tl.float32', ALLOW_TF32=True, BLOCK_K=128, BLOCK_M=64, BLOCK_N=64, EVEN_K=True, GROUP_M=8, num_stages=5, num_warps=4
  triton_mm_12991 0.0391 ms 98.0% ACC_TYPE='tl.float32', ALLOW_TF32=True, BLOCK_K=64, BLOCK_M=64, BLOCK_N=128, EVEN_K=True, GROUP_M=8, num_stages=3, num_warps=4
SingleProcess AUTOTUNE benchmarking takes 0.4873 seconds and 0.0003 seconds precompiling for 18 choices
AUTOTUNE bmm(40x10x256, 40x256x978)
  triton_bmm_13012 0.0437 ms 100.0% ACC_TYPE='tl.float32', ALLOW_TF32=True, BLOCK_K=32, BLOCK_M=16, BLOCK_N=128, EVEN_K=True, GROUP_M=8, num_stages=2, num_warps=8
  triton_bmm_13006 0.0445 ms 98.3% ACC_TYPE='tl.float32', ALLOW_TF32=True, BLOCK_K=32, BLOCK_M=16, BLOCK_N=128, EVEN_K=True, GROUP_M=8, num_stages=3, num_warps=4
  triton_bmm_13007 0.0448 ms 97.6% ACC_TYPE='tl.float32', ALLOW_TF32=True, BLOCK_K=32, BLOCK_M=16, BLOCK_N=128, EVEN_K=True, GROUP_M=8, num_stages=4, num_warps=8
  triton_bmm_13008 0.0452 ms 96.7% ACC_TYPE='tl.float32', ALLOW_TF32=True, BLOCK_K=64, BLOCK_M=16, BLOCK_N=128, EVEN_K=True, GROUP_M=8, num_stages=3, num_warps=4
  triton_bmm_13003 0.0453 ms 96.5% ACC_TYPE='tl.float32', ALLOW_TF32=True, BLOCK_K=32, BLOCK_M=16, BLOCK_N=64, EVEN_K=True, GROUP_M=8, num_stages=2, num_warps=4
  triton_bmm_13010 0.0453 ms 96.4% ACC_TYPE='tl.float32', ALLOW_TF32=True, BLOCK_K=32, BLOCK_M=16, BLOCK_N=64, EVEN_K=True, GROUP_M=8, num_stages=3, num_warps=4
  triton_bmm_13011 0.0458 ms 95.5% ACC_TYPE='tl.float32', ALLOW_TF32=True, BLOCK_K=32, BLOCK_M=16, BLOCK_N=64, EVEN_K=True, GROUP_M=8, num_stages=4, num_warps=4
  triton_bmm_13004 0.0459 ms 95.2% ACC_TYPE='tl.float32', ALLOW_TF32=True, BLOCK_K=64, BLOCK_M=16, BLOCK_N=64, EVEN_K=True, GROUP_M=8, num_stages=3, num_warps=4
  triton_bmm_13002 0.0469 ms 93.1% ACC_TYPE='tl.float32', ALLOW_TF32=True, BLOCK_K=16, BLOCK_M=16, BLOCK_N=64, EVEN_K=True, GROUP_M=8, num_stages=2, num_warps=4
  triton_bmm_12999 0.0474 ms 92.2% ACC_TYPE='tl.float32', ALLOW_TF32=True, BLOCK_K=32, BLOCK_M=16, BLOCK_N=64, EVEN_K=True, GROUP_M=8, num_stages=5, num_warps=4
SingleProcess AUTOTUNE benchmarking takes 0.4900 seconds and 0.0002 seconds precompiling for 18 choices
AUTOTUNE bmm(40x10x978, 40x978x256)
  triton_bmm_13033 0.0408 ms 100.0% ACC_TYPE='tl.float32', ALLOW_TF32=True, BLOCK_K=32, BLOCK_M=16, BLOCK_N=64, EVEN_K=False, GROUP_M=8, num_stages=5, num_warps=4
  triton_bmm_13047 0.0409 ms 99.7% ACC_TYPE='tl.float32', ALLOW_TF32=True, BLOCK_K=64, BLOCK_M=16, BLOCK_N=128, EVEN_K=False, GROUP_M=8, num_stages=5, num_warps=8
  triton_bmm_13038 0.0412 ms 99.1% ACC_TYPE='tl.float32', ALLOW_TF32=True, BLOCK_K=64, BLOCK_M=16, BLOCK_N=64, EVEN_K=False, GROUP_M=8, num_stages=3, num_warps=4
  triton_bmm_13042 0.0413 ms 98.7% ACC_TYPE='tl.float32', ALLOW_TF32=True, BLOCK_K=64, BLOCK_M=16, BLOCK_N=128, EVEN_K=False, GROUP_M=8, num_stages=3, num_warps=4
  triton_bmm_13043 0.0413 ms 98.7% ACC_TYPE='tl.float32', ALLOW_TF32=True, BLOCK_K=128, BLOCK_M=16, BLOCK_N=128, EVEN_K=False, GROUP_M=8, num_stages=4, num_warps=4
  triton_bmm_13041 0.0417 ms 97.7% ACC_TYPE='tl.float32', ALLOW_TF32=True, BLOCK_K=32, BLOCK_M=16, BLOCK_N=128, EVEN_K=False, GROUP_M=8, num_stages=4, num_warps=8
  triton_bmm_13045 0.0421 ms 96.8% ACC_TYPE='tl.float32', ALLOW_TF32=True, BLOCK_K=32, BLOCK_M=16, BLOCK_N=64, EVEN_K=False, GROUP_M=8, num_stages=4, num_warps=4
  triton_bmm_13039 0.0428 ms 95.1% ACC_TYPE='tl.float32', ALLOW_TF32=True, BLOCK_K=128, BLOCK_M=16, BLOCK_N=64, EVEN_K=False, GROUP_M=8, num_stages=5, num_warps=4
  triton_bmm_13040 0.0438 ms 93.1% ACC_TYPE='tl.float32', ALLOW_TF32=True, BLOCK_K=32, BLOCK_M=16, BLOCK_N=128, EVEN_K=False, GROUP_M=8, num_stages=3, num_warps=4
  triton_bmm_13034 0.0442 ms 92.2% ACC_TYPE='tl.float32', ALLOW_TF32=True, BLOCK_K=32, BLOCK_M=16, BLOCK_N=32, EVEN_K=False, GROUP_M=8, num_stages=5, num_warps=2
SingleProcess AUTOTUNE benchmarking takes 0.4793 seconds and 0.0002 seconds precompiling for 18 choices
AUTOTUNE mm(50x4096, 4096x1024)
  triton_mm_13107 0.0467 ms 100.0% ACC_TYPE='tl.float32', ALLOW_TF32=True, BLOCK_K=128, BLOCK_M=64, BLOCK_N=64, EVEN_K=True, GROUP_M=8, num_stages=5, num_warps=4
  triton_mm_13103 0.0472 ms 99.1% ACC_TYPE='tl.float32', ALLOW_TF32=True, BLOCK_K=128, BLOCK_M=64, BLOCK_N=32, EVEN_K=True, GROUP_M=8, num_stages=5, num_warps=4
  triton_mm_13102 0.0535 ms 87.4% ACC_TYPE='tl.float32', ALLOW_TF32=True, BLOCK_K=32, BLOCK_M=64, BLOCK_N=32, EVEN_K=True, GROUP_M=8, num_stages=5, num_warps=8
  triton_mm_13101 0.0541 ms 86.3% ACC_TYPE='tl.float32', ALLOW_TF32=True, BLOCK_K=32, BLOCK_M=32, BLOCK_N=64, EVEN_K=True, GROUP_M=8, num_stages=5, num_warps=8
  triton_mm_13100 0.0542 ms 86.2% ACC_TYPE='tl.float32', ALLOW_TF32=True, BLOCK_K=128, BLOCK_M=32, BLOCK_N=32, EVEN_K=True, GROUP_M=8, num_stages=2, num_warps=4
  triton_mm_13106 0.0598 ms 78.2% ACC_TYPE='tl.float32', ALLOW_TF32=True, BLOCK_K=64, BLOCK_M=64, BLOCK_N=64, EVEN_K=True, GROUP_M=8, num_stages=3, num_warps=8
  triton_mm_13111 0.0608 ms 76.9% ACC_TYPE='tl.float32', ALLOW_TF32=True, BLOCK_K=128, BLOCK_M=64, BLOCK_N=128, EVEN_K=True, GROUP_M=8, num_stages=4, num_warps=4
  triton_mm_13115 0.0647 ms 72.2% ACC_TYPE='tl.float32', ALLOW_TF32=True, BLOCK_K=64, BLOCK_M=64, BLOCK_N=128, EVEN_K=True, GROUP_M=8, num_stages=5, num_warps=8
  mm 0.0648 ms 72.1% 
  triton_mm_13110 0.0652 ms 71.7% ACC_TYPE='tl.float32', ALLOW_TF32=True, BLOCK_K=64, BLOCK_M=64, BLOCK_N=128, EVEN_K=True, GROUP_M=8, num_stages=3, num_warps=4
SingleProcess AUTOTUNE benchmarking takes 0.5075 seconds and 0.0002 seconds precompiling for 18 choices
  5      1      455.1     134.5    137.8
  5      5      292.3     158.0    159.3
  5     10        0.2     187.1    188.5
  6      1      103.7     169.1    171.8
  6      5        0.2     188.5    190.8
  6     10        0.3     216.5    218.8
  7      1        0.2     194.5    198.6
  7      5        0.3     219.7    221.1
  7     10        0.3     248.2    250.4

=== fitted split: latency = prefill + steps x per_denoise ===
  B  prefill ms  ms/denoise  denoise tot  prefill/robot  denoise/robot  fit err ms
  5       128.7         5.8         58.4           25.7           11.7        0.10
  6       163.2         5.3         52.8           27.2            8.8        1.07
  7       189.0         6.0         59.6           27.0            8.5        0.88

wrote data/bench_split_compiled.json
